=== QMAKE === 
WARNING: Failure to find: build/Desktop_Qt_6_7_3_MSVC2022_64bit-Debug/ui_mainwindow.h
WARNING: Failure to find: build/Desktop_Qt_6_7_3_MSVC2022_64bit-Debug/ui_singlecalibrationwidget.h
WARNING: Failure to find: build/Desktop_Qt_6_7_3_MSVC2022_64bit-Debug/ui_singlecameracontrolwidget.h
WARNING: Failure to find: build/Desktop_Qt_6_7_3_MSVC2022_64bit-Debug/ui_singleprojectorcontrolwidget.h
WARNING: Failure to find: build/Desktop_Qt_6_7_3_MSVC2022_64bit-Release/ui_mainwindow.h
WARNING: Failure to find: build/Desktop_Qt_6_7_3_MSVC2022_64bit-Release/ui_singlecalibrationwidget.h
WARNING: Failure to find: build/Desktop_Qt_6_7_3_MSVC2022_64bit-Release/ui_singlecameracontrolwidget.h
WARNING: Failure to find: build/Desktop_Qt_6_7_3_MSVC2022_64bit-Release/ui_singleprojectorcontrolwidget.h
WARNING: Failure to find: build/Desktop_Qt_6_7_3_MSVC2022_64bit-Debug/ui_mainwindow.h
WARNING: Failure to find: build/Desktop_Qt_6_7_3_MSVC2022_64bit-Debug/ui_singlecalibrationwidget.h
WARNING: Failure to find: build/Desktop_Qt_6_7_3_MSVC2022_64bit-Debug/ui_singlecameracontrolwidget.h
WARNING: Failure to find: build/Desktop_Qt_6_7_3_MSVC2022_64bit-Debug/ui_singleprojectorcontrolwidget.h
WARNING: Failure to find: build/Desktop_Qt_6_7_3_MSVC2022_64bit-Release/ui_mainwindow.h
WARNING: Failure to find: build/Desktop_Qt_6_7_3_MSVC2022_64bit-Release/ui_singlecalibrationwidget.h
WARNING: Failure to find: build/Desktop_Qt_6_7_3_MSVC2022_64bit-Release/ui_singlecameracontrolwidget.h
WARNING: Failure to find: build/Desktop_Qt_6_7_3_MSVC2022_64bit-Release/ui_singleprojectorcontrolwidget.h
QMAKE_EXIT=0 
=== NMAKE === 

Microsoft (R) Program Maintenance Utility Version 14.44.35223.0
Copyright (C) Microsoft Corporation.  All rights reserved.

	"E:\Program Files\Microsoft Visual Studio\2022\Community\VC\Tools\MSVC\14.44.35207\bin\HostX64\x64\nmake.exe" -f Makefile.Debug

Microsoft (R) Program Maintenance Utility Version 14.44.35223.0
Copyright (C) Microsoft Corporation.  All rights reserved.

	E:\Qt\6.7.3\msvc2022_64\bin\moc.exe -DUNICODE -D_UNICODE -DWIN32 -D_ENABLE_EXTENDED_ALIGNED_STORAGE -DWIN64 -DQT_OPENGLWIDGETS_LIB -DQT_WIDGETS_LIB -DQT_OPENGL_LIB -DQT_GUI_LIB -DQT_CONCURRENT_LIB -DQT_CORE_LIB --compiler-flavor=msvc --include F:/GuanZiwei/newProject/debug/moc_predefs.h -IE:/Qt/6.7.3/msvc2022_64/mkspecs/win32-msvc -IF:/GuanZiwei/newProject -IF:/GuanZiwei/newProject -IF:/GuanZiwei/congliu/chenghao_bps/install/include -IC:/PROGRA~2/MVS/Development/Includes -IF:/GuanZiwei/PCL115~1.1/3rdParty/Eigen3/include/eigen3 -IF:/GuanZiwei/PCL115~1.1/include/pcl-1.15 -IF:/GuanZiwei/newProject/INCLUDEPATH -I"F:/GuanZiwei/newProject/+=" -IF:/GuanZiwei/PCL115~1.1/include/pcl-1.15/pcl -IF:/GuanZiwei/PCL115~1.1/3rdParty/Boost/include/boost-1_87 -IF:/GuanZiwei/PCL115~1.1/3rdParty/Eigen3/include/eigen3 -IF:/GuanZiwei/PCL115~1.1/3rdParty/FLANN/include -IF:/GuanZiwei/newProject/INCLUDEPATH -I"F:/GuanZiwei/newProject/+=" -IF:/GuanZiwei/PCL115~1.1/3rdParty/FLANN/include/flann -IF:/GuanZiwei/congliu/chenghao_bps/PCL1.12.1/3rdParty/OpenNI2/Include -IF:/GuanZiwei/PCL115~1.1/3rdParty/Qhull/include -IF:/GuanZiwei/PCL115~1.1/3rdParty/VTK/include/vtk-9.4 -IE:/Qt/6.7.3/msvc2022_64/include -IE:/Qt/6.7.3/msvc2022_64/include/QtOpenGLWidgets -IE:/Qt/6.7.3/msvc2022_64/include/QtWidgets -IE:/Qt/6.7.3/msvc2022_64/include/QtOpenGL -IE:/Qt/6.7.3/msvc2022_64/include/QtGui -IE:/Qt/6.7.3/msvc2022_64/include/QtConcurrent -IE:/Qt/6.7.3/msvc2022_64/include/QtCore -I"E:\Program Files\Microsoft Visual Studio\2022\Community\VC\Tools\MSVC\14.44.35207\include" -I"E:\Program Files\Microsoft Visual Studio\2022\Community\VC\Tools\MSVC\14.44.35207\ATLMFC\include" -I"E:\Program Files\Microsoft Visual Studio\2022\Community\VC\Auxiliary\VS\include" -I"E:\Windows Kits\10\include\10.0.26100.0\ucrt" -I"E:\Windows Kits\10\\include\10.0.26100.0\\um" -I"E:\Windows Kits\10\\include\10.0.26100.0\\shared" -I"E:\Windows Kits\10\\include\10.0.26100.0\\winrt" -I"E:\Windows Kits\10\\include\10.0.26100.0\\cppwinrt" -I"C:\Program Files (x86)\Windows Kits\NETFXSDK\4.8\include\um" gcpscalib.h -o debug\moc_gcpscalib.cpp
	E:\Qt\6.7.3\msvc2022_64\bin\moc.exe -DUNICODE -D_UNICODE -DWIN32 -D_ENABLE_EXTENDED_ALIGNED_STORAGE -DWIN64 -DQT_OPENGLWIDGETS_LIB -DQT_WIDGETS_LIB -DQT_OPENGL_LIB -DQT_GUI_LIB -DQT_CONCURRENT_LIB -DQT_CORE_LIB --compiler-flavor=msvc --include F:/GuanZiwei/newProject/debug/moc_predefs.h -IE:/Qt/6.7.3/msvc2022_64/mkspecs/win32-msvc -IF:/GuanZiwei/newProject -IF:/GuanZiwei/newProject -IF:/GuanZiwei/congliu/chenghao_bps/install/include -IC:/PROGRA~2/MVS/Development/Includes -IF:/GuanZiwei/PCL115~1.1/3rdParty/Eigen3/include/eigen3 -IF:/GuanZiwei/PCL115~1.1/include/pcl-1.15 -IF:/GuanZiwei/newProject/INCLUDEPATH -I"F:/GuanZiwei/newProject/+=" -IF:/GuanZiwei/PCL115~1.1/include/pcl-1.15/pcl -IF:/GuanZiwei/PCL115~1.1/3rdParty/Boost/include/boost-1_87 -IF:/GuanZiwei/PCL115~1.1/3rdParty/Eigen3/include/eigen3 -IF:/GuanZiwei/PCL115~1.1/3rdParty/FLANN/include -IF:/GuanZiwei/newProject/INCLUDEPATH -I"F:/GuanZiwei/newProject/+=" -IF:/GuanZiwei/PCL115~1.1/3rdParty/FLANN/include/flann -IF:/GuanZiwei/congliu/chenghao_bps/PCL1.12.1/3rdParty/OpenNI2/Include -IF:/GuanZiwei/PCL115~1.1/3rdParty/Qhull/include -IF:/GuanZiwei/PCL115~1.1/3rdParty/VTK/include/vtk-9.4 -IE:/Qt/6.7.3/msvc2022_64/include -IE:/Qt/6.7.3/msvc2022_64/include/QtOpenGLWidgets -IE:/Qt/6.7.3/msvc2022_64/include/QtWidgets -IE:/Qt/6.7.3/msvc2022_64/include/QtOpenGL -IE:/Qt/6.7.3/msvc2022_64/include/QtGui -IE:/Qt/6.7.3/msvc2022_64/include/QtConcurrent -IE:/Qt/6.7.3/msvc2022_64/include/QtCore -I"E:\Program Files\Microsoft Visual Studio\2022\Community\VC\Tools\MSVC\14.44.35207\include" -I"E:\Program Files\Microsoft Visual Studio\2022\Community\VC\Tools\MSVC\14.44.35207\ATLMFC\include" -I"E:\Program Files\Microsoft Visual Studio\2022\Community\VC\Auxiliary\VS\include" -I"E:\Windows Kits\10\include\10.0.26100.0\ucrt" -I"E:\Windows Kits\10\\include\10.0.26100.0\\um" -I"E:\Windows Kits\10\\include\10.0.26100.0\\shared" -I"E:\Windows Kits\10\\include\10.0.26100.0\\winrt" -I"E:\Windows Kits\10\\include\10.0.26100.0\\cppwinrt" -I"C:\Program Files (x86)\Windows Kits\NETFXSDK\4.8\include\um" mainwindow.h -o debug\moc_mainwindow.cpp
	E:\Qt\6.7.3\msvc2022_64\bin\moc.exe -DUNICODE -D_UNICODE -DWIN32 -D_ENABLE_EXTENDED_ALIGNED_STORAGE -DWIN64 -DQT_OPENGLWIDGETS_LIB -DQT_WIDGETS_LIB -DQT_OPENGL_LIB -DQT_GUI_LIB -DQT_CONCURRENT_LIB -DQT_CORE_LIB --compiler-flavor=msvc --include F:/GuanZiwei/newProject/debug/moc_predefs.h -IE:/Qt/6.7.3/msvc2022_64/mkspecs/win32-msvc -IF:/GuanZiwei/newProject -IF:/GuanZiwei/newProject -IF:/GuanZiwei/congliu/chenghao_bps/install/include -IC:/PROGRA~2/MVS/Development/Includes -IF:/GuanZiwei/PCL115~1.1/3rdParty/Eigen3/include/eigen3 -IF:/GuanZiwei/PCL115~1.1/include/pcl-1.15 -IF:/GuanZiwei/newProject/INCLUDEPATH -I"F:/GuanZiwei/newProject/+=" -IF:/GuanZiwei/PCL115~1.1/include/pcl-1.15/pcl -IF:/GuanZiwei/PCL115~1.1/3rdParty/Boost/include/boost-1_87 -IF:/GuanZiwei/PCL115~1.1/3rdParty/Eigen3/include/eigen3 -IF:/GuanZiwei/PCL115~1.1/3rdParty/FLANN/include -IF:/GuanZiwei/newProject/INCLUDEPATH -I"F:/GuanZiwei/newProject/+=" -IF:/GuanZiwei/PCL115~1.1/3rdParty/FLANN/include/flann -IF:/GuanZiwei/congliu/chenghao_bps/PCL1.12.1/3rdParty/OpenNI2/Include -IF:/GuanZiwei/PCL115~1.1/3rdParty/Qhull/include -IF:/GuanZiwei/PCL115~1.1/3rdParty/VTK/include/vtk-9.4 -IE:/Qt/6.7.3/msvc2022_64/include -IE:/Qt/6.7.3/msvc2022_64/include/QtOpenGLWidgets -IE:/Qt/6.7.3/msvc2022_64/include/QtWidgets -IE:/Qt/6.7.3/msvc2022_64/include/QtOpenGL -IE:/Qt/6.7.3/msvc2022_64/include/QtGui -IE:/Qt/6.7.3/msvc2022_64/include/QtConcurrent -IE:/Qt/6.7.3/msvc2022_64/include/QtCore -I"E:\Program Files\Microsoft Visual Studio\2022\Community\VC\Tools\MSVC\14.44.35207\include" -I"E:\Program Files\Microsoft Visual Studio\2022\Community\VC\Tools\MSVC\14.44.35207\ATLMFC\include" -I"E:\Program Files\Microsoft Visual Studio\2022\Community\VC\Auxiliary\VS\include" -I"E:\Windows Kits\10\include\10.0.26100.0\ucrt" -I"E:\Windows Kits\10\\include\10.0.26100.0\\um" -I"E:\Windows Kits\10\\include\10.0.26100.0\\shared" -I"E:\Windows Kits\10\\include\10.0.26100.0\\winrt" -I"E:\Windows Kits\10\\include\10.0.26100.0\\cppwinrt" -I"C:\Program Files (x86)\Windows Kits\NETFXSDK\4.8\include\um" pointcloudwidget.h -o debug\moc_pointcloudwidget.cpp
	E:\Qt\6.7.3\msvc2022_64\bin\moc.exe -DUNICODE -D_UNICODE -DWIN32 -D_ENABLE_EXTENDED_ALIGNED_STORAGE -DWIN64 -DQT_OPENGLWIDGETS_LIB -DQT_WIDGETS_LIB -DQT_OPENGL_LIB -DQT_GUI_LIB -DQT_CONCURRENT_LIB -DQT_CORE_LIB --compiler-flavor=msvc --include F:/GuanZiwei/newProject/debug/moc_predefs.h -IE:/Qt/6.7.3/msvc2022_64/mkspecs/win32-msvc -IF:/GuanZiwei/newProject -IF:/GuanZiwei/newProject -IF:/GuanZiwei/congliu/chenghao_bps/install/include -IC:/PROGRA~2/MVS/Development/Includes -IF:/GuanZiwei/PCL115~1.1/3rdParty/Eigen3/include/eigen3 -IF:/GuanZiwei/PCL115~1.1/include/pcl-1.15 -IF:/GuanZiwei/newProject/INCLUDEPATH -I"F:/GuanZiwei/newProject/+=" -IF:/GuanZiwei/PCL115~1.1/include/pcl-1.15/pcl -IF:/GuanZiwei/PCL115~1.1/3rdParty/Boost/include/boost-1_87 -IF:/GuanZiwei/PCL115~1.1/3rdParty/Eigen3/include/eigen3 -IF:/GuanZiwei/PCL115~1.1/3rdParty/FLANN/include -IF:/GuanZiwei/newProject/INCLUDEPATH -I"F:/GuanZiwei/newProject/+=" -IF:/GuanZiwei/PCL115~1.1/3rdParty/FLANN/include/flann -IF:/GuanZiwei/congliu/chenghao_bps/PCL1.12.1/3rdParty/OpenNI2/Include -IF:/GuanZiwei/PCL115~1.1/3rdParty/Qhull/include -IF:/GuanZiwei/PCL115~1.1/3rdParty/VTK/include/vtk-9.4 -IE:/Qt/6.7.3/msvc2022_64/include -IE:/Qt/6.7.3/msvc2022_64/include/QtOpenGLWidgets -IE:/Qt/6.7.3/msvc2022_64/include/QtWidgets -IE:/Qt/6.7.3/msvc2022_64/include/QtOpenGL -IE:/Qt/6.7.3/msvc2022_64/include/QtGui -IE:/Qt/6.7.3/msvc2022_64/include/QtConcurrent -IE:/Qt/6.7.3/msvc2022_64/include/QtCore -I"E:\Program Files\Microsoft Visual Studio\2022\Community\VC\Tools\MSVC\14.44.35207\include" -I"E:\Program Files\Microsoft Visual Studio\2022\Community\VC\Tools\MSVC\14.44.35207\ATLMFC\include" -I"E:\Program Files\Microsoft Visual Studio\2022\Community\VC\Auxiliary\VS\include" -I"E:\Windows Kits\10\include\10.0.26100.0\ucrt" -I"E:\Windows Kits\10\\include\10.0.26100.0\\um" -I"E:\Windows Kits\10\\include\10.0.26100.0\\shared" -I"E:\Windows Kits\10\\include\10.0.26100.0\\winrt" -I"E:\Windows Kits\10\\include\10.0.26100.0\\cppwinrt" -I"C:\Program Files (x86)\Windows Kits\NETFXSDK\4.8\include\um" reconengine.h -o debug\moc_reconengine.cpp
	E:\Qt\6.7.3\msvc2022_64\bin\moc.exe -DUNICODE -D_UNICODE -DWIN32 -D_ENABLE_EXTENDED_ALIGNED_STORAGE -DWIN64 -DQT_OPENGLWIDGETS_LIB -DQT_WIDGETS_LIB -DQT_OPENGL_LIB -DQT_GUI_LIB -DQT_CONCURRENT_LIB -DQT_CORE_LIB --compiler-flavor=msvc --include F:/GuanZiwei/newProject/debug/moc_predefs.h -IE:/Qt/6.7.3/msvc2022_64/mkspecs/win32-msvc -IF:/GuanZiwei/newProject -IF:/GuanZiwei/newProject -IF:/GuanZiwei/congliu/chenghao_bps/install/include -IC:/PROGRA~2/MVS/Development/Includes -IF:/GuanZiwei/PCL115~1.1/3rdParty/Eigen3/include/eigen3 -IF:/GuanZiwei/PCL115~1.1/include/pcl-1.15 -IF:/GuanZiwei/newProject/INCLUDEPATH -I"F:/GuanZiwei/newProject/+=" -IF:/GuanZiwei/PCL115~1.1/include/pcl-1.15/pcl -IF:/GuanZiwei/PCL115~1.1/3rdParty/Boost/include/boost-1_87 -IF:/GuanZiwei/PCL115~1.1/3rdParty/Eigen3/include/eigen3 -IF:/GuanZiwei/PCL115~1.1/3rdParty/FLANN/include -IF:/GuanZiwei/newProject/INCLUDEPATH -I"F:/GuanZiwei/newProject/+=" -IF:/GuanZiwei/PCL115~1.1/3rdParty/FLANN/include/flann -IF:/GuanZiwei/congliu/chenghao_bps/PCL1.12.1/3rdParty/OpenNI2/Include -IF:/GuanZiwei/PCL115~1.1/3rdParty/Qhull/include -IF:/GuanZiwei/PCL115~1.1/3rdParty/VTK/include/vtk-9.4 -IE:/Qt/6.7.3/msvc2022_64/include -IE:/Qt/6.7.3/msvc2022_64/include/QtOpenGLWidgets -IE:/Qt/6.7.3/msvc2022_64/include/QtWidgets -IE:/Qt/6.7.3/msvc2022_64/include/QtOpenGL -IE:/Qt/6.7.3/msvc2022_64/include/QtGui -IE:/Qt/6.7.3/msvc2022_64/include/QtConcurrent -IE:/Qt/6.7.3/msvc2022_64/include/QtCore -I"E:\Program Files\Microsoft Visual Studio\2022\Community\VC\Tools\MSVC\14.44.35207\include" -I"E:\Program Files\Microsoft Visual Studio\2022\Community\VC\Tools\MSVC\14.44.35207\ATLMFC\include" -I"E:\Program Files\Microsoft Visual Studio\2022\Community\VC\Auxiliary\VS\include" -I"E:\Windows Kits\10\include\10.0.26100.0\ucrt" -I"E:\Windows Kits\10\\include\10.0.26100.0\\um" -I"E:\Windows Kits\10\\include\10.0.26100.0\\shared" -I"E:\Windows Kits\10\\include\10.0.26100.0\\winrt" -I"E:\Windows Kits\10\\include\10.0.26100.0\\cppwinrt" -I"C:\Program Files (x86)\Windows Kits\NETFXSDK\4.8\include\um" reconworker.h -o debug\moc_reconworker.cpp
	E:\Qt\6.7.3\msvc2022_64\bin\moc.exe -DUNICODE -D_UNICODE -DWIN32 -D_ENABLE_EXTENDED_ALIGNED_STORAGE -DWIN64 -DQT_OPENGLWIDGETS_LIB -DQT_WIDGETS_LIB -DQT_OPENGL_LIB -DQT_GUI_LIB -DQT_CONCURRENT_LIB -DQT_CORE_LIB --compiler-flavor=msvc --include F:/GuanZiwei/newProject/debug/moc_predefs.h -IE:/Qt/6.7.3/msvc2022_64/mkspecs/win32-msvc -IF:/GuanZiwei/newProject -IF:/GuanZiwei/newProject -IF:/GuanZiwei/congliu/chenghao_bps/install/include -IC:/PROGRA~2/MVS/Development/Includes -IF:/GuanZiwei/PCL115~1.1/3rdParty/Eigen3/include/eigen3 -IF:/GuanZiwei/PCL115~1.1/include/pcl-1.15 -IF:/GuanZiwei/newProject/INCLUDEPATH -I"F:/GuanZiwei/newProject/+=" -IF:/GuanZiwei/PCL115~1.1/include/pcl-1.15/pcl -IF:/GuanZiwei/PCL115~1.1/3rdParty/Boost/include/boost-1_87 -IF:/GuanZiwei/PCL115~1.1/3rdParty/Eigen3/include/eigen3 -IF:/GuanZiwei/PCL115~1.1/3rdParty/FLANN/include -IF:/GuanZiwei/newProject/INCLUDEPATH -I"F:/GuanZiwei/newProject/+=" -IF:/GuanZiwei/PCL115~1.1/3rdParty/FLANN/include/flann -IF:/GuanZiwei/congliu/chenghao_bps/PCL1.12.1/3rdParty/OpenNI2/Include -IF:/GuanZiwei/PCL115~1.1/3rdParty/Qhull/include -IF:/GuanZiwei/PCL115~1.1/3rdParty/VTK/include/vtk-9.4 -IE:/Qt/6.7.3/msvc2022_64/include -IE:/Qt/6.7.3/msvc2022_64/include/QtOpenGLWidgets -IE:/Qt/6.7.3/msvc2022_64/include/QtWidgets -IE:/Qt/6.7.3/msvc2022_64/include/QtOpenGL -IE:/Qt/6.7.3/msvc2022_64/include/QtGui -IE:/Qt/6.7.3/msvc2022_64/include/QtConcurrent -IE:/Qt/6.7.3/msvc2022_64/include/QtCore -I"E:\Program Files\Microsoft Visual Studio\2022\Community\VC\Tools\MSVC\14.44.35207\include" -I"E:\Program Files\Microsoft Visual Studio\2022\Community\VC\Tools\MSVC\14.44.35207\ATLMFC\include" -I"E:\Program Files\Microsoft Visual Studio\2022\Community\VC\Auxiliary\VS\include" -I"E:\Windows Kits\10\include\10.0.26100.0\ucrt" -I"E:\Windows Kits\10\\include\10.0.26100.0\\um" -I"E:\Windows Kits\10\\include\10.0.26100.0\\shared" -I"E:\Windows Kits\10\\include\10.0.26100.0\\winrt" -I"E:\Windows Kits\10\\include\10.0.26100.0\\cppwinrt" -I"C:\Program Files (x86)\Windows Kits\NETFXSDK\4.8\include\um" singlecalibrationwidget.h -o debug\moc_singlecalibrationwidget.cpp
	E:\Qt\6.7.3\msvc2022_64\bin\moc.exe -DUNICODE -D_UNICODE -DWIN32 -D_ENABLE_EXTENDED_ALIGNED_STORAGE -DWIN64 -DQT_OPENGLWIDGETS_LIB -DQT_WIDGETS_LIB -DQT_OPENGL_LIB -DQT_GUI_LIB -DQT_CONCURRENT_LIB -DQT_CORE_LIB --compiler-flavor=msvc --include F:/GuanZiwei/newProject/debug/moc_predefs.h -IE:/Qt/6.7.3/msvc2022_64/mkspecs/win32-msvc -IF:/GuanZiwei/newProject -IF:/GuanZiwei/newProject -IF:/GuanZiwei/congliu/chenghao_bps/install/include -IC:/PROGRA~2/MVS/Development/Includes -IF:/GuanZiwei/PCL115~1.1/3rdParty/Eigen3/include/eigen3 -IF:/GuanZiwei/PCL115~1.1/include/pcl-1.15 -IF:/GuanZiwei/newProject/INCLUDEPATH -I"F:/GuanZiwei/newProject/+=" -IF:/GuanZiwei/PCL115~1.1/include/pcl-1.15/pcl -IF:/GuanZiwei/PCL115~1.1/3rdParty/Boost/include/boost-1_87 -IF:/GuanZiwei/PCL115~1.1/3rdParty/Eigen3/include/eigen3 -IF:/GuanZiwei/PCL115~1.1/3rdParty/FLANN/include -IF:/GuanZiwei/newProject/INCLUDEPATH -I"F:/GuanZiwei/newProject/+=" -IF:/GuanZiwei/PCL115~1.1/3rdParty/FLANN/include/flann -IF:/GuanZiwei/congliu/chenghao_bps/PCL1.12.1/3rdParty/OpenNI2/Include -IF:/GuanZiwei/PCL115~1.1/3rdParty/Qhull/include -IF:/GuanZiwei/PCL115~1.1/3rdParty/VTK/include/vtk-9.4 -IE:/Qt/6.7.3/msvc2022_64/include -IE:/Qt/6.7.3/msvc2022_64/include/QtOpenGLWidgets -IE:/Qt/6.7.3/msvc2022_64/include/QtWidgets -IE:/Qt/6.7.3/msvc2022_64/include/QtOpenGL -IE:/Qt/6.7.3/msvc2022_64/include/QtGui -IE:/Qt/6.7.3/msvc2022_64/include/QtConcurrent -IE:/Qt/6.7.3/msvc2022_64/include/QtCore -I"E:\Program Files\Microsoft Visual Studio\2022\Community\VC\Tools\MSVC\14.44.35207\include" -I"E:\Program Files\Microsoft Visual Studio\2022\Community\VC\Tools\MSVC\14.44.35207\ATLMFC\include" -I"E:\Program Files\Microsoft Visual Studio\2022\Community\VC\Auxiliary\VS\include" -I"E:\Windows Kits\10\include\10.0.26100.0\ucrt" -I"E:\Windows Kits\10\\include\10.0.26100.0\\um" -I"E:\Windows Kits\10\\include\10.0.26100.0\\shared" -I"E:\Windows Kits\10\\include\10.0.26100.0\\winrt" -I"E:\Windows Kits\10\\include\10.0.26100.0\\cppwinrt" -I"C:\Program Files (x86)\Windows Kits\NETFXSDK\4.8\include\um" singlecameracontrolwidget.h -o debug\moc_singlecameracontrolwidget.cpp
	E:\Qt\6.7.3\msvc2022_64\bin\moc.exe -DUNICODE -D_UNICODE -DWIN32 -D_ENABLE_EXTENDED_ALIGNED_STORAGE -DWIN64 -DQT_OPENGLWIDGETS_LIB -DQT_WIDGETS_LIB -DQT_OPENGL_LIB -DQT_GUI_LIB -DQT_CONCURRENT_LIB -DQT_CORE_LIB --compiler-flavor=msvc --include F:/GuanZiwei/newProject/debug/moc_predefs.h -IE:/Qt/6.7.3/msvc2022_64/mkspecs/win32-msvc -IF:/GuanZiwei/newProject -IF:/GuanZiwei/newProject -IF:/GuanZiwei/congliu/chenghao_bps/install/include -IC:/PROGRA~2/MVS/Development/Includes -IF:/GuanZiwei/PCL115~1.1/3rdParty/Eigen3/include/eigen3 -IF:/GuanZiwei/PCL115~1.1/include/pcl-1.15 -IF:/GuanZiwei/newProject/INCLUDEPATH -I"F:/GuanZiwei/newProject/+=" -IF:/GuanZiwei/PCL115~1.1/include/pcl-1.15/pcl -IF:/GuanZiwei/PCL115~1.1/3rdParty/Boost/include/boost-1_87 -IF:/GuanZiwei/PCL115~1.1/3rdParty/Eigen3/include/eigen3 -IF:/GuanZiwei/PCL115~1.1/3rdParty/FLANN/include -IF:/GuanZiwei/newProject/INCLUDEPATH -I"F:/GuanZiwei/newProject/+=" -IF:/GuanZiwei/PCL115~1.1/3rdParty/FLANN/include/flann -IF:/GuanZiwei/congliu/chenghao_bps/PCL1.12.1/3rdParty/OpenNI2/Include -IF:/GuanZiwei/PCL115~1.1/3rdParty/Qhull/include -IF:/GuanZiwei/PCL115~1.1/3rdParty/VTK/include/vtk-9.4 -IE:/Qt/6.7.3/msvc2022_64/include -IE:/Qt/6.7.3/msvc2022_64/include/QtOpenGLWidgets -IE:/Qt/6.7.3/msvc2022_64/include/QtWidgets -IE:/Qt/6.7.3/msvc2022_64/include/QtOpenGL -IE:/Qt/6.7.3/msvc2022_64/include/QtGui -IE:/Qt/6.7.3/msvc2022_64/include/QtConcurrent -IE:/Qt/6.7.3/msvc2022_64/include/QtCore -I"E:\Program Files\Microsoft Visual Studio\2022\Community\VC\Tools\MSVC\14.44.35207\include" -I"E:\Program Files\Microsoft Visual Studio\2022\Community\VC\Tools\MSVC\14.44.35207\ATLMFC\include" -I"E:\Program Files\Microsoft Visual Studio\2022\Community\VC\Auxiliary\VS\include" -I"E:\Windows Kits\10\include\10.0.26100.0\ucrt" -I"E:\Windows Kits\10\\include\10.0.26100.0\\um" -I"E:\Windows Kits\10\\include\10.0.26100.0\\shared" -I"E:\Windows Kits\10\\include\10.0.26100.0\\winrt" -I"E:\Windows Kits\10\\include\10.0.26100.0\\cppwinrt" -I"C:\Program Files (x86)\Windows Kits\NETFXSDK\4.8\include\um" singleprojectorcontrolwidget.h -o debug\moc_singleprojectorcontrolwidget.cpp
	E:\Qt\6.7.3\msvc2022_64\bin\moc.exe -DUNICODE -D_UNICODE -DWIN32 -D_ENABLE_EXTENDED_ALIGNED_STORAGE -DWIN64 -DQT_OPENGLWIDGETS_LIB -DQT_WIDGETS_LIB -DQT_OPENGL_LIB -DQT_GUI_LIB -DQT_CONCURRENT_LIB -DQT_CORE_LIB --compiler-flavor=msvc --include F:/GuanZiwei/newProject/debug/moc_predefs.h -IE:/Qt/6.7.3/msvc2022_64/mkspecs/win32-msvc -IF:/GuanZiwei/newProject -IF:/GuanZiwei/newProject -IF:/GuanZiwei/congliu/chenghao_bps/install/include -IC:/PROGRA~2/MVS/Development/Includes -IF:/GuanZiwei/PCL115~1.1/3rdParty/Eigen3/include/eigen3 -IF:/GuanZiwei/PCL115~1.1/include/pcl-1.15 -IF:/GuanZiwei/newProject/INCLUDEPATH -I"F:/GuanZiwei/newProject/+=" -IF:/GuanZiwei/PCL115~1.1/include/pcl-1.15/pcl -IF:/GuanZiwei/PCL115~1.1/3rdParty/Boost/include/boost-1_87 -IF:/GuanZiwei/PCL115~1.1/3rdParty/Eigen3/include/eigen3 -IF:/GuanZiwei/PCL115~1.1/3rdParty/FLANN/include -IF:/GuanZiwei/newProject/INCLUDEPATH -I"F:/GuanZiwei/newProject/+=" -IF:/GuanZiwei/PCL115~1.1/3rdParty/FLANN/include/flann -IF:/GuanZiwei/congliu/chenghao_bps/PCL1.12.1/3rdParty/OpenNI2/Include -IF:/GuanZiwei/PCL115~1.1/3rdParty/Qhull/include -IF:/GuanZiwei/PCL115~1.1/3rdParty/VTK/include/vtk-9.4 -IE:/Qt/6.7.3/msvc2022_64/include -IE:/Qt/6.7.3/msvc2022_64/include/QtOpenGLWidgets -IE:/Qt/6.7.3/msvc2022_64/include/QtWidgets -IE:/Qt/6.7.3/msvc2022_64/include/QtOpenGL -IE:/Qt/6.7.3/msvc2022_64/include/QtGui -IE:/Qt/6.7.3/msvc2022_64/include/QtConcurrent -IE:/Qt/6.7.3/msvc2022_64/include/QtCore -I"E:\Program Files\Microsoft Visual Studio\2022\Community\VC\Tools\MSVC\14.44.35207\include" -I"E:\Program Files\Microsoft Visual Studio\2022\Community\VC\Tools\MSVC\14.44.35207\ATLMFC\include" -I"E:\Program Files\Microsoft Visual Studio\2022\Community\VC\Auxiliary\VS\include" -I"E:\Windows Kits\10\include\10.0.26100.0\ucrt" -I"E:\Windows Kits\10\\include\10.0.26100.0\\um" -I"E:\Windows Kits\10\\include\10.0.26100.0\\shared" -I"E:\Windows Kits\10\\include\10.0.26100.0\\winrt" -I"E:\Windows Kits\10\\include\10.0.26100.0\\cppwinrt" -I"C:\Program Files (x86)\Windows Kits\NETFXSDK\4.8\include\um" singlereconstructwidget.h -o debug\moc_singlereconstructwidget.cpp
	E:\Qt\6.7.3\msvc2022_64\bin\moc.exe -DUNICODE -D_UNICODE -DWIN32 -D_ENABLE_EXTENDED_ALIGNED_STORAGE -DWIN64 -DQT_OPENGLWIDGETS_LIB -DQT_WIDGETS_LIB -DQT_OPENGL_LIB -DQT_GUI_LIB -DQT_CONCURRENT_LIB -DQT_CORE_LIB --compiler-flavor=msvc --include F:/GuanZiwei/newProject/debug/moc_predefs.h -IE:/Qt/6.7.3/msvc2022_64/mkspecs/win32-msvc -IF:/GuanZiwei/newProject -IF:/GuanZiwei/newProject -IF:/GuanZiwei/congliu/chenghao_bps/install/include -IC:/PROGRA~2/MVS/Development/Includes -IF:/GuanZiwei/PCL115~1.1/3rdParty/Eigen3/include/eigen3 -IF:/GuanZiwei/PCL115~1.1/include/pcl-1.15 -IF:/GuanZiwei/newProject/INCLUDEPATH -I"F:/GuanZiwei/newProject/+=" -IF:/GuanZiwei/PCL115~1.1/include/pcl-1.15/pcl -IF:/GuanZiwei/PCL115~1.1/3rdParty/Boost/include/boost-1_87 -IF:/GuanZiwei/PCL115~1.1/3rdParty/Eigen3/include/eigen3 -IF:/GuanZiwei/PCL115~1.1/3rdParty/FLANN/include -IF:/GuanZiwei/newProject/INCLUDEPATH -I"F:/GuanZiwei/newProject/+=" -IF:/GuanZiwei/PCL115~1.1/3rdParty/FLANN/include/flann -IF:/GuanZiwei/congliu/chenghao_bps/PCL1.12.1/3rdParty/OpenNI2/Include -IF:/GuanZiwei/PCL115~1.1/3rdParty/Qhull/include -IF:/GuanZiwei/PCL115~1.1/3rdParty/VTK/include/vtk-9.4 -IE:/Qt/6.7.3/msvc2022_64/include -IE:/Qt/6.7.3/msvc2022_64/include/QtOpenGLWidgets -IE:/Qt/6.7.3/msvc2022_64/include/QtWidgets -IE:/Qt/6.7.3/msvc2022_64/include/QtOpenGL -IE:/Qt/6.7.3/msvc2022_64/include/QtGui -IE:/Qt/6.7.3/msvc2022_64/include/QtConcurrent -IE:/Qt/6.7.3/msvc2022_64/include/QtCore -I"E:\Program Files\Microsoft Visual Studio\2022\Community\VC\Tools\MSVC\14.44.35207\include" -I"E:\Program Files\Microsoft Visual Studio\2022\Community\VC\Tools\MSVC\14.44.35207\ATLMFC\include" -I"E:\Program Files\Microsoft Visual Studio\2022\Community\VC\Auxiliary\VS\include" -I"E:\Windows Kits\10\include\10.0.26100.0\ucrt" -I"E:\Windows Kits\10\\include\10.0.26100.0\\um" -I"E:\Windows Kits\10\\include\10.0.26100.0\\shared" -I"E:\Windows Kits\10\\include\10.0.26100.0\\winrt" -I"E:\Windows Kits\10\\include\10.0.26100.0\\cppwinrt" -I"C:\Program Files (x86)\Windows Kits\NETFXSDK\4.8\include\um" structuredlightdecoder.h -o debug\moc_structuredlightdecoder.cpp
	cl -c -nologo -Zc:wchar_t -FS -Zc:rvalueCast -Zc:inline -Zc:strictStrings -Zc:throwingNew -permissive- -Zc:__cplusplus -Zc:externConstexpr /arch:AVX -Zi -MDd -std:c++17 -utf-8 -W3 -w34100 -w34189 -w44996 -w44456 -w44457 -w44458 -wd4577 -wd4467 -EHsc /Fddebug\SLCalibration.vc.pdb -DUNICODE -D_UNICODE -DWIN32 -D_ENABLE_EXTENDED_ALIGNED_STORAGE -DWIN64 -DQT_OPENGLWIDGETS_LIB -DQT_WIDGETS_LIB -DQT_OPENGL_LIB -DQT_GUI_LIB -DQT_CONCURRENT_LIB -DQT_CORE_LIB -I. -I. -I..\congliu\chenghao_bps\install\include -IC:\PROGRA~2\MVS\Development\Includes -I..\PCL115~1.1\3rdParty\Eigen3\include\eigen3 -I..\PCL115~1.1\include\pcl-1.15 -IINCLUDEPATH -I+= -I..\PCL115~1.1\include\pcl-1.15\pcl -I..\PCL115~1.1\3rdParty\Boost\include\boost-1_87 -I..\PCL115~1.1\3rdParty\Eigen3\include\eigen3 -I..\PCL115~1.1\3rdParty\FLANN\include -IINCLUDEPATH -I+= -I..\PCL115~1.1\3rdParty\FLANN\include\flann -I..\congliu\chenghao_bps\PCL1.12.1\3rdParty\OpenNI2\Include -I..\PCL115~1.1\3rdParty\Qhull\include -I..\PCL115~1.1\3rdParty\VTK\include\vtk-9.4 -IE:\Qt\6.7.3\msvc2022_64\include -IE:\Qt\6.7.3\msvc2022_64\include\QtOpenGLWidgets -IE:\Qt\6.7.3\msvc2022_64\include\QtWidgets -IE:\Qt\6.7.3\msvc2022_64\include\QtOpenGL -IE:\Qt\6.7.3\msvc2022_64\include\QtGui -IE:\Qt\6.7.3\msvc2022_64\include\QtConcurrent -IE:\Qt\6.7.3\msvc2022_64\include\QtCore -Idebug -I. -I/include -IE:\Qt\6.7.3\msvc2022_64\mkspecs\win32-msvc -Fodebug\ @C:\Users\ffshi\AppData\Local\Temp\nmBB7D.tmp
gcpscalib.cpp
.\gcpscalib.cpp(55): warning C4267: 'initializing': conversion from 'size_t' to 'int', possible loss of data
main.cpp
F:\GuanZiwei\newProject\Projector\dlpc350_usb.h(1): warning C4828: The file contains a character starting at offset 0x7c0 that is illegal in the current source character set (codepage 65001).
F:\GuanZiwei\newProject\Projector\dlpc350_usb.h(1): warning C4828: The file contains a character starting at offset 0x7c1 that is illegal in the current source character set (codepage 65001).
F:\GuanZiwei\newProject\Projector\dlpc350_usb.h(1): warning C4828: The file contains a character starting at offset 0x7c5 that is illegal in the current source character set (codepage 65001).
F:\GuanZiwei\newProject\Projector\dlpc350_usb.h(1): warning C4828: The file contains a character starting at offset 0x7c6 that is illegal in the current source character set (codepage 65001).
F:\GuanZiwei\newProject\Projector\dlpc350_usb.h(1): warning C4828: The file contains a character starting at offset 0x7c8 that is illegal in the current source character set (codepage 65001).
F:\GuanZiwei\newProject\Projector\dlpc350_usb.h(1): warning C4828: The file contains a character starting at offset 0x7ca that is illegal in the current source character set (codepage 65001).
F:\GuanZiwei\newProject\Projector\dlpc350_usb.h(1): warning C4828: The file contains a character starting at offset 0x7cb that is illegal in the current source character set (codepage 65001).
F:\GuanZiwei\newProject\Projector\dlpc350_usb.h(1): warning C4828: The file contains a character starting at offset 0x814 that is illegal in the current source character set (codepage 65001).
F:\GuanZiwei\newProject\Projector\dlpc350_usb.h(1): warning C4828: The file contains a character starting at offset 0x815 that is illegal in the current source character set (codepage 65001).
F:\GuanZiwei\newProject\Projector\dlpc350_usb.h(1): warning C4828: The file contains a character starting at offset 0x819 that is illegal in the current source character set (codepage 65001).
F:\GuanZiwei\newProject\Projector\dlpc350_usb.h(1): warning C4828: The file contains a character starting at offset 0x81b that is illegal in the current source character set (codepage 65001).
F:\GuanZiwei\newProject\Projector\dlpc350_usb.h(1): warning C4828: The file contains a character starting at offset 0x81e that is illegal in the current source character set (codepage 65001).
F:\GuanZiwei\newProject\Projector\dlpc350_usb.h(1): warning C4828: The file contains a character starting at offset 0x81f that is illegal in the current source character set (codepage 65001).
F:\GuanZiwei\newProject\Projector\dlpc350_usb.h(1): warning C4828: The file contains a character starting at offset 0x831 that is illegal in the current source character set (codepage 65001).
F:\GuanZiwei\newProject\Projector\dlpc350_usb.h(1): warning C4828: The file contains a character starting at offset 0x833 that is illegal in the current source character set (codepage 65001).
F:\GuanZiwei\newProject\Projector\dlpc350_usb.h(1): warning C4828: The file contains a character starting at offset 0x835 that is illegal in the current source character set (codepage 65001).
F:\GuanZiwei\newProject\Projector\dlpc350_usb.h(1): warning C4828: The file contains a character starting at offset 0x837 that is illegal in the current source character set (codepage 65001).
F:\GuanZiwei\newProject\Projector\dlpc350_usb.h(1): warning C4828: The file contains a character starting at offset 0x838 that is illegal in the current source character set (codepage 65001).
F:\GuanZiwei\newProject\Projector\dlpc350_usb.h(1): warning C4828: The file contains a character starting at offset 0x839 that is illegal in the current source character set (codepage 65001).
F:\GuanZiwei\newProject\Projector\dlpc350_usb.h(1): warning C4828: The file contains a character starting at offset 0x83c that is illegal in the current source character set (codepage 65001).
F:\GuanZiwei\newProject\Projector\dlpc350_usb.h(1): warning C4828: The file contains a character starting at offset 0x83e that is illegal in the current source character set (codepage 65001).
F:\GuanZiwei\newProject\Projector\dlpc350_usb.h(1): warning C4828: The file contains a character starting at offset 0x841 that is illegal in the current source character set (codepage 65001).
F:\GuanZiwei\newProject\Projector\dlpc350_usb.h(1): warning C4828: The file contains a character starting at offset 0x843 that is illegal in the current source character set (codepage 65001).
F:\GuanZiwei\newProject\Projector\dlpc350_usb.h(1): warning C4828: The file contains a character starting at offset 0x844 that is illegal in the current source character set (codepage 65001).
F:\GuanZiwei\newProject\Projector\dlpc350_usb.h(1): warning C4828: The file contains a character starting at offset 0x845 that is illegal in the current source character set (codepage 65001).
F:\GuanZiwei\newProject\Projector\dlpc350_usb.h(1): warning C4828: The file contains a character starting at offset 0x846 that is illegal in the current source character set (codepage 65001).
F:\GuanZiwei\newProject\Projector\dlpc350_usb.h(1): warning C4828: The file contains a character starting at offset 0x847 that is illegal in the current source character set (codepage 65001).
F:\GuanZiwei\newProject\Projector\dlpc350_usb.h(1): warning C4828: The file contains a character starting at offset 0x848 that is illegal in the current source character set (codepage 65001).
F:\GuanZiwei\newProject\Projector\dlpc350_usb.h(1): warning C4828: The file contains a character starting at offset 0x84a that is illegal in the current source character set (codepage 65001).
F:\GuanZiwei\newProject\Projector\dlpc350_usb.h(1): warning C4828: The file contains a character starting at offset 0x84b that is illegal in the current source character set (codepage 65001).
F:\GuanZiwei\newProject\Projector\dlpc350_usb.h(1): warning C4828: The file contains a character starting at offset 0x84c that is illegal in the current source character set (codepage 65001).
F:\GuanZiwei\newProject\Projector\dlpc350_usb.h(1): warning C4828: The file contains a character starting at offset 0x853 that is illegal in the current source character set (codepage 65001).
F:\GuanZiwei\newProject\Projector\dlpc350_usb.h(1): warning C4828: The file contains a character starting at offset 0x855 that is illegal in the current source character set (codepage 65001).
F:\GuanZiwei\newProject\Projector\dlpc350_usb.h(1): warning C4828: The file contains a character starting at offset 0x856 that is illegal in the current source character set (codepage 65001).
F:\GuanZiwei\newProject\Projector\dlpc350_usb.h(1): warning C4828: The file contains a character starting at offset 0x85a that is illegal in the current source character set (codepage 65001).
F:\GuanZiwei\newProject\Projector\dlpc350_usb.h(1): warning C4828: The file contains a character starting at offset 0x85b that is illegal in the current source character set (codepage 65001).
F:\GuanZiwei\newProject\Projector\dlpc350_usb.h(1): warning C4828: The file contains a character starting at offset 0x85c that is illegal in the current source character set (codepage 65001).
F:\GuanZiwei\newProject\Projector\dlpc350_usb.h(1): warning C4828: The file contains a character starting at offset 0x85f that is illegal in the current source character set (codepage 65001).
F:\GuanZiwei\newProject\Projector\dlpc350_usb.h(1): warning C4828: The file contains a character starting at offset 0x860 that is illegal in the current source character set (codepage 65001).
F:\GuanZiwei\newProject\Projector\dlpc350_usb.h(1): warning C4828: The file contains a character starting at offset 0x861 that is illegal in the current source character set (codepage 65001).
F:\GuanZiwei\newProject\Projector\dlpc350_usb.h(1): warning C4828: The file contains a character starting at offset 0x863 that is illegal in the current source character set (codepage 65001).
F:\GuanZiwei\newProject\Projector\dlpc350_usb.h(1): warning C4828: The file contains a character starting at offset 0x865 that is illegal in the current source character set (codepage 65001).
F:\GuanZiwei\newProject\Projector\dlpc350_usb.h(1): warning C4828: The file contains a character starting at offset 0x867 that is illegal in the current source character set (codepage 65001).
F:\GuanZiwei\newProject\Projector\dlpc350_usb.h(1): warning C4828: The file contains a character starting at offset 0x868 that is illegal in the current source character set (codepage 65001).
F:\GuanZiwei\newProject\Projector\dlpc350_usb.h(1): warning C4828: The file contains a character starting at offset 0x869 that is illegal in the current source character set (codepage 65001).
F:\GuanZiwei\newProject\Projector\dlpc350_usb.h(1): warning C4828: The file contains a character starting at offset 0x86c that is illegal in the current source character set (codepage 65001).
F:\GuanZiwei\newProject\Projector\dlpc350_usb.h(1): warning C4828: The file contains a character starting at offset 0x86f that is illegal in the current source character set (codepage 65001).
F:\GuanZiwei\newProject\Projector\dlpc350_usb.h(1): warning C4828: The file contains a character starting at offset 0x870 that is illegal in the current source character set (codepage 65001).
F:\GuanZiwei\newProject\Projector\dlpc350_usb.h(1): warning C4828: The file contains a character starting at offset 0x871 that is illegal in the current source character set (codepage 65001).
F:\GuanZiwei\newProject\Projector\dlpc350_usb.h(1): warning C4828: The file contains a character starting at offset 0x872 that is illegal in the current source character set (codepage 65001).
F:\GuanZiwei\newProject\Projector\dlpc350_usb.h(1): warning C4828: The file contains a character starting at offset 0x873 that is illegal in the current source character set (codepage 65001).
F:\GuanZiwei\newProject\Projector\dlpc350_usb.h(1): warning C4828: The file contains a character starting at offset 0x874 that is illegal in the current source character set (codepage 65001).
F:\GuanZiwei\newProject\Projector\dlpc350_usb.h(1): warning C4828: The file contains a character starting at offset 0x877 that is illegal in the current source character set (codepage 65001).
F:\GuanZiwei\newProject\Projector\dlpc350_usb.h(1): warning C4828: The file contains a character starting at offset 0x878 that is illegal in the current source character set (codepage 65001).
F:\GuanZiwei\newProject\Projector\dlpc350_usb.h(1): warning C4828: The file contains a character starting at offset 0x8ae that is illegal in the current source character set (codepage 65001).
F:\GuanZiwei\newProject\Projector\dlpc350_usb.h(1): warning C4828: The file contains a character starting at offset 0x8af that is illegal in the current source character set (codepage 65001).
F:\GuanZiwei\newProject\Projector\dlpc350_usb.h(1): warning C4828: The file contains a character starting at offset 0x8b3 that is illegal in the current source character set (codepage 65001).
F:\GuanZiwei\newProject\Projector\dlpc350_usb.h(1): warning C4828: The file contains a character starting at offset 0x8bb that is illegal in the current source character set (codepage 65001).
F:\GuanZiwei\newProject\Projector\dlpc350_usb.h(1): warning C4828: The file contains a character starting at offset 0x8bc that is illegal in the current source character set (codepage 65001).
F:\GuanZiwei\newProject\Projector\dlpc350_usb.h(1): warning C4828: The file contains a character starting at offset 0x8c0 that is illegal in the current source character set (codepage 65001).
F:\GuanZiwei\newProject\Projector\dlpc350_usb.h(1): warning C4828: The file contains a character starting at offset 0x8c1 that is illegal in the current source character set (codepage 65001).
F:\GuanZiwei\newProject\Projector\dlpc350_usb.h(1): warning C4828: The file contains a character starting at offset 0x8c2 that is illegal in the current source character set (codepage 65001).
F:\GuanZiwei\newProject\Projector\dlpc350_usb.h(1): warning C4828: The file contains a character starting at offset 0x8c4 that is illegal in the current source character set (codepage 65001).
F:\GuanZiwei\newProject\Projector\dlpc350_usb.h(1): warning C4828: The file contains a character starting at offset 0x8c8 that is illegal in the current source character set (codepage 65001).
F:\GuanZiwei\newProject\Projector\dlpc350_usb.h(1): warning C4828: The file contains a character starting at offset 0x8cb that is illegal in the current source character set (codepage 65001).
F:\GuanZiwei\newProject\Projector\dlpc350_usb.h(1): warning C4828: The file contains a character starting at offset 0x8cd that is illegal in the current source character set (codepage 65001).
F:\GuanZiwei\newProject\Projector\dlpc350_usb.h(1): warning C4828: The file contains a character starting at offset 0x8cf that is illegal in the current source character set (codepage 65001).
F:\GuanZiwei\newProject\Projector\dlpc350_usb.h(1): warning C4828: The file contains a character starting at offset 0x8d0 that is illegal in the current source character set (codepage 65001).
F:\GuanZiwei\newProject\Projector\dlpc350_usb.h(1): warning C4828: The file contains a character starting at offset 0x8d1 that is illegal in the current source character set (codepage 65001).
F:\GuanZiwei\newProject\Projector\dlpc350_usb.h(1): warning C4828: The file contains a character starting at offset 0x8d4 that is illegal in the current source character set (codepage 65001).
F:\GuanZiwei\newProject\Projector\dlpc350_usb.h(1): warning C4828: The file contains a character starting at offset 0x8d5 that is illegal in the current source character set (codepage 65001).
F:\GuanZiwei\newProject\Projector\dlpc350_usb.h(1): warning C4828: The file contains a character starting at offset 0x8d7 that is illegal in the current source character set (codepage 65001).
F:\GuanZiwei\newProject\Projector\dlpc350_usb.h(1): warning C4828: The file contains a character starting at offset 0x8d8 that is illegal in the current source character set (codepage 65001).
F:\GuanZiwei\newProject\Projector\dlpc350_usb.h(1): warning C4828: The file contains a character starting at offset 0x8da that is illegal in the current source character set (codepage 65001).
F:\GuanZiwei\newProject\Projector\dlpc350_usb.h(1): warning C4828: The file contains a character starting at offset 0x8dc that is illegal in the current source character set (codepage 65001).
F:\GuanZiwei\newProject\Projector\dlpc350_usb.h(1): warning C4828: The file contains a character starting at offset 0x8dd that is illegal in the current source character set (codepage 65001).
F:\GuanZiwei\newProject\Projector\dlpc350_usb.h(1): warning C4828: The file contains a character starting at offset 0x8de that is illegal in the current source character set (codepage 65001).
F:\GuanZiwei\newProject\Projector\dlpc350_usb.h(1): warning C4828: The file contains a character starting at offset 0x8f0 that is illegal in the current source character set (codepage 65001).
F:\GuanZiwei\newProject\Projector\dlpc350_usb.h(1): warning C4828: The file contains a character starting at offset 0x8f3 that is illegal in the current source character set (codepage 65001).
F:\GuanZiwei\newProject\Projector\dlpc350_usb.h(1): warning C4828: The file contains a character starting at offset 0x8fb that is illegal in the current source character set (codepage 65001).
F:\GuanZiwei\newProject\Projector\dlpc350_usb.h(1): warning C4828: The file contains a character starting at offset 0x8fc that is illegal in the current source character set (codepage 65001).
F:\GuanZiwei\newProject\Projector\dlpc350_usb.h(1): warning C4828: The file contains a character starting at offset 0x95a that is illegal in the current source character set (codepage 65001).
F:\GuanZiwei\newProject\Projector\dlpc350_usb.h(1): warning C4828: The file contains a character starting at offset 0x95b that is illegal in the current source character set (codepage 65001).
F:\GuanZiwei\newProject\Projector\dlpc350_usb.h(1): warning C4828: The file contains a character starting at offset 0x95c that is illegal in the current source character set (codepage 65001).
F:\GuanZiwei\newProject\Projector\dlpc350_usb.h(1): warning C4828: The file contains a character starting at offset 0x95d that is illegal in the current source character set (codepage 65001).
F:\GuanZiwei\newProject\Projector\dlpc350_usb.h(1): warning C4828: The file contains a character starting at offset 0x95f that is illegal in the current source character set (codepage 65001).
F:\GuanZiwei\newProject\Projector\dlpc350_usb.h(1): warning C4828: The file contains a character starting at offset 0x963 that is illegal in the current source character set (codepage 65001).
F:\GuanZiwei\newProject\Projector\dlpc350_usb.h(1): warning C4828: The file contains a character starting at offset 0x965 that is illegal in the current source character set (codepage 65001).
F:\GuanZiwei\newProject\Projector\dlpc350_usb.h(1): warning C4828: The file contains a character starting at offset 0x966 that is illegal in the current source character set (codepage 65001).
F:\GuanZiwei\newProject\Projector\dlpc350_usb.h(1): warning C4828: The file contains a character starting at offset 0x968 that is illegal in the current source character set (codepage 65001).
F:\GuanZiwei\newProject\Projector\dlpc350_usb.h(1): warning C4828: The file contains a character starting at offset 0x969 that is illegal in the current source character set (codepage 65001).
F:\GuanZiwei\newProject\Projector\dlpc350_usb.h(1): warning C4828: The file contains a character starting at offset 0x96e that is illegal in the current source character set (codepage 65001).
F:\GuanZiwei\newProject\Projector\dlpc350_usb.h(1): warning C4828: The file contains a character starting at offset 0x96f that is illegal in the current source character set (codepage 65001).
F:\GuanZiwei\newProject\Projector\dlpc350_usb.h(1): warning C4828: The file contains a character starting at offset 0x971 that is illegal in the current source character set (codepage 65001).
F:\GuanZiwei\newProject\Projector\dlpc350_usb.h(1): warning C4828: The file contains a character starting at offset 0x980 that is illegal in the current source character set (codepage 65001).
F:\GuanZiwei\newProject\Projector\dlpc350_usb.h(1): warning C4828: The file contains a character starting at offset 0x982 that is illegal in the current source character set (codepage 65001).
F:\GuanZiwei\newProject\Projector\dlpc350_usb.h(1): warning C4828: The file contains a character starting at offset 0x987 that is illegal in the current source character set (codepage 65001).
F:\GuanZiwei\newProject\Projector\dlpc350_usb.h(1): warning C4828: The file contains a character starting at offset 0x98b that is illegal in the current source character set (codepage 65001).
F:\GuanZiwei\newProject\Projector\dlpc350_usb.h(1): warning C4828: The file contains a character starting at offset 0x998 that is illegal in the current source character set (codepage 65001).
F:\GuanZiwei\newProject\Projector\dlpc350_usb.h(1): warning C4828: The file contains a character starting at offset 0x999 that is illegal in the current source character set (codepage 65001).
F:\GuanZiwei\newProject\Projector\dlpc350_usb.h(1): warning C4828: The file contains a character starting at offset 0x99a that is illegal in the current source character set (codepage 65001).
F:\GuanZiwei\newProject\Projector\dlpc350_usb.h(1): warning C4828: The file contains a character starting at offset 0x99e that is illegal in the current source character set (codepage 65001).
F:\GuanZiwei\newProject\Projector\dlpc350_usb.h(1): warning C4828: The file contains a character starting at offset 0x99f that is illegal in the current source character set (codepage 65001).
F:\GuanZiwei\newProject\Projector\dlpc350_usb.h(1): warning C4828: The file contains a character starting at offset 0x9a0 that is illegal in the current source character set (codepage 65001).
F:\GuanZiwei\newProject\Projector\dlpc350_usb.h(1): warning C4828: The file contains a character starting at offset 0x9a4 that is illegal in the current source character set (codepage 65001).
F:\GuanZiwei\newProject\Projector\dlpc350_usb.h(1): warning C4828: The file contains a character starting at offset 0x9a6 that is illegal in the current source character set (codepage 65001).
F:\GuanZiwei\newProject\Projector\dlpc350_usb.h(1): warning C4828: The file contains a character starting at offset 0x9a7 that is illegal in the current source character set (codepage 65001).
F:\GuanZiwei\newProject\Projector\dlpc350_usb.h(1): warning C4828: The file contains a character starting at offset 0x9b8 that is illegal in the current source character set (codepage 65001).
F:\GuanZiwei\newProject\Projector\dlpc350_usb.h(1): warning C4828: The file contains a character starting at offset 0x9bb that is illegal in the current source character set (codepage 65001).
F:\GuanZiwei\newProject\Projector\dlpc350_usb.h(1): warning C4828: The file contains a character starting at offset 0x9c1 that is illegal in the current source character set (codepage 65001).
F:\GuanZiwei\newProject\Projector\dlpc350_usb.h(1): warning C4828: The file contains a character starting at offset 0x9c3 that is illegal in the current source character set (codepage 65001).
F:\GuanZiwei\newProject\Projector\dlpc350_usb.h(1): warning C4828: The file contains a character starting at offset 0x9c4 that is illegal in the current source character set (codepage 65001).
F:\GuanZiwei\newProject\Projector\dlpc350_usb.h(1): warning C4828: The file contains a character starting at offset 0x9c5 that is illegal in the current source character set (codepage 65001).
F:\GuanZiwei\newProject\Projector\dlpc350_usb.h(1): warning C4828: The file contains a character starting at offset 0x9c6 that is illegal in the current source character set (codepage 65001).
F:\GuanZiwei\newProject\Projector\dlpc350_usb.h(1): warning C4828: The file contains a character starting at offset 0xa0f that is illegal in the current source character set (codepage 65001).
F:\GuanZiwei\newProject\Projector\dlpc350_usb.h(1): warning C4828: The file contains a character starting at offset 0xa10 that is illegal in the current source character set (codepage 65001).
F:\GuanZiwei\newProject\Projector\dlpc350_usb.h(1): warning C4828: The file contains a character starting at offset 0xa13 that is illegal in the current source character set (codepage 65001).
F:\GuanZiwei\newProject\Projector\dlpc350_usb.h(1): warning C4828: The file contains a character starting at offset 0xa14 that is illegal in the current source character set (codepage 65001).
F:\GuanZiwei\newProject\Projector\dlpc350_usb.h(1): warning C4828: The file contains a character starting at offset 0xa17 that is illegal in the current source character set (codepage 65001).
F:\GuanZiwei\newProject\Projector\dlpc350_usb.h(1): warning C4828: The file contains a character starting at offset 0xa1a that is illegal in the current source character set (codepage 65001).
F:\GuanZiwei\newProject\Projector\dlpc350_usb.h(1): warning C4828: The file contains a character starting at offset 0xa1d that is illegal in the current source character set (codepage 65001).
F:\GuanZiwei\newProject\Projector\dlpc350_usb.h(1): warning C4828: The file contains a character starting at offset 0xa1e that is illegal in the current source character set (codepage 65001).
F:\GuanZiwei\newProject\Projector\dlpc350_usb.h(1): warning C4828: The file contains a character starting at offset 0xa20 that is illegal in the current source character set (codepage 65001).
F:\GuanZiwei\newProject\Projector\dlpc350_usb.h(1): warning C4828: The file contains a character starting at offset 0xa24 that is illegal in the current source character set (codepage 65001).
F:\GuanZiwei\newProject\Projector\dlpc350_usb.h(1): warning C4828: The file contains a character starting at offset 0xa27 that is illegal in the current source character set (codepage 65001).
F:\GuanZiwei\newProject\Projector\dlpc350_usb.h(1): warning C4828: The file contains a character starting at offset 0xa29 that is illegal in the current source character set (codepage 65001).
F:\GuanZiwei\newProject\Projector\dlpc350_usb.h(1): warning C4828: The file contains a character starting at offset 0xa2a that is illegal in the current source character set (codepage 65001).
F:\GuanZiwei\newProject\Projector\dlpc350_usb.h(1): warning C4828: The file contains a character starting at offset 0xaab that is illegal in the current source character set (codepage 65001).
F:\GuanZiwei\newProject\Projector\dlpc350_usb.h(1): warning C4828: The file contains a character starting at offset 0xaad that is illegal in the current source character set (codepage 65001).
F:\GuanZiwei\newProject\Projector\dlpc350_usb.h(1): warning C4828: The file contains a character starting at offset 0xaaf that is illegal in the current source character set (codepage 65001).
F:\GuanZiwei\newProject\Projector\dlpc350_usb.h(1): warning C4828: The file contains a character starting at offset 0xab0 that is illegal in the current source character set (codepage 65001).
F:\GuanZiwei\newProject\Projector\dlpc350_usb.h(1): warning C4828: The file contains a character starting at offset 0xab1 that is illegal in the current source character set (codepage 65001).
F:\GuanZiwei\newProject\Projector\dlpc350_usb.h(1): warning C4828: The file contains a character starting at offset 0xab6 that is illegal in the current source character set (codepage 65001).
F:\GuanZiwei\newProject\Projector\dlpc350_usb.h(1): warning C4828: The file contains a character starting at offset 0xabb that is illegal in the current source character set (codepage 65001).
F:\GuanZiwei\newProject\Projector\dlpc350_usb.h(1): warning C4828: The file contains a character starting at offset 0xabd that is illegal in the current source character set (codepage 65001).
F:\GuanZiwei\newProject\Projector\dlpc350_usb.h(1): warning C4828: The file contains a character starting at offset 0xabe that is illegal in the current source character set (codepage 65001).
mainwindow.cpp
F:\GuanZiwei\newProject\Projector\dlpc350_usb.h(1): warning C4828: The file contains a character starting at offset 0x7c0 that is illegal in the current source character set (codepage 65001).
F:\GuanZiwei\newProject\Projector\dlpc350_usb.h(1): warning C4828: The file contains a character starting at offset 0x7c1 that is illegal in the current source character set (codepage 65001).
F:\GuanZiwei\newProject\Projector\dlpc350_usb.h(1): warning C4828: The file contains a character starting at offset 0x7c5 that is illegal in the current source character set (codepage 65001).
F:\GuanZiwei\newProject\Projector\dlpc350_usb.h(1): warning C4828: The file contains a character starting at offset 0x7c6 that is illegal in the current source character set (codepage 65001).
F:\GuanZiwei\newProject\Projector\dlpc350_usb.h(1): warning C4828: The file contains a character starting at offset 0x7c8 that is illegal in the current source character set (codepage 65001).
F:\GuanZiwei\newProject\Projector\dlpc350_usb.h(1): warning C4828: The file contains a character starting at offset 0x7ca that is illegal in the current source character set (codepage 65001).
F:\GuanZiwei\newProject\Projector\dlpc350_usb.h(1): warning C4828: The file contains a character starting at offset 0x7cb that is illegal in the current source character set (codepage 65001).
F:\GuanZiwei\newProject\Projector\dlpc350_usb.h(1): warning C4828: The file contains a character starting at offset 0x814 that is illegal in the current source character set (codepage 65001).
F:\GuanZiwei\newProject\Projector\dlpc350_usb.h(1): warning C4828: The file contains a character starting at offset 0x815 that is illegal in the current source character set (codepage 65001).
F:\GuanZiwei\newProject\Projector\dlpc350_usb.h(1): warning C4828: The file contains a character starting at offset 0x819 that is illegal in the current source character set (codepage 65001).
F:\GuanZiwei\newProject\Projector\dlpc350_usb.h(1): warning C4828: The file contains a character starting at offset 0x81b that is illegal in the current source character set (codepage 65001).
F:\GuanZiwei\newProject\Projector\dlpc350_usb.h(1): warning C4828: The file contains a character starting at offset 0x81e that is illegal in the current source character set (codepage 65001).
F:\GuanZiwei\newProject\Projector\dlpc350_usb.h(1): warning C4828: The file contains a character starting at offset 0x81f that is illegal in the current source character set (codepage 65001).
F:\GuanZiwei\newProject\Projector\dlpc350_usb.h(1): warning C4828: The file contains a character starting at offset 0x831 that is illegal in the current source character set (codepage 65001).
F:\GuanZiwei\newProject\Projector\dlpc350_usb.h(1): warning C4828: The file contains a character starting at offset 0x833 that is illegal in the current source character set (codepage 65001).
F:\GuanZiwei\newProject\Projector\dlpc350_usb.h(1): warning C4828: The file contains a character starting at offset 0x835 that is illegal in the current source character set (codepage 65001).
F:\GuanZiwei\newProject\Projector\dlpc350_usb.h(1): warning C4828: The file contains a character starting at offset 0x837 that is illegal in the current source character set (codepage 65001).
F:\GuanZiwei\newProject\Projector\dlpc350_usb.h(1): warning C4828: The file contains a character starting at offset 0x838 that is illegal in the current source character set (codepage 65001).
F:\GuanZiwei\newProject\Projector\dlpc350_usb.h(1): warning C4828: The file contains a character starting at offset 0x839 that is illegal in the current source character set (codepage 65001).
F:\GuanZiwei\newProject\Projector\dlpc350_usb.h(1): warning C4828: The file contains a character starting at offset 0x83c that is illegal in the current source character set (codepage 65001).
F:\GuanZiwei\newProject\Projector\dlpc350_usb.h(1): warning C4828: The file contains a character starting at offset 0x83e that is illegal in the current source character set (codepage 65001).
F:\GuanZiwei\newProject\Projector\dlpc350_usb.h(1): warning C4828: The file contains a character starting at offset 0x841 that is illegal in the current source character set (codepage 65001).
F:\GuanZiwei\newProject\Projector\dlpc350_usb.h(1): warning C4828: The file contains a character starting at offset 0x843 that is illegal in the current source character set (codepage 65001).
F:\GuanZiwei\newProject\Projector\dlpc350_usb.h(1): warning C4828: The file contains a character starting at offset 0x844 that is illegal in the current source character set (codepage 65001).
F:\GuanZiwei\newProject\Projector\dlpc350_usb.h(1): warning C4828: The file contains a character starting at offset 0x845 that is illegal in the current source character set (codepage 65001).
F:\GuanZiwei\newProject\Projector\dlpc350_usb.h(1): warning C4828: The file contains a character starting at offset 0x846 that is illegal in the current source character set (codepage 65001).
F:\GuanZiwei\newProject\Projector\dlpc350_usb.h(1): warning C4828: The file contains a character starting at offset 0x847 that is illegal in the current source character set (codepage 65001).
F:\GuanZiwei\newProject\Projector\dlpc350_usb.h(1): warning C4828: The file contains a character starting at offset 0x848 that is illegal in the current source character set (codepage 65001).
F:\GuanZiwei\newProject\Projector\dlpc350_usb.h(1): warning C4828: The file contains a character starting at offset 0x84a that is illegal in the current source character set (codepage 65001).
F:\GuanZiwei\newProject\Projector\dlpc350_usb.h(1): warning C4828: The file contains a character starting at offset 0x84b that is illegal in the current source character set (codepage 65001).
F:\GuanZiwei\newProject\Projector\dlpc350_usb.h(1): warning C4828: The file contains a character starting at offset 0x84c that is illegal in the current source character set (codepage 65001).
F:\GuanZiwei\newProject\Projector\dlpc350_usb.h(1): warning C4828: The file contains a character starting at offset 0x853 that is illegal in the current source character set (codepage 65001).
F:\GuanZiwei\newProject\Projector\dlpc350_usb.h(1): warning C4828: The file contains a character starting at offset 0x855 that is illegal in the current source character set (codepage 65001).
F:\GuanZiwei\newProject\Projector\dlpc350_usb.h(1): warning C4828: The file contains a character starting at offset 0x856 that is illegal in the current source character set (codepage 65001).
F:\GuanZiwei\newProject\Projector\dlpc350_usb.h(1): warning C4828: The file contains a character starting at offset 0x85a that is illegal in the current source character set (codepage 65001).
F:\GuanZiwei\newProject\Projector\dlpc350_usb.h(1): warning C4828: The file contains a character starting at offset 0x85b that is illegal in the current source character set (codepage 65001).
F:\GuanZiwei\newProject\Projector\dlpc350_usb.h(1): warning C4828: The file contains a character starting at offset 0x85c that is illegal in the current source character set (codepage 65001).
F:\GuanZiwei\newProject\Projector\dlpc350_usb.h(1): warning C4828: The file contains a character starting at offset 0x85f that is illegal in the current source character set (codepage 65001).
F:\GuanZiwei\newProject\Projector\dlpc350_usb.h(1): warning C4828: The file contains a character starting at offset 0x860 that is illegal in the current source character set (codepage 65001).
F:\GuanZiwei\newProject\Projector\dlpc350_usb.h(1): warning C4828: The file contains a character starting at offset 0x861 that is illegal in the current source character set (codepage 65001).
F:\GuanZiwei\newProject\Projector\dlpc350_usb.h(1): warning C4828: The file contains a character starting at offset 0x863 that is illegal in the current source character set (codepage 65001).
F:\GuanZiwei\newProject\Projector\dlpc350_usb.h(1): warning C4828: The file contains a character starting at offset 0x865 that is illegal in the current source character set (codepage 65001).
F:\GuanZiwei\newProject\Projector\dlpc350_usb.h(1): warning C4828: The file contains a character starting at offset 0x867 that is illegal in the current source character set (codepage 65001).
F:\GuanZiwei\newProject\Projector\dlpc350_usb.h(1): warning C4828: The file contains a character starting at offset 0x868 that is illegal in the current source character set (codepage 65001).
F:\GuanZiwei\newProject\Projector\dlpc350_usb.h(1): warning C4828: The file contains a character starting at offset 0x869 that is illegal in the current source character set (codepage 65001).
F:\GuanZiwei\newProject\Projector\dlpc350_usb.h(1): warning C4828: The file contains a character starting at offset 0x86c that is illegal in the current source character set (codepage 65001).
F:\GuanZiwei\newProject\Projector\dlpc350_usb.h(1): warning C4828: The file contains a character starting at offset 0x86f that is illegal in the current source character set (codepage 65001).
F:\GuanZiwei\newProject\Projector\dlpc350_usb.h(1): warning C4828: The file contains a character starting at offset 0x870 that is illegal in the current source character set (codepage 65001).
F:\GuanZiwei\newProject\Projector\dlpc350_usb.h(1): warning C4828: The file contains a character starting at offset 0x871 that is illegal in the current source character set (codepage 65001).
F:\GuanZiwei\newProject\Projector\dlpc350_usb.h(1): warning C4828: The file contains a character starting at offset 0x872 that is illegal in the current source character set (codepage 65001).
F:\GuanZiwei\newProject\Projector\dlpc350_usb.h(1): warning C4828: The file contains a character starting at offset 0x873 that is illegal in the current source character set (codepage 65001).
F:\GuanZiwei\newProject\Projector\dlpc350_usb.h(1): warning C4828: The file contains a character starting at offset 0x874 that is illegal in the current source character set (codepage 65001).
F:\GuanZiwei\newProject\Projector\dlpc350_usb.h(1): warning C4828: The file contains a character starting at offset 0x877 that is illegal in the current source character set (codepage 65001).
F:\GuanZiwei\newProject\Projector\dlpc350_usb.h(1): warning C4828: The file contains a character starting at offset 0x878 that is illegal in the current source character set (codepage 65001).
F:\GuanZiwei\newProject\Projector\dlpc350_usb.h(1): warning C4828: The file contains a character starting at offset 0x8ae that is illegal in the current source character set (codepage 65001).
F:\GuanZiwei\newProject\Projector\dlpc350_usb.h(1): warning C4828: The file contains a character starting at offset 0x8af that is illegal in the current source character set (codepage 65001).
F:\GuanZiwei\newProject\Projector\dlpc350_usb.h(1): warning C4828: The file contains a character starting at offset 0x8b3 that is illegal in the current source character set (codepage 65001).
F:\GuanZiwei\newProject\Projector\dlpc350_usb.h(1): warning C4828: The file contains a character starting at offset 0x8bb that is illegal in the current source character set (codepage 65001).
F:\GuanZiwei\newProject\Projector\dlpc350_usb.h(1): warning C4828: The file contains a character starting at offset 0x8bc that is illegal in the current source character set (codepage 65001).
F:\GuanZiwei\newProject\Projector\dlpc350_usb.h(1): warning C4828: The file contains a character starting at offset 0x8c0 that is illegal in the current source character set (codepage 65001).
F:\GuanZiwei\newProject\Projector\dlpc350_usb.h(1): warning C4828: The file contains a character starting at offset 0x8c1 that is illegal in the current source character set (codepage 65001).
F:\GuanZiwei\newProject\Projector\dlpc350_usb.h(1): warning C4828: The file contains a character starting at offset 0x8c2 that is illegal in the current source character set (codepage 65001).
F:\GuanZiwei\newProject\Projector\dlpc350_usb.h(1): warning C4828: The file contains a character starting at offset 0x8c4 that is illegal in the current source character set (codepage 65001).
F:\GuanZiwei\newProject\Projector\dlpc350_usb.h(1): warning C4828: The file contains a character starting at offset 0x8c8 that is illegal in the current source character set (codepage 65001).
F:\GuanZiwei\newProject\Projector\dlpc350_usb.h(1): warning C4828: The file contains a character starting at offset 0x8cb that is illegal in the current source character set (codepage 65001).
F:\GuanZiwei\newProject\Projector\dlpc350_usb.h(1): warning C4828: The file contains a character starting at offset 0x8cd that is illegal in the current source character set (codepage 65001).
F:\GuanZiwei\newProject\Projector\dlpc350_usb.h(1): warning C4828: The file contains a character starting at offset 0x8cf that is illegal in the current source character set (codepage 65001).
F:\GuanZiwei\newProject\Projector\dlpc350_usb.h(1): warning C4828: The file contains a character starting at offset 0x8d0 that is illegal in the current source character set (codepage 65001).
F:\GuanZiwei\newProject\Projector\dlpc350_usb.h(1): warning C4828: The file contains a character starting at offset 0x8d1 that is illegal in the current source character set (codepage 65001).
F:\GuanZiwei\newProject\Projector\dlpc350_usb.h(1): warning C4828: The file contains a character starting at offset 0x8d4 that is illegal in the current source character set (codepage 65001).
F:\GuanZiwei\newProject\Projector\dlpc350_usb.h(1): warning C4828: The file contains a character starting at offset 0x8d5 that is illegal in the current source character set (codepage 65001).
F:\GuanZiwei\newProject\Projector\dlpc350_usb.h(1): warning C4828: The file contains a character starting at offset 0x8d7 that is illegal in the current source character set (codepage 65001).
F:\GuanZiwei\newProject\Projector\dlpc350_usb.h(1): warning C4828: The file contains a character starting at offset 0x8d8 that is illegal in the current source character set (codepage 65001).
F:\GuanZiwei\newProject\Projector\dlpc350_usb.h(1): warning C4828: The file contains a character starting at offset 0x8da that is illegal in the current source character set (codepage 65001).
F:\GuanZiwei\newProject\Projector\dlpc350_usb.h(1): warning C4828: The file contains a character starting at offset 0x8dc that is illegal in the current source character set (codepage 65001).
F:\GuanZiwei\newProject\Projector\dlpc350_usb.h(1): warning C4828: The file contains a character starting at offset 0x8dd that is illegal in the current source character set (codepage 65001).
F:\GuanZiwei\newProject\Projector\dlpc350_usb.h(1): warning C4828: The file contains a character starting at offset 0x8de that is illegal in the current source character set (codepage 65001).
F:\GuanZiwei\newProject\Projector\dlpc350_usb.h(1): warning C4828: The file contains a character starting at offset 0x8f0 that is illegal in the current source character set (codepage 65001).
F:\GuanZiwei\newProject\Projector\dlpc350_usb.h(1): warning C4828: The file contains a character starting at offset 0x8f3 that is illegal in the current source character set (codepage 65001).
F:\GuanZiwei\newProject\Projector\dlpc350_usb.h(1): warning C4828: The file contains a character starting at offset 0x8fb that is illegal in the current source character set (codepage 65001).
F:\GuanZiwei\newProject\Projector\dlpc350_usb.h(1): warning C4828: The file contains a character starting at offset 0x8fc that is illegal in the current source character set (codepage 65001).
F:\GuanZiwei\newProject\Projector\dlpc350_usb.h(1): warning C4828: The file contains a character starting at offset 0x95a that is illegal in the current source character set (codepage 65001).
F:\GuanZiwei\newProject\Projector\dlpc350_usb.h(1): warning C4828: The file contains a character starting at offset 0x95b that is illegal in the current source character set (codepage 65001).
F:\GuanZiwei\newProject\Projector\dlpc350_usb.h(1): warning C4828: The file contains a character starting at offset 0x95c that is illegal in the current source character set (codepage 65001).
F:\GuanZiwei\newProject\Projector\dlpc350_usb.h(1): warning C4828: The file contains a character starting at offset 0x95d that is illegal in the current source character set (codepage 65001).
F:\GuanZiwei\newProject\Projector\dlpc350_usb.h(1): warning C4828: The file contains a character starting at offset 0x95f that is illegal in the current source character set (codepage 65001).
F:\GuanZiwei\newProject\Projector\dlpc350_usb.h(1): warning C4828: The file contains a character starting at offset 0x963 that is illegal in the current source character set (codepage 65001).
F:\GuanZiwei\newProject\Projector\dlpc350_usb.h(1): warning C4828: The file contains a character starting at offset 0x965 that is illegal in the current source character set (codepage 65001).
F:\GuanZiwei\newProject\Projector\dlpc350_usb.h(1): warning C4828: The file contains a character starting at offset 0x966 that is illegal in the current source character set (codepage 65001).
F:\GuanZiwei\newProject\Projector\dlpc350_usb.h(1): warning C4828: The file contains a character starting at offset 0x968 that is illegal in the current source character set (codepage 65001).
F:\GuanZiwei\newProject\Projector\dlpc350_usb.h(1): warning C4828: The file contains a character starting at offset 0x969 that is illegal in the current source character set (codepage 65001).
F:\GuanZiwei\newProject\Projector\dlpc350_usb.h(1): warning C4828: The file contains a character starting at offset 0x96e that is illegal in the current source character set (codepage 65001).
F:\GuanZiwei\newProject\Projector\dlpc350_usb.h(1): warning C4828: The file contains a character starting at offset 0x96f that is illegal in the current source character set (codepage 65001).
F:\GuanZiwei\newProject\Projector\dlpc350_usb.h(1): warning C4828: The file contains a character starting at offset 0x971 that is illegal in the current source character set (codepage 65001).
F:\GuanZiwei\newProject\Projector\dlpc350_usb.h(1): warning C4828: The file contains a character starting at offset 0x980 that is illegal in the current source character set (codepage 65001).
F:\GuanZiwei\newProject\Projector\dlpc350_usb.h(1): warning C4828: The file contains a character starting at offset 0x982 that is illegal in the current source character set (codepage 65001).
F:\GuanZiwei\newProject\Projector\dlpc350_usb.h(1): warning C4828: The file contains a character starting at offset 0x987 that is illegal in the current source character set (codepage 65001).
F:\GuanZiwei\newProject\Projector\dlpc350_usb.h(1): warning C4828: The file contains a character starting at offset 0x98b that is illegal in the current source character set (codepage 65001).
F:\GuanZiwei\newProject\Projector\dlpc350_usb.h(1): warning C4828: The file contains a character starting at offset 0x998 that is illegal in the current source character set (codepage 65001).
F:\GuanZiwei\newProject\Projector\dlpc350_usb.h(1): warning C4828: The file contains a character starting at offset 0x999 that is illegal in the current source character set (codepage 65001).
F:\GuanZiwei\newProject\Projector\dlpc350_usb.h(1): warning C4828: The file contains a character starting at offset 0x99a that is illegal in the current source character set (codepage 65001).
F:\GuanZiwei\newProject\Projector\dlpc350_usb.h(1): warning C4828: The file contains a character starting at offset 0x99e that is illegal in the current source character set (codepage 65001).
F:\GuanZiwei\newProject\Projector\dlpc350_usb.h(1): warning C4828: The file contains a character starting at offset 0x99f that is illegal in the current source character set (codepage 65001).
F:\GuanZiwei\newProject\Projector\dlpc350_usb.h(1): warning C4828: The file contains a character starting at offset 0x9a0 that is illegal in the current source character set (codepage 65001).
F:\GuanZiwei\newProject\Projector\dlpc350_usb.h(1): warning C4828: The file contains a character starting at offset 0x9a4 that is illegal in the current source character set (codepage 65001).
F:\GuanZiwei\newProject\Projector\dlpc350_usb.h(1): warning C4828: The file contains a character starting at offset 0x9a6 that is illegal in the current source character set (codepage 65001).
F:\GuanZiwei\newProject\Projector\dlpc350_usb.h(1): warning C4828: The file contains a character starting at offset 0x9a7 that is illegal in the current source character set (codepage 65001).
F:\GuanZiwei\newProject\Projector\dlpc350_usb.h(1): warning C4828: The file contains a character starting at offset 0x9b8 that is illegal in the current source character set (codepage 65001).
F:\GuanZiwei\newProject\Projector\dlpc350_usb.h(1): warning C4828: The file contains a character starting at offset 0x9bb that is illegal in the current source character set (codepage 65001).
F:\GuanZiwei\newProject\Projector\dlpc350_usb.h(1): warning C4828: The file contains a character starting at offset 0x9c1 that is illegal in the current source character set (codepage 65001).
F:\GuanZiwei\newProject\Projector\dlpc350_usb.h(1): warning C4828: The file contains a character starting at offset 0x9c3 that is illegal in the current source character set (codepage 65001).
F:\GuanZiwei\newProject\Projector\dlpc350_usb.h(1): warning C4828: The file contains a character starting at offset 0x9c4 that is illegal in the current source character set (codepage 65001).
F:\GuanZiwei\newProject\Projector\dlpc350_usb.h(1): warning C4828: The file contains a character starting at offset 0x9c5 that is illegal in the current source character set (codepage 65001).
F:\GuanZiwei\newProject\Projector\dlpc350_usb.h(1): warning C4828: The file contains a character starting at offset 0x9c6 that is illegal in the current source character set (codepage 65001).
F:\GuanZiwei\newProject\Projector\dlpc350_usb.h(1): warning C4828: The file contains a character starting at offset 0xa0f that is illegal in the current source character set (codepage 65001).
F:\GuanZiwei\newProject\Projector\dlpc350_usb.h(1): warning C4828: The file contains a character starting at offset 0xa10 that is illegal in the current source character set (codepage 65001).
F:\GuanZiwei\newProject\Projector\dlpc350_usb.h(1): warning C4828: The file contains a character starting at offset 0xa13 that is illegal in the current source character set (codepage 65001).
F:\GuanZiwei\newProject\Projector\dlpc350_usb.h(1): warning C4828: The file contains a character starting at offset 0xa14 that is illegal in the current source character set (codepage 65001).
F:\GuanZiwei\newProject\Projector\dlpc350_usb.h(1): warning C4828: The file contains a character starting at offset 0xa17 that is illegal in the current source character set (codepage 65001).
F:\GuanZiwei\newProject\Projector\dlpc350_usb.h(1): warning C4828: The file contains a character starting at offset 0xa1a that is illegal in the current source character set (codepage 65001).
F:\GuanZiwei\newProject\Projector\dlpc350_usb.h(1): warning C4828: The file contains a character starting at offset 0xa1d that is illegal in the current source character set (codepage 65001).
F:\GuanZiwei\newProject\Projector\dlpc350_usb.h(1): warning C4828: The file contains a character starting at offset 0xa1e that is illegal in the current source character set (codepage 65001).
F:\GuanZiwei\newProject\Projector\dlpc350_usb.h(1): warning C4828: The file contains a character starting at offset 0xa20 that is illegal in the current source character set (codepage 65001).
F:\GuanZiwei\newProject\Projector\dlpc350_usb.h(1): warning C4828: The file contains a character starting at offset 0xa24 that is illegal in the current source character set (codepage 65001).
F:\GuanZiwei\newProject\Projector\dlpc350_usb.h(1): warning C4828: The file contains a character starting at offset 0xa27 that is illegal in the current source character set (codepage 65001).
F:\GuanZiwei\newProject\Projector\dlpc350_usb.h(1): warning C4828: The file contains a character starting at offset 0xa29 that is illegal in the current source character set (codepage 65001).
F:\GuanZiwei\newProject\Projector\dlpc350_usb.h(1): warning C4828: The file contains a character starting at offset 0xa2a that is illegal in the current source character set (codepage 65001).
F:\GuanZiwei\newProject\Projector\dlpc350_usb.h(1): warning C4828: The file contains a character starting at offset 0xaab that is illegal in the current source character set (codepage 65001).
F:\GuanZiwei\newProject\Projector\dlpc350_usb.h(1): warning C4828: The file contains a character starting at offset 0xaad that is illegal in the current source character set (codepage 65001).
F:\GuanZiwei\newProject\Projector\dlpc350_usb.h(1): warning C4828: The file contains a character starting at offset 0xaaf that is illegal in the current source character set (codepage 65001).
F:\GuanZiwei\newProject\Projector\dlpc350_usb.h(1): warning C4828: The file contains a character starting at offset 0xab0 that is illegal in the current source character set (codepage 65001).
F:\GuanZiwei\newProject\Projector\dlpc350_usb.h(1): warning C4828: The file contains a character starting at offset 0xab1 that is illegal in the current source character set (codepage 65001).
F:\GuanZiwei\newProject\Projector\dlpc350_usb.h(1): warning C4828: The file contains a character starting at offset 0xab6 that is illegal in the current source character set (codepage 65001).
F:\GuanZiwei\newProject\Projector\dlpc350_usb.h(1): warning C4828: The file contains a character starting at offset 0xabb that is illegal in the current source character set (codepage 65001).
F:\GuanZiwei\newProject\Projector\dlpc350_usb.h(1): warning C4828: The file contains a character starting at offset 0xabd that is illegal in the current source character set (codepage 65001).
F:\GuanZiwei\newProject\Projector\dlpc350_usb.h(1): warning C4828: The file contains a character starting at offset 0xabe that is illegal in the current source character set (codepage 65001).
reconengine.cpp
.\reconengine.cpp(103): warning C4189: 'cx_proj': local variable is initialized but not referenced
.\reconengine.cpp(102): warning C4189: 'fx_proj': local variable is initialized but not referenced
reconworker.cpp
singlecalibrationwidget.cpp
F:\GuanZiwei\newProject\Projector\dlpc350_usb.h(1): warning C4828: The file contains a character starting at offset 0x7c0 that is illegal in the current source character set (codepage 65001).
F:\GuanZiwei\newProject\Projector\dlpc350_usb.h(1): warning C4828: The file contains a character starting at offset 0x7c1 that is illegal in the current source character set (codepage 65001).
F:\GuanZiwei\newProject\Projector\dlpc350_usb.h(1): warning C4828: The file contains a character starting at offset 0x7c5 that is illegal in the current source character set (codepage 65001).
F:\GuanZiwei\newProject\Projector\dlpc350_usb.h(1): warning C4828: The file contains a character starting at offset 0x7c6 that is illegal in the current source character set (codepage 65001).
F:\GuanZiwei\newProject\Projector\dlpc350_usb.h(1): warning C4828: The file contains a character starting at offset 0x7c8 that is illegal in the current source character set (codepage 65001).
F:\GuanZiwei\newProject\Projector\dlpc350_usb.h(1): warning C4828: The file contains a character starting at offset 0x7ca that is illegal in the current source character set (codepage 65001).
F:\GuanZiwei\newProject\Projector\dlpc350_usb.h(1): warning C4828: The file contains a character starting at offset 0x7cb that is illegal in the current source character set (codepage 65001).
F:\GuanZiwei\newProject\Projector\dlpc350_usb.h(1): warning C4828: The file contains a character starting at offset 0x814 that is illegal in the current source character set (codepage 65001).
F:\GuanZiwei\newProject\Projector\dlpc350_usb.h(1): warning C4828: The file contains a character starting at offset 0x815 that is illegal in the current source character set (codepage 65001).
F:\GuanZiwei\newProject\Projector\dlpc350_usb.h(1): warning C4828: The file contains a character starting at offset 0x819 that is illegal in the current source character set (codepage 65001).
F:\GuanZiwei\newProject\Projector\dlpc350_usb.h(1): warning C4828: The file contains a character starting at offset 0x81b that is illegal in the current source character set (codepage 65001).
F:\GuanZiwei\newProject\Projector\dlpc350_usb.h(1): warning C4828: The file contains a character starting at offset 0x81e that is illegal in the current source character set (codepage 65001).
F:\GuanZiwei\newProject\Projector\dlpc350_usb.h(1): warning C4828: The file contains a character starting at offset 0x81f that is illegal in the current source character set (codepage 65001).
F:\GuanZiwei\newProject\Projector\dlpc350_usb.h(1): warning C4828: The file contains a character starting at offset 0x831 that is illegal in the current source character set (codepage 65001).
F:\GuanZiwei\newProject\Projector\dlpc350_usb.h(1): warning C4828: The file contains a character starting at offset 0x833 that is illegal in the current source character set (codepage 65001).
F:\GuanZiwei\newProject\Projector\dlpc350_usb.h(1): warning C4828: The file contains a character starting at offset 0x835 that is illegal in the current source character set (codepage 65001).
F:\GuanZiwei\newProject\Projector\dlpc350_usb.h(1): warning C4828: The file contains a character starting at offset 0x837 that is illegal in the current source character set (codepage 65001).
F:\GuanZiwei\newProject\Projector\dlpc350_usb.h(1): warning C4828: The file contains a character starting at offset 0x838 that is illegal in the current source character set (codepage 65001).
F:\GuanZiwei\newProject\Projector\dlpc350_usb.h(1): warning C4828: The file contains a character starting at offset 0x839 that is illegal in the current source character set (codepage 65001).
F:\GuanZiwei\newProject\Projector\dlpc350_usb.h(1): warning C4828: The file contains a character starting at offset 0x83c that is illegal in the current source character set (codepage 65001).
F:\GuanZiwei\newProject\Projector\dlpc350_usb.h(1): warning C4828: The file contains a character starting at offset 0x83e that is illegal in the current source character set (codepage 65001).
F:\GuanZiwei\newProject\Projector\dlpc350_usb.h(1): warning C4828: The file contains a character starting at offset 0x841 that is illegal in the current source character set (codepage 65001).
F:\GuanZiwei\newProject\Projector\dlpc350_usb.h(1): warning C4828: The file contains a character starting at offset 0x843 that is illegal in the current source character set (codepage 65001).
F:\GuanZiwei\newProject\Projector\dlpc350_usb.h(1): warning C4828: The file contains a character starting at offset 0x844 that is illegal in the current source character set (codepage 65001).
F:\GuanZiwei\newProject\Projector\dlpc350_usb.h(1): warning C4828: The file contains a character starting at offset 0x845 that is illegal in the current source character set (codepage 65001).
F:\GuanZiwei\newProject\Projector\dlpc350_usb.h(1): warning C4828: The file contains a character starting at offset 0x846 that is illegal in the current source character set (codepage 65001).
F:\GuanZiwei\newProject\Projector\dlpc350_usb.h(1): warning C4828: The file contains a character starting at offset 0x847 that is illegal in the current source character set (codepage 65001).
F:\GuanZiwei\newProject\Projector\dlpc350_usb.h(1): warning C4828: The file contains a character starting at offset 0x848 that is illegal in the current source character set (codepage 65001).
F:\GuanZiwei\newProject\Projector\dlpc350_usb.h(1): warning C4828: The file contains a character starting at offset 0x84a that is illegal in the current source character set (codepage 65001).
F:\GuanZiwei\newProject\Projector\dlpc350_usb.h(1): warning C4828: The file contains a character starting at offset 0x84b that is illegal in the current source character set (codepage 65001).
F:\GuanZiwei\newProject\Projector\dlpc350_usb.h(1): warning C4828: The file contains a character starting at offset 0x84c that is illegal in the current source character set (codepage 65001).
F:\GuanZiwei\newProject\Projector\dlpc350_usb.h(1): warning C4828: The file contains a character starting at offset 0x853 that is illegal in the current source character set (codepage 65001).
F:\GuanZiwei\newProject\Projector\dlpc350_usb.h(1): warning C4828: The file contains a character starting at offset 0x855 that is illegal in the current source character set (codepage 65001).
F:\GuanZiwei\newProject\Projector\dlpc350_usb.h(1): warning C4828: The file contains a character starting at offset 0x856 that is illegal in the current source character set (codepage 65001).
F:\GuanZiwei\newProject\Projector\dlpc350_usb.h(1): warning C4828: The file contains a character starting at offset 0x85a that is illegal in the current source character set (codepage 65001).
F:\GuanZiwei\newProject\Projector\dlpc350_usb.h(1): warning C4828: The file contains a character starting at offset 0x85b that is illegal in the current source character set (codepage 65001).
F:\GuanZiwei\newProject\Projector\dlpc350_usb.h(1): warning C4828: The file contains a character starting at offset 0x85c that is illegal in the current source character set (codepage 65001).
F:\GuanZiwei\newProject\Projector\dlpc350_usb.h(1): warning C4828: The file contains a character starting at offset 0x85f that is illegal in the current source character set (codepage 65001).
F:\GuanZiwei\newProject\Projector\dlpc350_usb.h(1): warning C4828: The file contains a character starting at offset 0x860 that is illegal in the current source character set (codepage 65001).
F:\GuanZiwei\newProject\Projector\dlpc350_usb.h(1): warning C4828: The file contains a character starting at offset 0x861 that is illegal in the current source character set (codepage 65001).
F:\GuanZiwei\newProject\Projector\dlpc350_usb.h(1): warning C4828: The file contains a character starting at offset 0x863 that is illegal in the current source character set (codepage 65001).
F:\GuanZiwei\newProject\Projector\dlpc350_usb.h(1): warning C4828: The file contains a character starting at offset 0x865 that is illegal in the current source character set (codepage 65001).
F:\GuanZiwei\newProject\Projector\dlpc350_usb.h(1): warning C4828: The file contains a character starting at offset 0x867 that is illegal in the current source character set (codepage 65001).
F:\GuanZiwei\newProject\Projector\dlpc350_usb.h(1): warning C4828: The file contains a character starting at offset 0x868 that is illegal in the current source character set (codepage 65001).
F:\GuanZiwei\newProject\Projector\dlpc350_usb.h(1): warning C4828: The file contains a character starting at offset 0x869 that is illegal in the current source character set (codepage 65001).
F:\GuanZiwei\newProject\Projector\dlpc350_usb.h(1): warning C4828: The file contains a character starting at offset 0x86c that is illegal in the current source character set (codepage 65001).
F:\GuanZiwei\newProject\Projector\dlpc350_usb.h(1): warning C4828: The file contains a character starting at offset 0x86f that is illegal in the current source character set (codepage 65001).
F:\GuanZiwei\newProject\Projector\dlpc350_usb.h(1): warning C4828: The file contains a character starting at offset 0x870 that is illegal in the current source character set (codepage 65001).
F:\GuanZiwei\newProject\Projector\dlpc350_usb.h(1): warning C4828: The file contains a character starting at offset 0x871 that is illegal in the current source character set (codepage 65001).
F:\GuanZiwei\newProject\Projector\dlpc350_usb.h(1): warning C4828: The file contains a character starting at offset 0x872 that is illegal in the current source character set (codepage 65001).
F:\GuanZiwei\newProject\Projector\dlpc350_usb.h(1): warning C4828: The file contains a character starting at offset 0x873 that is illegal in the current source character set (codepage 65001).
F:\GuanZiwei\newProject\Projector\dlpc350_usb.h(1): warning C4828: The file contains a character starting at offset 0x874 that is illegal in the current source character set (codepage 65001).
F:\GuanZiwei\newProject\Projector\dlpc350_usb.h(1): warning C4828: The file contains a character starting at offset 0x877 that is illegal in the current source character set (codepage 65001).
F:\GuanZiwei\newProject\Projector\dlpc350_usb.h(1): warning C4828: The file contains a character starting at offset 0x878 that is illegal in the current source character set (codepage 65001).
F:\GuanZiwei\newProject\Projector\dlpc350_usb.h(1): warning C4828: The file contains a character starting at offset 0x8ae that is illegal in the current source character set (codepage 65001).
F:\GuanZiwei\newProject\Projector\dlpc350_usb.h(1): warning C4828: The file contains a character starting at offset 0x8af that is illegal in the current source character set (codepage 65001).
F:\GuanZiwei\newProject\Projector\dlpc350_usb.h(1): warning C4828: The file contains a character starting at offset 0x8b3 that is illegal in the current source character set (codepage 65001).
F:\GuanZiwei\newProject\Projector\dlpc350_usb.h(1): warning C4828: The file contains a character starting at offset 0x8bb that is illegal in the current source character set (codepage 65001).
F:\GuanZiwei\newProject\Projector\dlpc350_usb.h(1): warning C4828: The file contains a character starting at offset 0x8bc that is illegal in the current source character set (codepage 65001).
F:\GuanZiwei\newProject\Projector\dlpc350_usb.h(1): warning C4828: The file contains a character starting at offset 0x8c0 that is illegal in the current source character set (codepage 65001).
F:\GuanZiwei\newProject\Projector\dlpc350_usb.h(1): warning C4828: The file contains a character starting at offset 0x8c1 that is illegal in the current source character set (codepage 65001).
F:\GuanZiwei\newProject\Projector\dlpc350_usb.h(1): warning C4828: The file contains a character starting at offset 0x8c2 that is illegal in the current source character set (codepage 65001).
F:\GuanZiwei\newProject\Projector\dlpc350_usb.h(1): warning C4828: The file contains a character starting at offset 0x8c4 that is illegal in the current source character set (codepage 65001).
F:\GuanZiwei\newProject\Projector\dlpc350_usb.h(1): warning C4828: The file contains a character starting at offset 0x8c8 that is illegal in the current source character set (codepage 65001).
F:\GuanZiwei\newProject\Projector\dlpc350_usb.h(1): warning C4828: The file contains a character starting at offset 0x8cb that is illegal in the current source character set (codepage 65001).
F:\GuanZiwei\newProject\Projector\dlpc350_usb.h(1): warning C4828: The file contains a character starting at offset 0x8cd that is illegal in the current source character set (codepage 65001).
F:\GuanZiwei\newProject\Projector\dlpc350_usb.h(1): warning C4828: The file contains a character starting at offset 0x8cf that is illegal in the current source character set (codepage 65001).
F:\GuanZiwei\newProject\Projector\dlpc350_usb.h(1): warning C4828: The file contains a character starting at offset 0x8d0 that is illegal in the current source character set (codepage 65001).
F:\GuanZiwei\newProject\Projector\dlpc350_usb.h(1): warning C4828: The file contains a character starting at offset 0x8d1 that is illegal in the current source character set (codepage 65001).
F:\GuanZiwei\newProject\Projector\dlpc350_usb.h(1): warning C4828: The file contains a character starting at offset 0x8d4 that is illegal in the current source character set (codepage 65001).
F:\GuanZiwei\newProject\Projector\dlpc350_usb.h(1): warning C4828: The file contains a character starting at offset 0x8d5 that is illegal in the current source character set (codepage 65001).
F:\GuanZiwei\newProject\Projector\dlpc350_usb.h(1): warning C4828: The file contains a character starting at offset 0x8d7 that is illegal in the current source character set (codepage 65001).
F:\GuanZiwei\newProject\Projector\dlpc350_usb.h(1): warning C4828: The file contains a character starting at offset 0x8d8 that is illegal in the current source character set (codepage 65001).
F:\GuanZiwei\newProject\Projector\dlpc350_usb.h(1): warning C4828: The file contains a character starting at offset 0x8da that is illegal in the current source character set (codepage 65001).
F:\GuanZiwei\newProject\Projector\dlpc350_usb.h(1): warning C4828: The file contains a character starting at offset 0x8dc that is illegal in the current source character set (codepage 65001).
F:\GuanZiwei\newProject\Projector\dlpc350_usb.h(1): warning C4828: The file contains a character starting at offset 0x8dd that is illegal in the current source character set (codepage 65001).
F:\GuanZiwei\newProject\Projector\dlpc350_usb.h(1): warning C4828: The file contains a character starting at offset 0x8de that is illegal in the current source character set (codepage 65001).
F:\GuanZiwei\newProject\Projector\dlpc350_usb.h(1): warning C4828: The file contains a character starting at offset 0x8f0 that is illegal in the current source character set (codepage 65001).
F:\GuanZiwei\newProject\Projector\dlpc350_usb.h(1): warning C4828: The file contains a character starting at offset 0x8f3 that is illegal in the current source character set (codepage 65001).
F:\GuanZiwei\newProject\Projector\dlpc350_usb.h(1): warning C4828: The file contains a character starting at offset 0x8fb that is illegal in the current source character set (codepage 65001).
F:\GuanZiwei\newProject\Projector\dlpc350_usb.h(1): warning C4828: The file contains a character starting at offset 0x8fc that is illegal in the current source character set (codepage 65001).
F:\GuanZiwei\newProject\Projector\dlpc350_usb.h(1): warning C4828: The file contains a character starting at offset 0x95a that is illegal in the current source character set (codepage 65001).
F:\GuanZiwei\newProject\Projector\dlpc350_usb.h(1): warning C4828: The file contains a character starting at offset 0x95b that is illegal in the current source character set (codepage 65001).
F:\GuanZiwei\newProject\Projector\dlpc350_usb.h(1): warning C4828: The file contains a character starting at offset 0x95c that is illegal in the current source character set (codepage 65001).
F:\GuanZiwei\newProject\Projector\dlpc350_usb.h(1): warning C4828: The file contains a character starting at offset 0x95d that is illegal in the current source character set (codepage 65001).
F:\GuanZiwei\newProject\Projector\dlpc350_usb.h(1): warning C4828: The file contains a character starting at offset 0x95f that is illegal in the current source character set (codepage 65001).
F:\GuanZiwei\newProject\Projector\dlpc350_usb.h(1): warning C4828: The file contains a character starting at offset 0x963 that is illegal in the current source character set (codepage 65001).
F:\GuanZiwei\newProject\Projector\dlpc350_usb.h(1): warning C4828: The file contains a character starting at offset 0x965 that is illegal in the current source character set (codepage 65001).
F:\GuanZiwei\newProject\Projector\dlpc350_usb.h(1): warning C4828: The file contains a character starting at offset 0x966 that is illegal in the current source character set (codepage 65001).
F:\GuanZiwei\newProject\Projector\dlpc350_usb.h(1): warning C4828: The file contains a character starting at offset 0x968 that is illegal in the current source character set (codepage 65001).
F:\GuanZiwei\newProject\Projector\dlpc350_usb.h(1): warning C4828: The file contains a character starting at offset 0x969 that is illegal in the current source character set (codepage 65001).
F:\GuanZiwei\newProject\Projector\dlpc350_usb.h(1): warning C4828: The file contains a character starting at offset 0x96e that is illegal in the current source character set (codepage 65001).
F:\GuanZiwei\newProject\Projector\dlpc350_usb.h(1): warning C4828: The file contains a character starting at offset 0x96f that is illegal in the current source character set (codepage 65001).
F:\GuanZiwei\newProject\Projector\dlpc350_usb.h(1): warning C4828: The file contains a character starting at offset 0x971 that is illegal in the current source character set (codepage 65001).
F:\GuanZiwei\newProject\Projector\dlpc350_usb.h(1): warning C4828: The file contains a character starting at offset 0x980 that is illegal in the current source character set (codepage 65001).
F:\GuanZiwei\newProject\Projector\dlpc350_usb.h(1): warning C4828: The file contains a character starting at offset 0x982 that is illegal in the current source character set (codepage 65001).
F:\GuanZiwei\newProject\Projector\dlpc350_usb.h(1): warning C4828: The file contains a character starting at offset 0x987 that is illegal in the current source character set (codepage 65001).
F:\GuanZiwei\newProject\Projector\dlpc350_usb.h(1): warning C4828: The file contains a character starting at offset 0x98b that is illegal in the current source character set (codepage 65001).
F:\GuanZiwei\newProject\Projector\dlpc350_usb.h(1): warning C4828: The file contains a character starting at offset 0x998 that is illegal in the current source character set (codepage 65001).
F:\GuanZiwei\newProject\Projector\dlpc350_usb.h(1): warning C4828: The file contains a character starting at offset 0x999 that is illegal in the current source character set (codepage 65001).
F:\GuanZiwei\newProject\Projector\dlpc350_usb.h(1): warning C4828: The file contains a character starting at offset 0x99a that is illegal in the current source character set (codepage 65001).
F:\GuanZiwei\newProject\Projector\dlpc350_usb.h(1): warning C4828: The file contains a character starting at offset 0x99e that is illegal in the current source character set (codepage 65001).
F:\GuanZiwei\newProject\Projector\dlpc350_usb.h(1): warning C4828: The file contains a character starting at offset 0x99f that is illegal in the current source character set (codepage 65001).
F:\GuanZiwei\newProject\Projector\dlpc350_usb.h(1): warning C4828: The file contains a character starting at offset 0x9a0 that is illegal in the current source character set (codepage 65001).
F:\GuanZiwei\newProject\Projector\dlpc350_usb.h(1): warning C4828: The file contains a character starting at offset 0x9a4 that is illegal in the current source character set (codepage 65001).
F:\GuanZiwei\newProject\Projector\dlpc350_usb.h(1): warning C4828: The file contains a character starting at offset 0x9a6 that is illegal in the current source character set (codepage 65001).
F:\GuanZiwei\newProject\Projector\dlpc350_usb.h(1): warning C4828: The file contains a character starting at offset 0x9a7 that is illegal in the current source character set (codepage 65001).
F:\GuanZiwei\newProject\Projector\dlpc350_usb.h(1): warning C4828: The file contains a character starting at offset 0x9b8 that is illegal in the current source character set (codepage 65001).
F:\GuanZiwei\newProject\Projector\dlpc350_usb.h(1): warning C4828: The file contains a character starting at offset 0x9bb that is illegal in the current source character set (codepage 65001).
F:\GuanZiwei\newProject\Projector\dlpc350_usb.h(1): warning C4828: The file contains a character starting at offset 0x9c1 that is illegal in the current source character set (codepage 65001).
F:\GuanZiwei\newProject\Projector\dlpc350_usb.h(1): warning C4828: The file contains a character starting at offset 0x9c3 that is illegal in the current source character set (codepage 65001).
F:\GuanZiwei\newProject\Projector\dlpc350_usb.h(1): warning C4828: The file contains a character starting at offset 0x9c4 that is illegal in the current source character set (codepage 65001).
F:\GuanZiwei\newProject\Projector\dlpc350_usb.h(1): warning C4828: The file contains a character starting at offset 0x9c5 that is illegal in the current source character set (codepage 65001).
F:\GuanZiwei\newProject\Projector\dlpc350_usb.h(1): warning C4828: The file contains a character starting at offset 0x9c6 that is illegal in the current source character set (codepage 65001).
F:\GuanZiwei\newProject\Projector\dlpc350_usb.h(1): warning C4828: The file contains a character starting at offset 0xa0f that is illegal in the current source character set (codepage 65001).
F:\GuanZiwei\newProject\Projector\dlpc350_usb.h(1): warning C4828: The file contains a character starting at offset 0xa10 that is illegal in the current source character set (codepage 65001).
F:\GuanZiwei\newProject\Projector\dlpc350_usb.h(1): warning C4828: The file contains a character starting at offset 0xa13 that is illegal in the current source character set (codepage 65001).
F:\GuanZiwei\newProject\Projector\dlpc350_usb.h(1): warning C4828: The file contains a character starting at offset 0xa14 that is illegal in the current source character set (codepage 65001).
F:\GuanZiwei\newProject\Projector\dlpc350_usb.h(1): warning C4828: The file contains a character starting at offset 0xa17 that is illegal in the current source character set (codepage 65001).
F:\GuanZiwei\newProject\Projector\dlpc350_usb.h(1): warning C4828: The file contains a character starting at offset 0xa1a that is illegal in the current source character set (codepage 65001).
F:\GuanZiwei\newProject\Projector\dlpc350_usb.h(1): warning C4828: The file contains a character starting at offset 0xa1d that is illegal in the current source character set (codepage 65001).
F:\GuanZiwei\newProject\Projector\dlpc350_usb.h(1): warning C4828: The file contains a character starting at offset 0xa1e that is illegal in the current source character set (codepage 65001).
F:\GuanZiwei\newProject\Projector\dlpc350_usb.h(1): warning C4828: The file contains a character starting at offset 0xa20 that is illegal in the current source character set (codepage 65001).
F:\GuanZiwei\newProject\Projector\dlpc350_usb.h(1): warning C4828: The file contains a character starting at offset 0xa24 that is illegal in the current source character set (codepage 65001).
F:\GuanZiwei\newProject\Projector\dlpc350_usb.h(1): warning C4828: The file contains a character starting at offset 0xa27 that is illegal in the current source character set (codepage 65001).
F:\GuanZiwei\newProject\Projector\dlpc350_usb.h(1): warning C4828: The file contains a character starting at offset 0xa29 that is illegal in the current source character set (codepage 65001).
F:\GuanZiwei\newProject\Projector\dlpc350_usb.h(1): warning C4828: The file contains a character starting at offset 0xa2a that is illegal in the current source character set (codepage 65001).
F:\GuanZiwei\newProject\Projector\dlpc350_usb.h(1): warning C4828: The file contains a character starting at offset 0xaab that is illegal in the current source character set (codepage 65001).
F:\GuanZiwei\newProject\Projector\dlpc350_usb.h(1): warning C4828: The file contains a character starting at offset 0xaad that is illegal in the current source character set (codepage 65001).
F:\GuanZiwei\newProject\Projector\dlpc350_usb.h(1): warning C4828: The file contains a character starting at offset 0xaaf that is illegal in the current source character set (codepage 65001).
F:\GuanZiwei\newProject\Projector\dlpc350_usb.h(1): warning C4828: The file contains a character starting at offset 0xab0 that is illegal in the current source character set (codepage 65001).
F:\GuanZiwei\newProject\Projector\dlpc350_usb.h(1): warning C4828: The file contains a character starting at offset 0xab1 that is illegal in the current source character set (codepage 65001).
F:\GuanZiwei\newProject\Projector\dlpc350_usb.h(1): warning C4828: The file contains a character starting at offset 0xab6 that is illegal in the current source character set (codepage 65001).
F:\GuanZiwei\newProject\Projector\dlpc350_usb.h(1): warning C4828: The file contains a character starting at offset 0xabb that is illegal in the current source character set (codepage 65001).
F:\GuanZiwei\newProject\Projector\dlpc350_usb.h(1): warning C4828: The file contains a character starting at offset 0xabd that is illegal in the current source character set (codepage 65001).
F:\GuanZiwei\newProject\Projector\dlpc350_usb.h(1): warning C4828: The file contains a character starting at offset 0xabe that is illegal in the current source character set (codepage 65001).
.\singlecalibrationwidget.cpp(1697): warning C4100: 'calibrationPath': unreferenced parameter
.\singlecalibrationwidget.cpp(1727): warning C4100: 'calibrationPath': unreferenced parameter
singlereconstructwidget.cpp
F:\GuanZiwei\newProject\Projector\dlpc350_usb.h(1): warning C4828: The file contains a character starting at offset 0x7c0 that is illegal in the current source character set (codepage 65001).
F:\GuanZiwei\newProject\Projector\dlpc350_usb.h(1): warning C4828: The file contains a character starting at offset 0x7c1 that is illegal in the current source character set (codepage 65001).
F:\GuanZiwei\newProject\Projector\dlpc350_usb.h(1): warning C4828: The file contains a character starting at offset 0x7c5 that is illegal in the current source character set (codepage 65001).
F:\GuanZiwei\newProject\Projector\dlpc350_usb.h(1): warning C4828: The file contains a character starting at offset 0x7c6 that is illegal in the current source character set (codepage 65001).
F:\GuanZiwei\newProject\Projector\dlpc350_usb.h(1): warning C4828: The file contains a character starting at offset 0x7c8 that is illegal in the current source character set (codepage 65001).
F:\GuanZiwei\newProject\Projector\dlpc350_usb.h(1): warning C4828: The file contains a character starting at offset 0x7ca that is illegal in the current source character set (codepage 65001).
F:\GuanZiwei\newProject\Projector\dlpc350_usb.h(1): warning C4828: The file contains a character starting at offset 0x7cb that is illegal in the current source character set (codepage 65001).
F:\GuanZiwei\newProject\Projector\dlpc350_usb.h(1): warning C4828: The file contains a character starting at offset 0x814 that is illegal in the current source character set (codepage 65001).
F:\GuanZiwei\newProject\Projector\dlpc350_usb.h(1): warning C4828: The file contains a character starting at offset 0x815 that is illegal in the current source character set (codepage 65001).
F:\GuanZiwei\newProject\Projector\dlpc350_usb.h(1): warning C4828: The file contains a character starting at offset 0x819 that is illegal in the current source character set (codepage 65001).
F:\GuanZiwei\newProject\Projector\dlpc350_usb.h(1): warning C4828: The file contains a character starting at offset 0x81b that is illegal in the current source character set (codepage 65001).
F:\GuanZiwei\newProject\Projector\dlpc350_usb.h(1): warning C4828: The file contains a character starting at offset 0x81e that is illegal in the current source character set (codepage 65001).
F:\GuanZiwei\newProject\Projector\dlpc350_usb.h(1): warning C4828: The file contains a character starting at offset 0x81f that is illegal in the current source character set (codepage 65001).
F:\GuanZiwei\newProject\Projector\dlpc350_usb.h(1): warning C4828: The file contains a character starting at offset 0x831 that is illegal in the current source character set (codepage 65001).
F:\GuanZiwei\newProject\Projector\dlpc350_usb.h(1): warning C4828: The file contains a character starting at offset 0x833 that is illegal in the current source character set (codepage 65001).
F:\GuanZiwei\newProject\Projector\dlpc350_usb.h(1): warning C4828: The file contains a character starting at offset 0x835 that is illegal in the current source character set (codepage 65001).
F:\GuanZiwei\newProject\Projector\dlpc350_usb.h(1): warning C4828: The file contains a character starting at offset 0x837 that is illegal in the current source character set (codepage 65001).
F:\GuanZiwei\newProject\Projector\dlpc350_usb.h(1): warning C4828: The file contains a character starting at offset 0x838 that is illegal in the current source character set (codepage 65001).
F:\GuanZiwei\newProject\Projector\dlpc350_usb.h(1): warning C4828: The file contains a character starting at offset 0x839 that is illegal in the current source character set (codepage 65001).
F:\GuanZiwei\newProject\Projector\dlpc350_usb.h(1): warning C4828: The file contains a character starting at offset 0x83c that is illegal in the current source character set (codepage 65001).
F:\GuanZiwei\newProject\Projector\dlpc350_usb.h(1): warning C4828: The file contains a character starting at offset 0x83e that is illegal in the current source character set (codepage 65001).
F:\GuanZiwei\newProject\Projector\dlpc350_usb.h(1): warning C4828: The file contains a character starting at offset 0x841 that is illegal in the current source character set (codepage 65001).
F:\GuanZiwei\newProject\Projector\dlpc350_usb.h(1): warning C4828: The file contains a character starting at offset 0x843 that is illegal in the current source character set (codepage 65001).
F:\GuanZiwei\newProject\Projector\dlpc350_usb.h(1): warning C4828: The file contains a character starting at offset 0x844 that is illegal in the current source character set (codepage 65001).
F:\GuanZiwei\newProject\Projector\dlpc350_usb.h(1): warning C4828: The file contains a character starting at offset 0x845 that is illegal in the current source character set (codepage 65001).
F:\GuanZiwei\newProject\Projector\dlpc350_usb.h(1): warning C4828: The file contains a character starting at offset 0x846 that is illegal in the current source character set (codepage 65001).
F:\GuanZiwei\newProject\Projector\dlpc350_usb.h(1): warning C4828: The file contains a character starting at offset 0x847 that is illegal in the current source character set (codepage 65001).
F:\GuanZiwei\newProject\Projector\dlpc350_usb.h(1): warning C4828: The file contains a character starting at offset 0x848 that is illegal in the current source character set (codepage 65001).
F:\GuanZiwei\newProject\Projector\dlpc350_usb.h(1): warning C4828: The file contains a character starting at offset 0x84a that is illegal in the current source character set (codepage 65001).
F:\GuanZiwei\newProject\Projector\dlpc350_usb.h(1): warning C4828: The file contains a character starting at offset 0x84b that is illegal in the current source character set (codepage 65001).
F:\GuanZiwei\newProject\Projector\dlpc350_usb.h(1): warning C4828: The file contains a character starting at offset 0x84c that is illegal in the current source character set (codepage 65001).
F:\GuanZiwei\newProject\Projector\dlpc350_usb.h(1): warning C4828: The file contains a character starting at offset 0x853 that is illegal in the current source character set (codepage 65001).
F:\GuanZiwei\newProject\Projector\dlpc350_usb.h(1): warning C4828: The file contains a character starting at offset 0x855 that is illegal in the current source character set (codepage 65001).
F:\GuanZiwei\newProject\Projector\dlpc350_usb.h(1): warning C4828: The file contains a character starting at offset 0x856 that is illegal in the current source character set (codepage 65001).
F:\GuanZiwei\newProject\Projector\dlpc350_usb.h(1): warning C4828: The file contains a character starting at offset 0x85a that is illegal in the current source character set (codepage 65001).
F:\GuanZiwei\newProject\Projector\dlpc350_usb.h(1): warning C4828: The file contains a character starting at offset 0x85b that is illegal in the current source character set (codepage 65001).
F:\GuanZiwei\newProject\Projector\dlpc350_usb.h(1): warning C4828: The file contains a character starting at offset 0x85c that is illegal in the current source character set (codepage 65001).
F:\GuanZiwei\newProject\Projector\dlpc350_usb.h(1): warning C4828: The file contains a character starting at offset 0x85f that is illegal in the current source character set (codepage 65001).
F:\GuanZiwei\newProject\Projector\dlpc350_usb.h(1): warning C4828: The file contains a character starting at offset 0x860 that is illegal in the current source character set (codepage 65001).
F:\GuanZiwei\newProject\Projector\dlpc350_usb.h(1): warning C4828: The file contains a character starting at offset 0x861 that is illegal in the current source character set (codepage 65001).
F:\GuanZiwei\newProject\Projector\dlpc350_usb.h(1): warning C4828: The file contains a character starting at offset 0x863 that is illegal in the current source character set (codepage 65001).
F:\GuanZiwei\newProject\Projector\dlpc350_usb.h(1): warning C4828: The file contains a character starting at offset 0x865 that is illegal in the current source character set (codepage 65001).
F:\GuanZiwei\newProject\Projector\dlpc350_usb.h(1): warning C4828: The file contains a character starting at offset 0x867 that is illegal in the current source character set (codepage 65001).
F:\GuanZiwei\newProject\Projector\dlpc350_usb.h(1): warning C4828: The file contains a character starting at offset 0x868 that is illegal in the current source character set (codepage 65001).
F:\GuanZiwei\newProject\Projector\dlpc350_usb.h(1): warning C4828: The file contains a character starting at offset 0x869 that is illegal in the current source character set (codepage 65001).
F:\GuanZiwei\newProject\Projector\dlpc350_usb.h(1): warning C4828: The file contains a character starting at offset 0x86c that is illegal in the current source character set (codepage 65001).
F:\GuanZiwei\newProject\Projector\dlpc350_usb.h(1): warning C4828: The file contains a character starting at offset 0x86f that is illegal in the current source character set (codepage 65001).
F:\GuanZiwei\newProject\Projector\dlpc350_usb.h(1): warning C4828: The file contains a character starting at offset 0x870 that is illegal in the current source character set (codepage 65001).
F:\GuanZiwei\newProject\Projector\dlpc350_usb.h(1): warning C4828: The file contains a character starting at offset 0x871 that is illegal in the current source character set (codepage 65001).
F:\GuanZiwei\newProject\Projector\dlpc350_usb.h(1): warning C4828: The file contains a character starting at offset 0x872 that is illegal in the current source character set (codepage 65001).
F:\GuanZiwei\newProject\Projector\dlpc350_usb.h(1): warning C4828: The file contains a character starting at offset 0x873 that is illegal in the current source character set (codepage 65001).
F:\GuanZiwei\newProject\Projector\dlpc350_usb.h(1): warning C4828: The file contains a character starting at offset 0x874 that is illegal in the current source character set (codepage 65001).
F:\GuanZiwei\newProject\Projector\dlpc350_usb.h(1): warning C4828: The file contains a character starting at offset 0x877 that is illegal in the current source character set (codepage 65001).
F:\GuanZiwei\newProject\Projector\dlpc350_usb.h(1): warning C4828: The file contains a character starting at offset 0x878 that is illegal in the current source character set (codepage 65001).
F:\GuanZiwei\newProject\Projector\dlpc350_usb.h(1): warning C4828: The file contains a character starting at offset 0x8ae that is illegal in the current source character set (codepage 65001).
F:\GuanZiwei\newProject\Projector\dlpc350_usb.h(1): warning C4828: The file contains a character starting at offset 0x8af that is illegal in the current source character set (codepage 65001).
F:\GuanZiwei\newProject\Projector\dlpc350_usb.h(1): warning C4828: The file contains a character starting at offset 0x8b3 that is illegal in the current source character set (codepage 65001).
F:\GuanZiwei\newProject\Projector\dlpc350_usb.h(1): warning C4828: The file contains a character starting at offset 0x8bb that is illegal in the current source character set (codepage 65001).
F:\GuanZiwei\newProject\Projector\dlpc350_usb.h(1): warning C4828: The file contains a character starting at offset 0x8bc that is illegal in the current source character set (codepage 65001).
F:\GuanZiwei\newProject\Projector\dlpc350_usb.h(1): warning C4828: The file contains a character starting at offset 0x8c0 that is illegal in the current source character set (codepage 65001).
F:\GuanZiwei\newProject\Projector\dlpc350_usb.h(1): warning C4828: The file contains a character starting at offset 0x8c1 that is illegal in the current source character set (codepage 65001).
F:\GuanZiwei\newProject\Projector\dlpc350_usb.h(1): warning C4828: The file contains a character starting at offset 0x8c2 that is illegal in the current source character set (codepage 65001).
F:\GuanZiwei\newProject\Projector\dlpc350_usb.h(1): warning C4828: The file contains a character starting at offset 0x8c4 that is illegal in the current source character set (codepage 65001).
F:\GuanZiwei\newProject\Projector\dlpc350_usb.h(1): warning C4828: The file contains a character starting at offset 0x8c8 that is illegal in the current source character set (codepage 65001).
F:\GuanZiwei\newProject\Projector\dlpc350_usb.h(1): warning C4828: The file contains a character starting at offset 0x8cb that is illegal in the current source character set (codepage 65001).
F:\GuanZiwei\newProject\Projector\dlpc350_usb.h(1): warning C4828: The file contains a character starting at offset 0x8cd that is illegal in the current source character set (codepage 65001).
F:\GuanZiwei\newProject\Projector\dlpc350_usb.h(1): warning C4828: The file contains a character starting at offset 0x8cf that is illegal in the current source character set (codepage 65001).
F:\GuanZiwei\newProject\Projector\dlpc350_usb.h(1): warning C4828: The file contains a character starting at offset 0x8d0 that is illegal in the current source character set (codepage 65001).
F:\GuanZiwei\newProject\Projector\dlpc350_usb.h(1): warning C4828: The file contains a character starting at offset 0x8d1 that is illegal in the current source character set (codepage 65001).
F:\GuanZiwei\newProject\Projector\dlpc350_usb.h(1): warning C4828: The file contains a character starting at offset 0x8d4 that is illegal in the current source character set (codepage 65001).
F:\GuanZiwei\newProject\Projector\dlpc350_usb.h(1): warning C4828: The file contains a character starting at offset 0x8d5 that is illegal in the current source character set (codepage 65001).
F:\GuanZiwei\newProject\Projector\dlpc350_usb.h(1): warning C4828: The file contains a character starting at offset 0x8d7 that is illegal in the current source character set (codepage 65001).
F:\GuanZiwei\newProject\Projector\dlpc350_usb.h(1): warning C4828: The file contains a character starting at offset 0x8d8 that is illegal in the current source character set (codepage 65001).
F:\GuanZiwei\newProject\Projector\dlpc350_usb.h(1): warning C4828: The file contains a character starting at offset 0x8da that is illegal in the current source character set (codepage 65001).
F:\GuanZiwei\newProject\Projector\dlpc350_usb.h(1): warning C4828: The file contains a character starting at offset 0x8dc that is illegal in the current source character set (codepage 65001).
F:\GuanZiwei\newProject\Projector\dlpc350_usb.h(1): warning C4828: The file contains a character starting at offset 0x8dd that is illegal in the current source character set (codepage 65001).
F:\GuanZiwei\newProject\Projector\dlpc350_usb.h(1): warning C4828: The file contains a character starting at offset 0x8de that is illegal in the current source character set (codepage 65001).
F:\GuanZiwei\newProject\Projector\dlpc350_usb.h(1): warning C4828: The file contains a character starting at offset 0x8f0 that is illegal in the current source character set (codepage 65001).
F:\GuanZiwei\newProject\Projector\dlpc350_usb.h(1): warning C4828: The file contains a character starting at offset 0x8f3 that is illegal in the current source character set (codepage 65001).
F:\GuanZiwei\newProject\Projector\dlpc350_usb.h(1): warning C4828: The file contains a character starting at offset 0x8fb that is illegal in the current source character set (codepage 65001).
F:\GuanZiwei\newProject\Projector\dlpc350_usb.h(1): warning C4828: The file contains a character starting at offset 0x8fc that is illegal in the current source character set (codepage 65001).
F:\GuanZiwei\newProject\Projector\dlpc350_usb.h(1): warning C4828: The file contains a character starting at offset 0x95a that is illegal in the current source character set (codepage 65001).
F:\GuanZiwei\newProject\Projector\dlpc350_usb.h(1): warning C4828: The file contains a character starting at offset 0x95b that is illegal in the current source character set (codepage 65001).
F:\GuanZiwei\newProject\Projector\dlpc350_usb.h(1): warning C4828: The file contains a character starting at offset 0x95c that is illegal in the current source character set (codepage 65001).
F:\GuanZiwei\newProject\Projector\dlpc350_usb.h(1): warning C4828: The file contains a character starting at offset 0x95d that is illegal in the current source character set (codepage 65001).
F:\GuanZiwei\newProject\Projector\dlpc350_usb.h(1): warning C4828: The file contains a character starting at offset 0x95f that is illegal in the current source character set (codepage 65001).
F:\GuanZiwei\newProject\Projector\dlpc350_usb.h(1): warning C4828: The file contains a character starting at offset 0x963 that is illegal in the current source character set (codepage 65001).
F:\GuanZiwei\newProject\Projector\dlpc350_usb.h(1): warning C4828: The file contains a character starting at offset 0x965 that is illegal in the current source character set (codepage 65001).
F:\GuanZiwei\newProject\Projector\dlpc350_usb.h(1): warning C4828: The file contains a character starting at offset 0x966 that is illegal in the current source character set (codepage 65001).
F:\GuanZiwei\newProject\Projector\dlpc350_usb.h(1): warning C4828: The file contains a character starting at offset 0x968 that is illegal in the current source character set (codepage 65001).
F:\GuanZiwei\newProject\Projector\dlpc350_usb.h(1): warning C4828: The file contains a character starting at offset 0x969 that is illegal in the current source character set (codepage 65001).
F:\GuanZiwei\newProject\Projector\dlpc350_usb.h(1): warning C4828: The file contains a character starting at offset 0x96e that is illegal in the current source character set (codepage 65001).
F:\GuanZiwei\newProject\Projector\dlpc350_usb.h(1): warning C4828: The file contains a character starting at offset 0x96f that is illegal in the current source character set (codepage 65001).
F:\GuanZiwei\newProject\Projector\dlpc350_usb.h(1): warning C4828: The file contains a character starting at offset 0x971 that is illegal in the current source character set (codepage 65001).
F:\GuanZiwei\newProject\Projector\dlpc350_usb.h(1): warning C4828: The file contains a character starting at offset 0x980 that is illegal in the current source character set (codepage 65001).
F:\GuanZiwei\newProject\Projector\dlpc350_usb.h(1): warning C4828: The file contains a character starting at offset 0x982 that is illegal in the current source character set (codepage 65001).
F:\GuanZiwei\newProject\Projector\dlpc350_usb.h(1): warning C4828: The file contains a character starting at offset 0x987 that is illegal in the current source character set (codepage 65001).
F:\GuanZiwei\newProject\Projector\dlpc350_usb.h(1): warning C4828: The file contains a character starting at offset 0x98b that is illegal in the current source character set (codepage 65001).
F:\GuanZiwei\newProject\Projector\dlpc350_usb.h(1): warning C4828: The file contains a character starting at offset 0x998 that is illegal in the current source character set (codepage 65001).
F:\GuanZiwei\newProject\Projector\dlpc350_usb.h(1): warning C4828: The file contains a character starting at offset 0x999 that is illegal in the current source character set (codepage 65001).
F:\GuanZiwei\newProject\Projector\dlpc350_usb.h(1): warning C4828: The file contains a character starting at offset 0x99a that is illegal in the current source character set (codepage 65001).
F:\GuanZiwei\newProject\Projector\dlpc350_usb.h(1): warning C4828: The file contains a character starting at offset 0x99e that is illegal in the current source character set (codepage 65001).
F:\GuanZiwei\newProject\Projector\dlpc350_usb.h(1): warning C4828: The file contains a character starting at offset 0x99f that is illegal in the current source character set (codepage 65001).
F:\GuanZiwei\newProject\Projector\dlpc350_usb.h(1): warning C4828: The file contains a character starting at offset 0x9a0 that is illegal in the current source character set (codepage 65001).
F:\GuanZiwei\newProject\Projector\dlpc350_usb.h(1): warning C4828: The file contains a character starting at offset 0x9a4 that is illegal in the current source character set (codepage 65001).
F:\GuanZiwei\newProject\Projector\dlpc350_usb.h(1): warning C4828: The file contains a character starting at offset 0x9a6 that is illegal in the current source character set (codepage 65001).
F:\GuanZiwei\newProject\Projector\dlpc350_usb.h(1): warning C4828: The file contains a character starting at offset 0x9a7 that is illegal in the current source character set (codepage 65001).
F:\GuanZiwei\newProject\Projector\dlpc350_usb.h(1): warning C4828: The file contains a character starting at offset 0x9b8 that is illegal in the current source character set (codepage 65001).
F:\GuanZiwei\newProject\Projector\dlpc350_usb.h(1): warning C4828: The file contains a character starting at offset 0x9bb that is illegal in the current source character set (codepage 65001).
F:\GuanZiwei\newProject\Projector\dlpc350_usb.h(1): warning C4828: The file contains a character starting at offset 0x9c1 that is illegal in the current source character set (codepage 65001).
F:\GuanZiwei\newProject\Projector\dlpc350_usb.h(1): warning C4828: The file contains a character starting at offset 0x9c3 that is illegal in the current source character set (codepage 65001).
F:\GuanZiwei\newProject\Projector\dlpc350_usb.h(1): warning C4828: The file contains a character starting at offset 0x9c4 that is illegal in the current source character set (codepage 65001).
F:\GuanZiwei\newProject\Projector\dlpc350_usb.h(1): warning C4828: The file contains a character starting at offset 0x9c5 that is illegal in the current source character set (codepage 65001).
F:\GuanZiwei\newProject\Projector\dlpc350_usb.h(1): warning C4828: The file contains a character starting at offset 0x9c6 that is illegal in the current source character set (codepage 65001).
F:\GuanZiwei\newProject\Projector\dlpc350_usb.h(1): warning C4828: The file contains a character starting at offset 0xa0f that is illegal in the current source character set (codepage 65001).
F:\GuanZiwei\newProject\Projector\dlpc350_usb.h(1): warning C4828: The file contains a character starting at offset 0xa10 that is illegal in the current source character set (codepage 65001).
F:\GuanZiwei\newProject\Projector\dlpc350_usb.h(1): warning C4828: The file contains a character starting at offset 0xa13 that is illegal in the current source character set (codepage 65001).
F:\GuanZiwei\newProject\Projector\dlpc350_usb.h(1): warning C4828: The file contains a character starting at offset 0xa14 that is illegal in the current source character set (codepage 65001).
F:\GuanZiwei\newProject\Projector\dlpc350_usb.h(1): warning C4828: The file contains a character starting at offset 0xa17 that is illegal in the current source character set (codepage 65001).
F:\GuanZiwei\newProject\Projector\dlpc350_usb.h(1): warning C4828: The file contains a character starting at offset 0xa1a that is illegal in the current source character set (codepage 65001).
F:\GuanZiwei\newProject\Projector\dlpc350_usb.h(1): warning C4828: The file contains a character starting at offset 0xa1d that is illegal in the current source character set (codepage 65001).
F:\GuanZiwei\newProject\Projector\dlpc350_usb.h(1): warning C4828: The file contains a character starting at offset 0xa1e that is illegal in the current source character set (codepage 65001).
F:\GuanZiwei\newProject\Projector\dlpc350_usb.h(1): warning C4828: The file contains a character starting at offset 0xa20 that is illegal in the current source character set (codepage 65001).
F:\GuanZiwei\newProject\Projector\dlpc350_usb.h(1): warning C4828: The file contains a character starting at offset 0xa24 that is illegal in the current source character set (codepage 65001).
F:\GuanZiwei\newProject\Projector\dlpc350_usb.h(1): warning C4828: The file contains a character starting at offset 0xa27 that is illegal in the current source character set (codepage 65001).
F:\GuanZiwei\newProject\Projector\dlpc350_usb.h(1): warning C4828: The file contains a character starting at offset 0xa29 that is illegal in the current source character set (codepage 65001).
F:\GuanZiwei\newProject\Projector\dlpc350_usb.h(1): warning C4828: The file contains a character starting at offset 0xa2a that is illegal in the current source character set (codepage 65001).
F:\GuanZiwei\newProject\Projector\dlpc350_usb.h(1): warning C4828: The file contains a character starting at offset 0xaab that is illegal in the current source character set (codepage 65001).
F:\GuanZiwei\newProject\Projector\dlpc350_usb.h(1): warning C4828: The file contains a character starting at offset 0xaad that is illegal in the current source character set (codepage 65001).
F:\GuanZiwei\newProject\Projector\dlpc350_usb.h(1): warning C4828: The file contains a character starting at offset 0xaaf that is illegal in the current source character set (codepage 65001).
F:\GuanZiwei\newProject\Projector\dlpc350_usb.h(1): warning C4828: The file contains a character starting at offset 0xab0 that is illegal in the current source character set (codepage 65001).
F:\GuanZiwei\newProject\Projector\dlpc350_usb.h(1): warning C4828: The file contains a character starting at offset 0xab1 that is illegal in the current source character set (codepage 65001).
F:\GuanZiwei\newProject\Projector\dlpc350_usb.h(1): warning C4828: The file contains a character starting at offset 0xab6 that is illegal in the current source character set (codepage 65001).
F:\GuanZiwei\newProject\Projector\dlpc350_usb.h(1): warning C4828: The file contains a character starting at offset 0xabb that is illegal in the current source character set (codepage 65001).
F:\GuanZiwei\newProject\Projector\dlpc350_usb.h(1): warning C4828: The file contains a character starting at offset 0xabd that is illegal in the current source character set (codepage 65001).
F:\GuanZiwei\newProject\Projector\dlpc350_usb.h(1): warning C4828: The file contains a character starting at offset 0xabe that is illegal in the current source character set (codepage 65001).
Generating Code...
	cl -c -nologo -Zc:wchar_t -FS -Zc:rvalueCast -Zc:inline -Zc:strictStrings -Zc:throwingNew -permissive- -Zc:__cplusplus -Zc:externConstexpr /arch:AVX -Zi -MDd -std:c++17 -utf-8 -W3 -w34100 -w34189 -w44996 -w44456 -w44457 -w44458 -wd4577 -wd4467 -EHsc /Fddebug\SLCalibration.vc.pdb -DUNICODE -D_UNICODE -DWIN32 -D_ENABLE_EXTENDED_ALIGNED_STORAGE -DWIN64 -DQT_OPENGLWIDGETS_LIB -DQT_WIDGETS_LIB -DQT_OPENGL_LIB -DQT_GUI_LIB -DQT_CONCURRENT_LIB -DQT_CORE_LIB -I. -I. -I..\congliu\chenghao_bps\install\include -IC:\PROGRA~2\MVS\Development\Includes -I..\PCL115~1.1\3rdParty\Eigen3\include\eigen3 -I..\PCL115~1.1\include\pcl-1.15 -IINCLUDEPATH -I+= -I..\PCL115~1.1\include\pcl-1.15\pcl -I..\PCL115~1.1\3rdParty\Boost\include\boost-1_87 -I..\PCL115~1.1\3rdParty\Eigen3\include\eigen3 -I..\PCL115~1.1\3rdParty\FLANN\include -IINCLUDEPATH -I+= -I..\PCL115~1.1\3rdParty\FLANN\include\flann -I..\congliu\chenghao_bps\PCL1.12.1\3rdParty\OpenNI2\Include -I..\PCL115~1.1\3rdParty\Qhull\include -I..\PCL115~1.1\3rdParty\VTK\include\vtk-9.4 -IE:\Qt\6.7.3\msvc2022_64\include -IE:\Qt\6.7.3\msvc2022_64\include\QtOpenGLWidgets -IE:\Qt\6.7.3\msvc2022_64\include\QtWidgets -IE:\Qt\6.7.3\msvc2022_64\include\QtOpenGL -IE:\Qt\6.7.3\msvc2022_64\include\QtGui -IE:\Qt\6.7.3\msvc2022_64\include\QtConcurrent -IE:\Qt\6.7.3\msvc2022_64\include\QtCore -Idebug -I. -I/include -IE:\Qt\6.7.3\msvc2022_64\mkspecs\win32-msvc -Fodebug\ @C:\Users\ffshi\AppData\Local\Temp\nmB1F4.tmp
moc_gcpscalib.cpp
moc_mainwindow.cpp
F:\GuanZiwei\newProject\Projector\dlpc350_usb.h(1): warning C4828: The file contains a character starting at offset 0x7c0 that is illegal in the current source character set (codepage 65001).
F:\GuanZiwei\newProject\Projector\dlpc350_usb.h(1): warning C4828: The file contains a character starting at offset 0x7c1 that is illegal in the current source character set (codepage 65001).
F:\GuanZiwei\newProject\Projector\dlpc350_usb.h(1): warning C4828: The file contains a character starting at offset 0x7c5 that is illegal in the current source character set (codepage 65001).
F:\GuanZiwei\newProject\Projector\dlpc350_usb.h(1): warning C4828: The file contains a character starting at offset 0x7c6 that is illegal in the current source character set (codepage 65001).
F:\GuanZiwei\newProject\Projector\dlpc350_usb.h(1): warning C4828: The file contains a character starting at offset 0x7c8 that is illegal in the current source character set (codepage 65001).
F:\GuanZiwei\newProject\Projector\dlpc350_usb.h(1): warning C4828: The file contains a character starting at offset 0x7ca that is illegal in the current source character set (codepage 65001).
F:\GuanZiwei\newProject\Projector\dlpc350_usb.h(1): warning C4828: The file contains a character starting at offset 0x7cb that is illegal in the current source character set (codepage 65001).
F:\GuanZiwei\newProject\Projector\dlpc350_usb.h(1): warning C4828: The file contains a character starting at offset 0x814 that is illegal in the current source character set (codepage 65001).
F:\GuanZiwei\newProject\Projector\dlpc350_usb.h(1): warning C4828: The file contains a character starting at offset 0x815 that is illegal in the current source character set (codepage 65001).
F:\GuanZiwei\newProject\Projector\dlpc350_usb.h(1): warning C4828: The file contains a character starting at offset 0x819 that is illegal in the current source character set (codepage 65001).
F:\GuanZiwei\newProject\Projector\dlpc350_usb.h(1): warning C4828: The file contains a character starting at offset 0x81b that is illegal in the current source character set (codepage 65001).
F:\GuanZiwei\newProject\Projector\dlpc350_usb.h(1): warning C4828: The file contains a character starting at offset 0x81e that is illegal in the current source character set (codepage 65001).
F:\GuanZiwei\newProject\Projector\dlpc350_usb.h(1): warning C4828: The file contains a character starting at offset 0x81f that is illegal in the current source character set (codepage 65001).
F:\GuanZiwei\newProject\Projector\dlpc350_usb.h(1): warning C4828: The file contains a character starting at offset 0x831 that is illegal in the current source character set (codepage 65001).
F:\GuanZiwei\newProject\Projector\dlpc350_usb.h(1): warning C4828: The file contains a character starting at offset 0x833 that is illegal in the current source character set (codepage 65001).
F:\GuanZiwei\newProject\Projector\dlpc350_usb.h(1): warning C4828: The file contains a character starting at offset 0x835 that is illegal in the current source character set (codepage 65001).
F:\GuanZiwei\newProject\Projector\dlpc350_usb.h(1): warning C4828: The file contains a character starting at offset 0x837 that is illegal in the current source character set (codepage 65001).
F:\GuanZiwei\newProject\Projector\dlpc350_usb.h(1): warning C4828: The file contains a character starting at offset 0x838 that is illegal in the current source character set (codepage 65001).
F:\GuanZiwei\newProject\Projector\dlpc350_usb.h(1): warning C4828: The file contains a character starting at offset 0x839 that is illegal in the current source character set (codepage 65001).
F:\GuanZiwei\newProject\Projector\dlpc350_usb.h(1): warning C4828: The file contains a character starting at offset 0x83c that is illegal in the current source character set (codepage 65001).
F:\GuanZiwei\newProject\Projector\dlpc350_usb.h(1): warning C4828: The file contains a character starting at offset 0x83e that is illegal in the current source character set (codepage 65001).
F:\GuanZiwei\newProject\Projector\dlpc350_usb.h(1): warning C4828: The file contains a character starting at offset 0x841 that is illegal in the current source character set (codepage 65001).
F:\GuanZiwei\newProject\Projector\dlpc350_usb.h(1): warning C4828: The file contains a character starting at offset 0x843 that is illegal in the current source character set (codepage 65001).
F:\GuanZiwei\newProject\Projector\dlpc350_usb.h(1): warning C4828: The file contains a character starting at offset 0x844 that is illegal in the current source character set (codepage 65001).
F:\GuanZiwei\newProject\Projector\dlpc350_usb.h(1): warning C4828: The file contains a character starting at offset 0x845 that is illegal in the current source character set (codepage 65001).
F:\GuanZiwei\newProject\Projector\dlpc350_usb.h(1): warning C4828: The file contains a character starting at offset 0x846 that is illegal in the current source character set (codepage 65001).
F:\GuanZiwei\newProject\Projector\dlpc350_usb.h(1): warning C4828: The file contains a character starting at offset 0x847 that is illegal in the current source character set (codepage 65001).
F:\GuanZiwei\newProject\Projector\dlpc350_usb.h(1): warning C4828: The file contains a character starting at offset 0x848 that is illegal in the current source character set (codepage 65001).
F:\GuanZiwei\newProject\Projector\dlpc350_usb.h(1): warning C4828: The file contains a character starting at offset 0x84a that is illegal in the current source character set (codepage 65001).
F:\GuanZiwei\newProject\Projector\dlpc350_usb.h(1): warning C4828: The file contains a character starting at offset 0x84b that is illegal in the current source character set (codepage 65001).
F:\GuanZiwei\newProject\Projector\dlpc350_usb.h(1): warning C4828: The file contains a character starting at offset 0x84c that is illegal in the current source character set (codepage 65001).
F:\GuanZiwei\newProject\Projector\dlpc350_usb.h(1): warning C4828: The file contains a character starting at offset 0x853 that is illegal in the current source character set (codepage 65001).
F:\GuanZiwei\newProject\Projector\dlpc350_usb.h(1): warning C4828: The file contains a character starting at offset 0x855 that is illegal in the current source character set (codepage 65001).
F:\GuanZiwei\newProject\Projector\dlpc350_usb.h(1): warning C4828: The file contains a character starting at offset 0x856 that is illegal in the current source character set (codepage 65001).
F:\GuanZiwei\newProject\Projector\dlpc350_usb.h(1): warning C4828: The file contains a character starting at offset 0x85a that is illegal in the current source character set (codepage 65001).
F:\GuanZiwei\newProject\Projector\dlpc350_usb.h(1): warning C4828: The file contains a character starting at offset 0x85b that is illegal in the current source character set (codepage 65001).
F:\GuanZiwei\newProject\Projector\dlpc350_usb.h(1): warning C4828: The file contains a character starting at offset 0x85c that is illegal in the current source character set (codepage 65001).
F:\GuanZiwei\newProject\Projector\dlpc350_usb.h(1): warning C4828: The file contains a character starting at offset 0x85f that is illegal in the current source character set (codepage 65001).
F:\GuanZiwei\newProject\Projector\dlpc350_usb.h(1): warning C4828: The file contains a character starting at offset 0x860 that is illegal in the current source character set (codepage 65001).
F:\GuanZiwei\newProject\Projector\dlpc350_usb.h(1): warning C4828: The file contains a character starting at offset 0x861 that is illegal in the current source character set (codepage 65001).
F:\GuanZiwei\newProject\Projector\dlpc350_usb.h(1): warning C4828: The file contains a character starting at offset 0x863 that is illegal in the current source character set (codepage 65001).
F:\GuanZiwei\newProject\Projector\dlpc350_usb.h(1): warning C4828: The file contains a character starting at offset 0x865 that is illegal in the current source character set (codepage 65001).
F:\GuanZiwei\newProject\Projector\dlpc350_usb.h(1): warning C4828: The file contains a character starting at offset 0x867 that is illegal in the current source character set (codepage 65001).
F:\GuanZiwei\newProject\Projector\dlpc350_usb.h(1): warning C4828: The file contains a character starting at offset 0x868 that is illegal in the current source character set (codepage 65001).
F:\GuanZiwei\newProject\Projector\dlpc350_usb.h(1): warning C4828: The file contains a character starting at offset 0x869 that is illegal in the current source character set (codepage 65001).
F:\GuanZiwei\newProject\Projector\dlpc350_usb.h(1): warning C4828: The file contains a character starting at offset 0x86c that is illegal in the current source character set (codepage 65001).
F:\GuanZiwei\newProject\Projector\dlpc350_usb.h(1): warning C4828: The file contains a character starting at offset 0x86f that is illegal in the current source character set (codepage 65001).
F:\GuanZiwei\newProject\Projector\dlpc350_usb.h(1): warning C4828: The file contains a character starting at offset 0x870 that is illegal in the current source character set (codepage 65001).
F:\GuanZiwei\newProject\Projector\dlpc350_usb.h(1): warning C4828: The file contains a character starting at offset 0x871 that is illegal in the current source character set (codepage 65001).
F:\GuanZiwei\newProject\Projector\dlpc350_usb.h(1): warning C4828: The file contains a character starting at offset 0x872 that is illegal in the current source character set (codepage 65001).
F:\GuanZiwei\newProject\Projector\dlpc350_usb.h(1): warning C4828: The file contains a character starting at offset 0x873 that is illegal in the current source character set (codepage 65001).
F:\GuanZiwei\newProject\Projector\dlpc350_usb.h(1): warning C4828: The file contains a character starting at offset 0x874 that is illegal in the current source character set (codepage 65001).
F:\GuanZiwei\newProject\Projector\dlpc350_usb.h(1): warning C4828: The file contains a character starting at offset 0x877 that is illegal in the current source character set (codepage 65001).
F:\GuanZiwei\newProject\Projector\dlpc350_usb.h(1): warning C4828: The file contains a character starting at offset 0x878 that is illegal in the current source character set (codepage 65001).
F:\GuanZiwei\newProject\Projector\dlpc350_usb.h(1): warning C4828: The file contains a character starting at offset 0x8ae that is illegal in the current source character set (codepage 65001).
F:\GuanZiwei\newProject\Projector\dlpc350_usb.h(1): warning C4828: The file contains a character starting at offset 0x8af that is illegal in the current source character set (codepage 65001).
F:\GuanZiwei\newProject\Projector\dlpc350_usb.h(1): warning C4828: The file contains a character starting at offset 0x8b3 that is illegal in the current source character set (codepage 65001).
F:\GuanZiwei\newProject\Projector\dlpc350_usb.h(1): warning C4828: The file contains a character starting at offset 0x8bb that is illegal in the current source character set (codepage 65001).
F:\GuanZiwei\newProject\Projector\dlpc350_usb.h(1): warning C4828: The file contains a character starting at offset 0x8bc that is illegal in the current source character set (codepage 65001).
F:\GuanZiwei\newProject\Projector\dlpc350_usb.h(1): warning C4828: The file contains a character starting at offset 0x8c0 that is illegal in the current source character set (codepage 65001).
F:\GuanZiwei\newProject\Projector\dlpc350_usb.h(1): warning C4828: The file contains a character starting at offset 0x8c1 that is illegal in the current source character set (codepage 65001).
F:\GuanZiwei\newProject\Projector\dlpc350_usb.h(1): warning C4828: The file contains a character starting at offset 0x8c2 that is illegal in the current source character set (codepage 65001).
F:\GuanZiwei\newProject\Projector\dlpc350_usb.h(1): warning C4828: The file contains a character starting at offset 0x8c4 that is illegal in the current source character set (codepage 65001).
F:\GuanZiwei\newProject\Projector\dlpc350_usb.h(1): warning C4828: The file contains a character starting at offset 0x8c8 that is illegal in the current source character set (codepage 65001).
F:\GuanZiwei\newProject\Projector\dlpc350_usb.h(1): warning C4828: The file contains a character starting at offset 0x8cb that is illegal in the current source character set (codepage 65001).
F:\GuanZiwei\newProject\Projector\dlpc350_usb.h(1): warning C4828: The file contains a character starting at offset 0x8cd that is illegal in the current source character set (codepage 65001).
F:\GuanZiwei\newProject\Projector\dlpc350_usb.h(1): warning C4828: The file contains a character starting at offset 0x8cf that is illegal in the current source character set (codepage 65001).
F:\GuanZiwei\newProject\Projector\dlpc350_usb.h(1): warning C4828: The file contains a character starting at offset 0x8d0 that is illegal in the current source character set (codepage 65001).
F:\GuanZiwei\newProject\Projector\dlpc350_usb.h(1): warning C4828: The file contains a character starting at offset 0x8d1 that is illegal in the current source character set (codepage 65001).
F:\GuanZiwei\newProject\Projector\dlpc350_usb.h(1): warning C4828: The file contains a character starting at offset 0x8d4 that is illegal in the current source character set (codepage 65001).
F:\GuanZiwei\newProject\Projector\dlpc350_usb.h(1): warning C4828: The file contains a character starting at offset 0x8d5 that is illegal in the current source character set (codepage 65001).
F:\GuanZiwei\newProject\Projector\dlpc350_usb.h(1): warning C4828: The file contains a character starting at offset 0x8d7 that is illegal in the current source character set (codepage 65001).
F:\GuanZiwei\newProject\Projector\dlpc350_usb.h(1): warning C4828: The file contains a character starting at offset 0x8d8 that is illegal in the current source character set (codepage 65001).
F:\GuanZiwei\newProject\Projector\dlpc350_usb.h(1): warning C4828: The file contains a character starting at offset 0x8da that is illegal in the current source character set (codepage 65001).
F:\GuanZiwei\newProject\Projector\dlpc350_usb.h(1): warning C4828: The file contains a character starting at offset 0x8dc that is illegal in the current source character set (codepage 65001).
F:\GuanZiwei\newProject\Projector\dlpc350_usb.h(1): warning C4828: The file contains a character starting at offset 0x8dd that is illegal in the current source character set (codepage 65001).
F:\GuanZiwei\newProject\Projector\dlpc350_usb.h(1): warning C4828: The file contains a character starting at offset 0x8de that is illegal in the current source character set (codepage 65001).
F:\GuanZiwei\newProject\Projector\dlpc350_usb.h(1): warning C4828: The file contains a character starting at offset 0x8f0 that is illegal in the current source character set (codepage 65001).
F:\GuanZiwei\newProject\Projector\dlpc350_usb.h(1): warning C4828: The file contains a character starting at offset 0x8f3 that is illegal in the current source character set (codepage 65001).
F:\GuanZiwei\newProject\Projector\dlpc350_usb.h(1): warning C4828: The file contains a character starting at offset 0x8fb that is illegal in the current source character set (codepage 65001).
F:\GuanZiwei\newProject\Projector\dlpc350_usb.h(1): warning C4828: The file contains a character starting at offset 0x8fc that is illegal in the current source character set (codepage 65001).
F:\GuanZiwei\newProject\Projector\dlpc350_usb.h(1): warning C4828: The file contains a character starting at offset 0x95a that is illegal in the current source character set (codepage 65001).
F:\GuanZiwei\newProject\Projector\dlpc350_usb.h(1): warning C4828: The file contains a character starting at offset 0x95b that is illegal in the current source character set (codepage 65001).
F:\GuanZiwei\newProject\Projector\dlpc350_usb.h(1): warning C4828: The file contains a character starting at offset 0x95c that is illegal in the current source character set (codepage 65001).
F:\GuanZiwei\newProject\Projector\dlpc350_usb.h(1): warning C4828: The file contains a character starting at offset 0x95d that is illegal in the current source character set (codepage 65001).
F:\GuanZiwei\newProject\Projector\dlpc350_usb.h(1): warning C4828: The file contains a character starting at offset 0x95f that is illegal in the current source character set (codepage 65001).
F:\GuanZiwei\newProject\Projector\dlpc350_usb.h(1): warning C4828: The file contains a character starting at offset 0x963 that is illegal in the current source character set (codepage 65001).
F:\GuanZiwei\newProject\Projector\dlpc350_usb.h(1): warning C4828: The file contains a character starting at offset 0x965 that is illegal in the current source character set (codepage 65001).
F:\GuanZiwei\newProject\Projector\dlpc350_usb.h(1): warning C4828: The file contains a character starting at offset 0x966 that is illegal in the current source character set (codepage 65001).
F:\GuanZiwei\newProject\Projector\dlpc350_usb.h(1): warning C4828: The file contains a character starting at offset 0x968 that is illegal in the current source character set (codepage 65001).
F:\GuanZiwei\newProject\Projector\dlpc350_usb.h(1): warning C4828: The file contains a character starting at offset 0x969 that is illegal in the current source character set (codepage 65001).
F:\GuanZiwei\newProject\Projector\dlpc350_usb.h(1): warning C4828: The file contains a character starting at offset 0x96e that is illegal in the current source character set (codepage 65001).
F:\GuanZiwei\newProject\Projector\dlpc350_usb.h(1): warning C4828: The file contains a character starting at offset 0x96f that is illegal in the current source character set (codepage 65001).
F:\GuanZiwei\newProject\Projector\dlpc350_usb.h(1): warning C4828: The file contains a character starting at offset 0x971 that is illegal in the current source character set (codepage 65001).
F:\GuanZiwei\newProject\Projector\dlpc350_usb.h(1): warning C4828: The file contains a character starting at offset 0x980 that is illegal in the current source character set (codepage 65001).
F:\GuanZiwei\newProject\Projector\dlpc350_usb.h(1): warning C4828: The file contains a character starting at offset 0x982 that is illegal in the current source character set (codepage 65001).
F:\GuanZiwei\newProject\Projector\dlpc350_usb.h(1): warning C4828: The file contains a character starting at offset 0x987 that is illegal in the current source character set (codepage 65001).
F:\GuanZiwei\newProject\Projector\dlpc350_usb.h(1): warning C4828: The file contains a character starting at offset 0x98b that is illegal in the current source character set (codepage 65001).
F:\GuanZiwei\newProject\Projector\dlpc350_usb.h(1): warning C4828: The file contains a character starting at offset 0x998 that is illegal in the current source character set (codepage 65001).
F:\GuanZiwei\newProject\Projector\dlpc350_usb.h(1): warning C4828: The file contains a character starting at offset 0x999 that is illegal in the current source character set (codepage 65001).
F:\GuanZiwei\newProject\Projector\dlpc350_usb.h(1): warning C4828: The file contains a character starting at offset 0x99a that is illegal in the current source character set (codepage 65001).
F:\GuanZiwei\newProject\Projector\dlpc350_usb.h(1): warning C4828: The file contains a character starting at offset 0x99e that is illegal in the current source character set (codepage 65001).
F:\GuanZiwei\newProject\Projector\dlpc350_usb.h(1): warning C4828: The file contains a character starting at offset 0x99f that is illegal in the current source character set (codepage 65001).
F:\GuanZiwei\newProject\Projector\dlpc350_usb.h(1): warning C4828: The file contains a character starting at offset 0x9a0 that is illegal in the current source character set (codepage 65001).
F:\GuanZiwei\newProject\Projector\dlpc350_usb.h(1): warning C4828: The file contains a character starting at offset 0x9a4 that is illegal in the current source character set (codepage 65001).
F:\GuanZiwei\newProject\Projector\dlpc350_usb.h(1): warning C4828: The file contains a character starting at offset 0x9a6 that is illegal in the current source character set (codepage 65001).
F:\GuanZiwei\newProject\Projector\dlpc350_usb.h(1): warning C4828: The file contains a character starting at offset 0x9a7 that is illegal in the current source character set (codepage 65001).
F:\GuanZiwei\newProject\Projector\dlpc350_usb.h(1): warning C4828: The file contains a character starting at offset 0x9b8 that is illegal in the current source character set (codepage 65001).
F:\GuanZiwei\newProject\Projector\dlpc350_usb.h(1): warning C4828: The file contains a character starting at offset 0x9bb that is illegal in the current source character set (codepage 65001).
F:\GuanZiwei\newProject\Projector\dlpc350_usb.h(1): warning C4828: The file contains a character starting at offset 0x9c1 that is illegal in the current source character set (codepage 65001).
F:\GuanZiwei\newProject\Projector\dlpc350_usb.h(1): warning C4828: The file contains a character starting at offset 0x9c3 that is illegal in the current source character set (codepage 65001).
F:\GuanZiwei\newProject\Projector\dlpc350_usb.h(1): warning C4828: The file contains a character starting at offset 0x9c4 that is illegal in the current source character set (codepage 65001).
F:\GuanZiwei\newProject\Projector\dlpc350_usb.h(1): warning C4828: The file contains a character starting at offset 0x9c5 that is illegal in the current source character set (codepage 65001).
F:\GuanZiwei\newProject\Projector\dlpc350_usb.h(1): warning C4828: The file contains a character starting at offset 0x9c6 that is illegal in the current source character set (codepage 65001).
F:\GuanZiwei\newProject\Projector\dlpc350_usb.h(1): warning C4828: The file contains a character starting at offset 0xa0f that is illegal in the current source character set (codepage 65001).
F:\GuanZiwei\newProject\Projector\dlpc350_usb.h(1): warning C4828: The file contains a character starting at offset 0xa10 that is illegal in the current source character set (codepage 65001).
F:\GuanZiwei\newProject\Projector\dlpc350_usb.h(1): warning C4828: The file contains a character starting at offset 0xa13 that is illegal in the current source character set (codepage 65001).
F:\GuanZiwei\newProject\Projector\dlpc350_usb.h(1): warning C4828: The file contains a character starting at offset 0xa14 that is illegal in the current source character set (codepage 65001).
F:\GuanZiwei\newProject\Projector\dlpc350_usb.h(1): warning C4828: The file contains a character starting at offset 0xa17 that is illegal in the current source character set (codepage 65001).
F:\GuanZiwei\newProject\Projector\dlpc350_usb.h(1): warning C4828: The file contains a character starting at offset 0xa1a that is illegal in the current source character set (codepage 65001).
F:\GuanZiwei\newProject\Projector\dlpc350_usb.h(1): warning C4828: The file contains a character starting at offset 0xa1d that is illegal in the current source character set (codepage 65001).
F:\GuanZiwei\newProject\Projector\dlpc350_usb.h(1): warning C4828: The file contains a character starting at offset 0xa1e that is illegal in the current source character set (codepage 65001).
F:\GuanZiwei\newProject\Projector\dlpc350_usb.h(1): warning C4828: The file contains a character starting at offset 0xa20 that is illegal in the current source character set (codepage 65001).
F:\GuanZiwei\newProject\Projector\dlpc350_usb.h(1): warning C4828: The file contains a character starting at offset 0xa24 that is illegal in the current source character set (codepage 65001).
F:\GuanZiwei\newProject\Projector\dlpc350_usb.h(1): warning C4828: The file contains a character starting at offset 0xa27 that is illegal in the current source character set (codepage 65001).
F:\GuanZiwei\newProject\Projector\dlpc350_usb.h(1): warning C4828: The file contains a character starting at offset 0xa29 that is illegal in the current source character set (codepage 65001).
F:\GuanZiwei\newProject\Projector\dlpc350_usb.h(1): warning C4828: The file contains a character starting at offset 0xa2a that is illegal in the current source character set (codepage 65001).
F:\GuanZiwei\newProject\Projector\dlpc350_usb.h(1): warning C4828: The file contains a character starting at offset 0xaab that is illegal in the current source character set (codepage 65001).
F:\GuanZiwei\newProject\Projector\dlpc350_usb.h(1): warning C4828: The file contains a character starting at offset 0xaad that is illegal in the current source character set (codepage 65001).
F:\GuanZiwei\newProject\Projector\dlpc350_usb.h(1): warning C4828: The file contains a character starting at offset 0xaaf that is illegal in the current source character set (codepage 65001).
F:\GuanZiwei\newProject\Projector\dlpc350_usb.h(1): warning C4828: The file contains a character starting at offset 0xab0 that is illegal in the current source character set (codepage 65001).
F:\GuanZiwei\newProject\Projector\dlpc350_usb.h(1): warning C4828: The file contains a character starting at offset 0xab1 that is illegal in the current source character set (codepage 65001).
F:\GuanZiwei\newProject\Projector\dlpc350_usb.h(1): warning C4828: The file contains a character starting at offset 0xab6 that is illegal in the current source character set (codepage 65001).
F:\GuanZiwei\newProject\Projector\dlpc350_usb.h(1): warning C4828: The file contains a character starting at offset 0xabb that is illegal in the current source character set (codepage 65001).
F:\GuanZiwei\newProject\Projector\dlpc350_usb.h(1): warning C4828: The file contains a character starting at offset 0xabd that is illegal in the current source character set (codepage 65001).
F:\GuanZiwei\newProject\Projector\dlpc350_usb.h(1): warning C4828: The file contains a character starting at offset 0xabe that is illegal in the current source character set (codepage 65001).
moc_pointcloudwidget.cpp
moc_reconengine.cpp
moc_reconworker.cpp
moc_singlecalibrationwidget.cpp
F:\GuanZiwei\newProject\Projector\dlpc350_usb.h(1): warning C4828: The file contains a character starting at offset 0x7c0 that is illegal in the current source character set (codepage 65001).
F:\GuanZiwei\newProject\Projector\dlpc350_usb.h(1): warning C4828: The file contains a character starting at offset 0x7c1 that is illegal in the current source character set (codepage 65001).
F:\GuanZiwei\newProject\Projector\dlpc350_usb.h(1): warning C4828: The file contains a character starting at offset 0x7c5 that is illegal in the current source character set (codepage 65001).
F:\GuanZiwei\newProject\Projector\dlpc350_usb.h(1): warning C4828: The file contains a character starting at offset 0x7c6 that is illegal in the current source character set (codepage 65001).
F:\GuanZiwei\newProject\Projector\dlpc350_usb.h(1): warning C4828: The file contains a character starting at offset 0x7c8 that is illegal in the current source character set (codepage 65001).
F:\GuanZiwei\newProject\Projector\dlpc350_usb.h(1): warning C4828: The file contains a character starting at offset 0x7ca that is illegal in the current source character set (codepage 65001).
F:\GuanZiwei\newProject\Projector\dlpc350_usb.h(1): warning C4828: The file contains a character starting at offset 0x7cb that is illegal in the current source character set (codepage 65001).
F:\GuanZiwei\newProject\Projector\dlpc350_usb.h(1): warning C4828: The file contains a character starting at offset 0x814 that is illegal in the current source character set (codepage 65001).
F:\GuanZiwei\newProject\Projector\dlpc350_usb.h(1): warning C4828: The file contains a character starting at offset 0x815 that is illegal in the current source character set (codepage 65001).
F:\GuanZiwei\newProject\Projector\dlpc350_usb.h(1): warning C4828: The file contains a character starting at offset 0x819 that is illegal in the current source character set (codepage 65001).
F:\GuanZiwei\newProject\Projector\dlpc350_usb.h(1): warning C4828: The file contains a character starting at offset 0x81b that is illegal in the current source character set (codepage 65001).
F:\GuanZiwei\newProject\Projector\dlpc350_usb.h(1): warning C4828: The file contains a character starting at offset 0x81e that is illegal in the current source character set (codepage 65001).
F:\GuanZiwei\newProject\Projector\dlpc350_usb.h(1): warning C4828: The file contains a character starting at offset 0x81f that is illegal in the current source character set (codepage 65001).
F:\GuanZiwei\newProject\Projector\dlpc350_usb.h(1): warning C4828: The file contains a character starting at offset 0x831 that is illegal in the current source character set (codepage 65001).
F:\GuanZiwei\newProject\Projector\dlpc350_usb.h(1): warning C4828: The file contains a character starting at offset 0x833 that is illegal in the current source character set (codepage 65001).
F:\GuanZiwei\newProject\Projector\dlpc350_usb.h(1): warning C4828: The file contains a character starting at offset 0x835 that is illegal in the current source character set (codepage 65001).
F:\GuanZiwei\newProject\Projector\dlpc350_usb.h(1): warning C4828: The file contains a character starting at offset 0x837 that is illegal in the current source character set (codepage 65001).
F:\GuanZiwei\newProject\Projector\dlpc350_usb.h(1): warning C4828: The file contains a character starting at offset 0x838 that is illegal in the current source character set (codepage 65001).
F:\GuanZiwei\newProject\Projector\dlpc350_usb.h(1): warning C4828: The file contains a character starting at offset 0x839 that is illegal in the current source character set (codepage 65001).
F:\GuanZiwei\newProject\Projector\dlpc350_usb.h(1): warning C4828: The file contains a character starting at offset 0x83c that is illegal in the current source character set (codepage 65001).
F:\GuanZiwei\newProject\Projector\dlpc350_usb.h(1): warning C4828: The file contains a character starting at offset 0x83e that is illegal in the current source character set (codepage 65001).
F:\GuanZiwei\newProject\Projector\dlpc350_usb.h(1): warning C4828: The file contains a character starting at offset 0x841 that is illegal in the current source character set (codepage 65001).
F:\GuanZiwei\newProject\Projector\dlpc350_usb.h(1): warning C4828: The file contains a character starting at offset 0x843 that is illegal in the current source character set (codepage 65001).
F:\GuanZiwei\newProject\Projector\dlpc350_usb.h(1): warning C4828: The file contains a character starting at offset 0x844 that is illegal in the current source character set (codepage 65001).
F:\GuanZiwei\newProject\Projector\dlpc350_usb.h(1): warning C4828: The file contains a character starting at offset 0x845 that is illegal in the current source character set (codepage 65001).
F:\GuanZiwei\newProject\Projector\dlpc350_usb.h(1): warning C4828: The file contains a character starting at offset 0x846 that is illegal in the current source character set (codepage 65001).
F:\GuanZiwei\newProject\Projector\dlpc350_usb.h(1): warning C4828: The file contains a character starting at offset 0x847 that is illegal in the current source character set (codepage 65001).
F:\GuanZiwei\newProject\Projector\dlpc350_usb.h(1): warning C4828: The file contains a character starting at offset 0x848 that is illegal in the current source character set (codepage 65001).
F:\GuanZiwei\newProject\Projector\dlpc350_usb.h(1): warning C4828: The file contains a character starting at offset 0x84a that is illegal in the current source character set (codepage 65001).
F:\GuanZiwei\newProject\Projector\dlpc350_usb.h(1): warning C4828: The file contains a character starting at offset 0x84b that is illegal in the current source character set (codepage 65001).
F:\GuanZiwei\newProject\Projector\dlpc350_usb.h(1): warning C4828: The file contains a character starting at offset 0x84c that is illegal in the current source character set (codepage 65001).
F:\GuanZiwei\newProject\Projector\dlpc350_usb.h(1): warning C4828: The file contains a character starting at offset 0x853 that is illegal in the current source character set (codepage 65001).
F:\GuanZiwei\newProject\Projector\dlpc350_usb.h(1): warning C4828: The file contains a character starting at offset 0x855 that is illegal in the current source character set (codepage 65001).
F:\GuanZiwei\newProject\Projector\dlpc350_usb.h(1): warning C4828: The file contains a character starting at offset 0x856 that is illegal in the current source character set (codepage 65001).
F:\GuanZiwei\newProject\Projector\dlpc350_usb.h(1): warning C4828: The file contains a character starting at offset 0x85a that is illegal in the current source character set (codepage 65001).
F:\GuanZiwei\newProject\Projector\dlpc350_usb.h(1): warning C4828: The file contains a character starting at offset 0x85b that is illegal in the current source character set (codepage 65001).
F:\GuanZiwei\newProject\Projector\dlpc350_usb.h(1): warning C4828: The file contains a character starting at offset 0x85c that is illegal in the current source character set (codepage 65001).
F:\GuanZiwei\newProject\Projector\dlpc350_usb.h(1): warning C4828: The file contains a character starting at offset 0x85f that is illegal in the current source character set (codepage 65001).
F:\GuanZiwei\newProject\Projector\dlpc350_usb.h(1): warning C4828: The file contains a character starting at offset 0x860 that is illegal in the current source character set (codepage 65001).
F:\GuanZiwei\newProject\Projector\dlpc350_usb.h(1): warning C4828: The file contains a character starting at offset 0x861 that is illegal in the current source character set (codepage 65001).
F:\GuanZiwei\newProject\Projector\dlpc350_usb.h(1): warning C4828: The file contains a character starting at offset 0x863 that is illegal in the current source character set (codepage 65001).
F:\GuanZiwei\newProject\Projector\dlpc350_usb.h(1): warning C4828: The file contains a character starting at offset 0x865 that is illegal in the current source character set (codepage 65001).
F:\GuanZiwei\newProject\Projector\dlpc350_usb.h(1): warning C4828: The file contains a character starting at offset 0x867 that is illegal in the current source character set (codepage 65001).
F:\GuanZiwei\newProject\Projector\dlpc350_usb.h(1): warning C4828: The file contains a character starting at offset 0x868 that is illegal in the current source character set (codepage 65001).
F:\GuanZiwei\newProject\Projector\dlpc350_usb.h(1): warning C4828: The file contains a character starting at offset 0x869 that is illegal in the current source character set (codepage 65001).
F:\GuanZiwei\newProject\Projector\dlpc350_usb.h(1): warning C4828: The file contains a character starting at offset 0x86c that is illegal in the current source character set (codepage 65001).
F:\GuanZiwei\newProject\Projector\dlpc350_usb.h(1): warning C4828: The file contains a character starting at offset 0x86f that is illegal in the current source character set (codepage 65001).
F:\GuanZiwei\newProject\Projector\dlpc350_usb.h(1): warning C4828: The file contains a character starting at offset 0x870 that is illegal in the current source character set (codepage 65001).
F:\GuanZiwei\newProject\Projector\dlpc350_usb.h(1): warning C4828: The file contains a character starting at offset 0x871 that is illegal in the current source character set (codepage 65001).
F:\GuanZiwei\newProject\Projector\dlpc350_usb.h(1): warning C4828: The file contains a character starting at offset 0x872 that is illegal in the current source character set (codepage 65001).
F:\GuanZiwei\newProject\Projector\dlpc350_usb.h(1): warning C4828: The file contains a character starting at offset 0x873 that is illegal in the current source character set (codepage 65001).
F:\GuanZiwei\newProject\Projector\dlpc350_usb.h(1): warning C4828: The file contains a character starting at offset 0x874 that is illegal in the current source character set (codepage 65001).
F:\GuanZiwei\newProject\Projector\dlpc350_usb.h(1): warning C4828: The file contains a character starting at offset 0x877 that is illegal in the current source character set (codepage 65001).
F:\GuanZiwei\newProject\Projector\dlpc350_usb.h(1): warning C4828: The file contains a character starting at offset 0x878 that is illegal in the current source character set (codepage 65001).
F:\GuanZiwei\newProject\Projector\dlpc350_usb.h(1): warning C4828: The file contains a character starting at offset 0x8ae that is illegal in the current source character set (codepage 65001).
F:\GuanZiwei\newProject\Projector\dlpc350_usb.h(1): warning C4828: The file contains a character starting at offset 0x8af that is illegal in the current source character set (codepage 65001).
F:\GuanZiwei\newProject\Projector\dlpc350_usb.h(1): warning C4828: The file contains a character starting at offset 0x8b3 that is illegal in the current source character set (codepage 65001).
F:\GuanZiwei\newProject\Projector\dlpc350_usb.h(1): warning C4828: The file contains a character starting at offset 0x8bb that is illegal in the current source character set (codepage 65001).
F:\GuanZiwei\newProject\Projector\dlpc350_usb.h(1): warning C4828: The file contains a character starting at offset 0x8bc that is illegal in the current source character set (codepage 65001).
F:\GuanZiwei\newProject\Projector\dlpc350_usb.h(1): warning C4828: The file contains a character starting at offset 0x8c0 that is illegal in the current source character set (codepage 65001).
F:\GuanZiwei\newProject\Projector\dlpc350_usb.h(1): warning C4828: The file contains a character starting at offset 0x8c1 that is illegal in the current source character set (codepage 65001).
F:\GuanZiwei\newProject\Projector\dlpc350_usb.h(1): warning C4828: The file contains a character starting at offset 0x8c2 that is illegal in the current source character set (codepage 65001).
F:\GuanZiwei\newProject\Projector\dlpc350_usb.h(1): warning C4828: The file contains a character starting at offset 0x8c4 that is illegal in the current source character set (codepage 65001).
F:\GuanZiwei\newProject\Projector\dlpc350_usb.h(1): warning C4828: The file contains a character starting at offset 0x8c8 that is illegal in the current source character set (codepage 65001).
F:\GuanZiwei\newProject\Projector\dlpc350_usb.h(1): warning C4828: The file contains a character starting at offset 0x8cb that is illegal in the current source character set (codepage 65001).
F:\GuanZiwei\newProject\Projector\dlpc350_usb.h(1): warning C4828: The file contains a character starting at offset 0x8cd that is illegal in the current source character set (codepage 65001).
F:\GuanZiwei\newProject\Projector\dlpc350_usb.h(1): warning C4828: The file contains a character starting at offset 0x8cf that is illegal in the current source character set (codepage 65001).
F:\GuanZiwei\newProject\Projector\dlpc350_usb.h(1): warning C4828: The file contains a character starting at offset 0x8d0 that is illegal in the current source character set (codepage 65001).
F:\GuanZiwei\newProject\Projector\dlpc350_usb.h(1): warning C4828: The file contains a character starting at offset 0x8d1 that is illegal in the current source character set (codepage 65001).
F:\GuanZiwei\newProject\Projector\dlpc350_usb.h(1): warning C4828: The file contains a character starting at offset 0x8d4 that is illegal in the current source character set (codepage 65001).
F:\GuanZiwei\newProject\Projector\dlpc350_usb.h(1): warning C4828: The file contains a character starting at offset 0x8d5 that is illegal in the current source character set (codepage 65001).
F:\GuanZiwei\newProject\Projector\dlpc350_usb.h(1): warning C4828: The file contains a character starting at offset 0x8d7 that is illegal in the current source character set (codepage 65001).
F:\GuanZiwei\newProject\Projector\dlpc350_usb.h(1): warning C4828: The file contains a character starting at offset 0x8d8 that is illegal in the current source character set (codepage 65001).
F:\GuanZiwei\newProject\Projector\dlpc350_usb.h(1): warning C4828: The file contains a character starting at offset 0x8da that is illegal in the current source character set (codepage 65001).
F:\GuanZiwei\newProject\Projector\dlpc350_usb.h(1): warning C4828: The file contains a character starting at offset 0x8dc that is illegal in the current source character set (codepage 65001).
F:\GuanZiwei\newProject\Projector\dlpc350_usb.h(1): warning C4828: The file contains a character starting at offset 0x8dd that is illegal in the current source character set (codepage 65001).
F:\GuanZiwei\newProject\Projector\dlpc350_usb.h(1): warning C4828: The file contains a character starting at offset 0x8de that is illegal in the current source character set (codepage 65001).
F:\GuanZiwei\newProject\Projector\dlpc350_usb.h(1): warning C4828: The file contains a character starting at offset 0x8f0 that is illegal in the current source character set (codepage 65001).
F:\GuanZiwei\newProject\Projector\dlpc350_usb.h(1): warning C4828: The file contains a character starting at offset 0x8f3 that is illegal in the current source character set (codepage 65001).
F:\GuanZiwei\newProject\Projector\dlpc350_usb.h(1): warning C4828: The file contains a character starting at offset 0x8fb that is illegal in the current source character set (codepage 65001).
F:\GuanZiwei\newProject\Projector\dlpc350_usb.h(1): warning C4828: The file contains a character starting at offset 0x8fc that is illegal in the current source character set (codepage 65001).
F:\GuanZiwei\newProject\Projector\dlpc350_usb.h(1): warning C4828: The file contains a character starting at offset 0x95a that is illegal in the current source character set (codepage 65001).
F:\GuanZiwei\newProject\Projector\dlpc350_usb.h(1): warning C4828: The file contains a character starting at offset 0x95b that is illegal in the current source character set (codepage 65001).
F:\GuanZiwei\newProject\Projector\dlpc350_usb.h(1): warning C4828: The file contains a character starting at offset 0x95c that is illegal in the current source character set (codepage 65001).
F:\GuanZiwei\newProject\Projector\dlpc350_usb.h(1): warning C4828: The file contains a character starting at offset 0x95d that is illegal in the current source character set (codepage 65001).
F:\GuanZiwei\newProject\Projector\dlpc350_usb.h(1): warning C4828: The file contains a character starting at offset 0x95f that is illegal in the current source character set (codepage 65001).
F:\GuanZiwei\newProject\Projector\dlpc350_usb.h(1): warning C4828: The file contains a character starting at offset 0x963 that is illegal in the current source character set (codepage 65001).
F:\GuanZiwei\newProject\Projector\dlpc350_usb.h(1): warning C4828: The file contains a character starting at offset 0x965 that is illegal in the current source character set (codepage 65001).
F:\GuanZiwei\newProject\Projector\dlpc350_usb.h(1): warning C4828: The file contains a character starting at offset 0x966 that is illegal in the current source character set (codepage 65001).
F:\GuanZiwei\newProject\Projector\dlpc350_usb.h(1): warning C4828: The file contains a character starting at offset 0x968 that is illegal in the current source character set (codepage 65001).
F:\GuanZiwei\newProject\Projector\dlpc350_usb.h(1): warning C4828: The file contains a character starting at offset 0x969 that is illegal in the current source character set (codepage 65001).
F:\GuanZiwei\newProject\Projector\dlpc350_usb.h(1): warning C4828: The file contains a character starting at offset 0x96e that is illegal in the current source character set (codepage 65001).
F:\GuanZiwei\newProject\Projector\dlpc350_usb.h(1): warning C4828: The file contains a character starting at offset 0x96f that is illegal in the current source character set (codepage 65001).
F:\GuanZiwei\newProject\Projector\dlpc350_usb.h(1): warning C4828: The file contains a character starting at offset 0x971 that is illegal in the current source character set (codepage 65001).
F:\GuanZiwei\newProject\Projector\dlpc350_usb.h(1): warning C4828: The file contains a character starting at offset 0x980 that is illegal in the current source character set (codepage 65001).
F:\GuanZiwei\newProject\Projector\dlpc350_usb.h(1): warning C4828: The file contains a character starting at offset 0x982 that is illegal in the current source character set (codepage 65001).
F:\GuanZiwei\newProject\Projector\dlpc350_usb.h(1): warning C4828: The file contains a character starting at offset 0x987 that is illegal in the current source character set (codepage 65001).
F:\GuanZiwei\newProject\Projector\dlpc350_usb.h(1): warning C4828: The file contains a character starting at offset 0x98b that is illegal in the current source character set (codepage 65001).
F:\GuanZiwei\newProject\Projector\dlpc350_usb.h(1): warning C4828: The file contains a character starting at offset 0x998 that is illegal in the current source character set (codepage 65001).
F:\GuanZiwei\newProject\Projector\dlpc350_usb.h(1): warning C4828: The file contains a character starting at offset 0x999 that is illegal in the current source character set (codepage 65001).
F:\GuanZiwei\newProject\Projector\dlpc350_usb.h(1): warning C4828: The file contains a character starting at offset 0x99a that is illegal in the current source character set (codepage 65001).
F:\GuanZiwei\newProject\Projector\dlpc350_usb.h(1): warning C4828: The file contains a character starting at offset 0x99e that is illegal in the current source character set (codepage 65001).
F:\GuanZiwei\newProject\Projector\dlpc350_usb.h(1): warning C4828: The file contains a character starting at offset 0x99f that is illegal in the current source character set (codepage 65001).
F:\GuanZiwei\newProject\Projector\dlpc350_usb.h(1): warning C4828: The file contains a character starting at offset 0x9a0 that is illegal in the current source character set (codepage 65001).
F:\GuanZiwei\newProject\Projector\dlpc350_usb.h(1): warning C4828: The file contains a character starting at offset 0x9a4 that is illegal in the current source character set (codepage 65001).
F:\GuanZiwei\newProject\Projector\dlpc350_usb.h(1): warning C4828: The file contains a character starting at offset 0x9a6 that is illegal in the current source character set (codepage 65001).
F:\GuanZiwei\newProject\Projector\dlpc350_usb.h(1): warning C4828: The file contains a character starting at offset 0x9a7 that is illegal in the current source character set (codepage 65001).
F:\GuanZiwei\newProject\Projector\dlpc350_usb.h(1): warning C4828: The file contains a character starting at offset 0x9b8 that is illegal in the current source character set (codepage 65001).
F:\GuanZiwei\newProject\Projector\dlpc350_usb.h(1): warning C4828: The file contains a character starting at offset 0x9bb that is illegal in the current source character set (codepage 65001).
F:\GuanZiwei\newProject\Projector\dlpc350_usb.h(1): warning C4828: The file contains a character starting at offset 0x9c1 that is illegal in the current source character set (codepage 65001).
F:\GuanZiwei\newProject\Projector\dlpc350_usb.h(1): warning C4828: The file contains a character starting at offset 0x9c3 that is illegal in the current source character set (codepage 65001).
F:\GuanZiwei\newProject\Projector\dlpc350_usb.h(1): warning C4828: The file contains a character starting at offset 0x9c4 that is illegal in the current source character set (codepage 65001).
F:\GuanZiwei\newProject\Projector\dlpc350_usb.h(1): warning C4828: The file contains a character starting at offset 0x9c5 that is illegal in the current source character set (codepage 65001).
F:\GuanZiwei\newProject\Projector\dlpc350_usb.h(1): warning C4828: The file contains a character starting at offset 0x9c6 that is illegal in the current source character set (codepage 65001).
F:\GuanZiwei\newProject\Projector\dlpc350_usb.h(1): warning C4828: The file contains a character starting at offset 0xa0f that is illegal in the current source character set (codepage 65001).
F:\GuanZiwei\newProject\Projector\dlpc350_usb.h(1): warning C4828: The file contains a character starting at offset 0xa10 that is illegal in the current source character set (codepage 65001).
F:\GuanZiwei\newProject\Projector\dlpc350_usb.h(1): warning C4828: The file contains a character starting at offset 0xa13 that is illegal in the current source character set (codepage 65001).
F:\GuanZiwei\newProject\Projector\dlpc350_usb.h(1): warning C4828: The file contains a character starting at offset 0xa14 that is illegal in the current source character set (codepage 65001).
F:\GuanZiwei\newProject\Projector\dlpc350_usb.h(1): warning C4828: The file contains a character starting at offset 0xa17 that is illegal in the current source character set (codepage 65001).
F:\GuanZiwei\newProject\Projector\dlpc350_usb.h(1): warning C4828: The file contains a character starting at offset 0xa1a that is illegal in the current source character set (codepage 65001).
F:\GuanZiwei\newProject\Projector\dlpc350_usb.h(1): warning C4828: The file contains a character starting at offset 0xa1d that is illegal in the current source character set (codepage 65001).
F:\GuanZiwei\newProject\Projector\dlpc350_usb.h(1): warning C4828: The file contains a character starting at offset 0xa1e that is illegal in the current source character set (codepage 65001).
F:\GuanZiwei\newProject\Projector\dlpc350_usb.h(1): warning C4828: The file contains a character starting at offset 0xa20 that is illegal in the current source character set (codepage 65001).
F:\GuanZiwei\newProject\Projector\dlpc350_usb.h(1): warning C4828: The file contains a character starting at offset 0xa24 that is illegal in the current source character set (codepage 65001).
F:\GuanZiwei\newProject\Projector\dlpc350_usb.h(1): warning C4828: The file contains a character starting at offset 0xa27 that is illegal in the current source character set (codepage 65001).
F:\GuanZiwei\newProject\Projector\dlpc350_usb.h(1): warning C4828: The file contains a character starting at offset 0xa29 that is illegal in the current source character set (codepage 65001).
F:\GuanZiwei\newProject\Projector\dlpc350_usb.h(1): warning C4828: The file contains a character starting at offset 0xa2a that is illegal in the current source character set (codepage 65001).
F:\GuanZiwei\newProject\Projector\dlpc350_usb.h(1): warning C4828: The file contains a character starting at offset 0xaab that is illegal in the current source character set (codepage 65001).
F:\GuanZiwei\newProject\Projector\dlpc350_usb.h(1): warning C4828: The file contains a character starting at offset 0xaad that is illegal in the current source character set (codepage 65001).
F:\GuanZiwei\newProject\Projector\dlpc350_usb.h(1): warning C4828: The file contains a character starting at offset 0xaaf that is illegal in the current source character set (codepage 65001).
F:\GuanZiwei\newProject\Projector\dlpc350_usb.h(1): warning C4828: The file contains a character starting at offset 0xab0 that is illegal in the current source character set (codepage 65001).
F:\GuanZiwei\newProject\Projector\dlpc350_usb.h(1): warning C4828: The file contains a character starting at offset 0xab1 that is illegal in the current source character set (codepage 65001).
F:\GuanZiwei\newProject\Projector\dlpc350_usb.h(1): warning C4828: The file contains a character starting at offset 0xab6 that is illegal in the current source character set (codepage 65001).
F:\GuanZiwei\newProject\Projector\dlpc350_usb.h(1): warning C4828: The file contains a character starting at offset 0xabb that is illegal in the current source character set (codepage 65001).
F:\GuanZiwei\newProject\Projector\dlpc350_usb.h(1): warning C4828: The file contains a character starting at offset 0xabd that is illegal in the current source character set (codepage 65001).
F:\GuanZiwei\newProject\Projector\dlpc350_usb.h(1): warning C4828: The file contains a character starting at offset 0xabe that is illegal in the current source character set (codepage 65001).
moc_singlecameracontrolwidget.cpp
moc_singleprojectorcontrolwidget.cpp
F:\GuanZiwei\newProject\Projector\dlpc350_usb.h(1): warning C4828: The file contains a character starting at offset 0x7c0 that is illegal in the current source character set (codepage 65001).
F:\GuanZiwei\newProject\Projector\dlpc350_usb.h(1): warning C4828: The file contains a character starting at offset 0x7c1 that is illegal in the current source character set (codepage 65001).
F:\GuanZiwei\newProject\Projector\dlpc350_usb.h(1): warning C4828: The file contains a character starting at offset 0x7c5 that is illegal in the current source character set (codepage 65001).
F:\GuanZiwei\newProject\Projector\dlpc350_usb.h(1): warning C4828: The file contains a character starting at offset 0x7c6 that is illegal in the current source character set (codepage 65001).
F:\GuanZiwei\newProject\Projector\dlpc350_usb.h(1): warning C4828: The file contains a character starting at offset 0x7c8 that is illegal in the current source character set (codepage 65001).
F:\GuanZiwei\newProject\Projector\dlpc350_usb.h(1): warning C4828: The file contains a character starting at offset 0x7ca that is illegal in the current source character set (codepage 65001).
F:\GuanZiwei\newProject\Projector\dlpc350_usb.h(1): warning C4828: The file contains a character starting at offset 0x7cb that is illegal in the current source character set (codepage 65001).
F:\GuanZiwei\newProject\Projector\dlpc350_usb.h(1): warning C4828: The file contains a character starting at offset 0x814 that is illegal in the current source character set (codepage 65001).
F:\GuanZiwei\newProject\Projector\dlpc350_usb.h(1): warning C4828: The file contains a character starting at offset 0x815 that is illegal in the current source character set (codepage 65001).
F:\GuanZiwei\newProject\Projector\dlpc350_usb.h(1): warning C4828: The file contains a character starting at offset 0x819 that is illegal in the current source character set (codepage 65001).
F:\GuanZiwei\newProject\Projector\dlpc350_usb.h(1): warning C4828: The file contains a character starting at offset 0x81b that is illegal in the current source character set (codepage 65001).
F:\GuanZiwei\newProject\Projector\dlpc350_usb.h(1): warning C4828: The file contains a character starting at offset 0x81e that is illegal in the current source character set (codepage 65001).
F:\GuanZiwei\newProject\Projector\dlpc350_usb.h(1): warning C4828: The file contains a character starting at offset 0x81f that is illegal in the current source character set (codepage 65001).
F:\GuanZiwei\newProject\Projector\dlpc350_usb.h(1): warning C4828: The file contains a character starting at offset 0x831 that is illegal in the current source character set (codepage 65001).
F:\GuanZiwei\newProject\Projector\dlpc350_usb.h(1): warning C4828: The file contains a character starting at offset 0x833 that is illegal in the current source character set (codepage 65001).
F:\GuanZiwei\newProject\Projector\dlpc350_usb.h(1): warning C4828: The file contains a character starting at offset 0x835 that is illegal in the current source character set (codepage 65001).
F:\GuanZiwei\newProject\Projector\dlpc350_usb.h(1): warning C4828: The file contains a character starting at offset 0x837 that is illegal in the current source character set (codepage 65001).
F:\GuanZiwei\newProject\Projector\dlpc350_usb.h(1): warning C4828: The file contains a character starting at offset 0x838 that is illegal in the current source character set (codepage 65001).
F:\GuanZiwei\newProject\Projector\dlpc350_usb.h(1): warning C4828: The file contains a character starting at offset 0x839 that is illegal in the current source character set (codepage 65001).
F:\GuanZiwei\newProject\Projector\dlpc350_usb.h(1): warning C4828: The file contains a character starting at offset 0x83c that is illegal in the current source character set (codepage 65001).
F:\GuanZiwei\newProject\Projector\dlpc350_usb.h(1): warning C4828: The file contains a character starting at offset 0x83e that is illegal in the current source character set (codepage 65001).
F:\GuanZiwei\newProject\Projector\dlpc350_usb.h(1): warning C4828: The file contains a character starting at offset 0x841 that is illegal in the current source character set (codepage 65001).
F:\GuanZiwei\newProject\Projector\dlpc350_usb.h(1): warning C4828: The file contains a character starting at offset 0x843 that is illegal in the current source character set (codepage 65001).
F:\GuanZiwei\newProject\Projector\dlpc350_usb.h(1): warning C4828: The file contains a character starting at offset 0x844 that is illegal in the current source character set (codepage 65001).
F:\GuanZiwei\newProject\Projector\dlpc350_usb.h(1): warning C4828: The file contains a character starting at offset 0x845 that is illegal in the current source character set (codepage 65001).
F:\GuanZiwei\newProject\Projector\dlpc350_usb.h(1): warning C4828: The file contains a character starting at offset 0x846 that is illegal in the current source character set (codepage 65001).
F:\GuanZiwei\newProject\Projector\dlpc350_usb.h(1): warning C4828: The file contains a character starting at offset 0x847 that is illegal in the current source character set (codepage 65001).
F:\GuanZiwei\newProject\Projector\dlpc350_usb.h(1): warning C4828: The file contains a character starting at offset 0x848 that is illegal in the current source character set (codepage 65001).
F:\GuanZiwei\newProject\Projector\dlpc350_usb.h(1): warning C4828: The file contains a character starting at offset 0x84a that is illegal in the current source character set (codepage 65001).
F:\GuanZiwei\newProject\Projector\dlpc350_usb.h(1): warning C4828: The file contains a character starting at offset 0x84b that is illegal in the current source character set (codepage 65001).
F:\GuanZiwei\newProject\Projector\dlpc350_usb.h(1): warning C4828: The file contains a character starting at offset 0x84c that is illegal in the current source character set (codepage 65001).
F:\GuanZiwei\newProject\Projector\dlpc350_usb.h(1): warning C4828: The file contains a character starting at offset 0x853 that is illegal in the current source character set (codepage 65001).
F:\GuanZiwei\newProject\Projector\dlpc350_usb.h(1): warning C4828: The file contains a character starting at offset 0x855 that is illegal in the current source character set (codepage 65001).
F:\GuanZiwei\newProject\Projector\dlpc350_usb.h(1): warning C4828: The file contains a character starting at offset 0x856 that is illegal in the current source character set (codepage 65001).
F:\GuanZiwei\newProject\Projector\dlpc350_usb.h(1): warning C4828: The file contains a character starting at offset 0x85a that is illegal in the current source character set (codepage 65001).
F:\GuanZiwei\newProject\Projector\dlpc350_usb.h(1): warning C4828: The file contains a character starting at offset 0x85b that is illegal in the current source character set (codepage 65001).
F:\GuanZiwei\newProject\Projector\dlpc350_usb.h(1): warning C4828: The file contains a character starting at offset 0x85c that is illegal in the current source character set (codepage 65001).
F:\GuanZiwei\newProject\Projector\dlpc350_usb.h(1): warning C4828: The file contains a character starting at offset 0x85f that is illegal in the current source character set (codepage 65001).
F:\GuanZiwei\newProject\Projector\dlpc350_usb.h(1): warning C4828: The file contains a character starting at offset 0x860 that is illegal in the current source character set (codepage 65001).
F:\GuanZiwei\newProject\Projector\dlpc350_usb.h(1): warning C4828: The file contains a character starting at offset 0x861 that is illegal in the current source character set (codepage 65001).
F:\GuanZiwei\newProject\Projector\dlpc350_usb.h(1): warning C4828: The file contains a character starting at offset 0x863 that is illegal in the current source character set (codepage 65001).
F:\GuanZiwei\newProject\Projector\dlpc350_usb.h(1): warning C4828: The file contains a character starting at offset 0x865 that is illegal in the current source character set (codepage 65001).
F:\GuanZiwei\newProject\Projector\dlpc350_usb.h(1): warning C4828: The file contains a character starting at offset 0x867 that is illegal in the current source character set (codepage 65001).
F:\GuanZiwei\newProject\Projector\dlpc350_usb.h(1): warning C4828: The file contains a character starting at offset 0x868 that is illegal in the current source character set (codepage 65001).
F:\GuanZiwei\newProject\Projector\dlpc350_usb.h(1): warning C4828: The file contains a character starting at offset 0x869 that is illegal in the current source character set (codepage 65001).
F:\GuanZiwei\newProject\Projector\dlpc350_usb.h(1): warning C4828: The file contains a character starting at offset 0x86c that is illegal in the current source character set (codepage 65001).
F:\GuanZiwei\newProject\Projector\dlpc350_usb.h(1): warning C4828: The file contains a character starting at offset 0x86f that is illegal in the current source character set (codepage 65001).
F:\GuanZiwei\newProject\Projector\dlpc350_usb.h(1): warning C4828: The file contains a character starting at offset 0x870 that is illegal in the current source character set (codepage 65001).
F:\GuanZiwei\newProject\Projector\dlpc350_usb.h(1): warning C4828: The file contains a character starting at offset 0x871 that is illegal in the current source character set (codepage 65001).
F:\GuanZiwei\newProject\Projector\dlpc350_usb.h(1): warning C4828: The file contains a character starting at offset 0x872 that is illegal in the current source character set (codepage 65001).
F:\GuanZiwei\newProject\Projector\dlpc350_usb.h(1): warning C4828: The file contains a character starting at offset 0x873 that is illegal in the current source character set (codepage 65001).
F:\GuanZiwei\newProject\Projector\dlpc350_usb.h(1): warning C4828: The file contains a character starting at offset 0x874 that is illegal in the current source character set (codepage 65001).
F:\GuanZiwei\newProject\Projector\dlpc350_usb.h(1): warning C4828: The file contains a character starting at offset 0x877 that is illegal in the current source character set (codepage 65001).
F:\GuanZiwei\newProject\Projector\dlpc350_usb.h(1): warning C4828: The file contains a character starting at offset 0x878 that is illegal in the current source character set (codepage 65001).
F:\GuanZiwei\newProject\Projector\dlpc350_usb.h(1): warning C4828: The file contains a character starting at offset 0x8ae that is illegal in the current source character set (codepage 65001).
F:\GuanZiwei\newProject\Projector\dlpc350_usb.h(1): warning C4828: The file contains a character starting at offset 0x8af that is illegal in the current source character set (codepage 65001).
F:\GuanZiwei\newProject\Projector\dlpc350_usb.h(1): warning C4828: The file contains a character starting at offset 0x8b3 that is illegal in the current source character set (codepage 65001).
F:\GuanZiwei\newProject\Projector\dlpc350_usb.h(1): warning C4828: The file contains a character starting at offset 0x8bb that is illegal in the current source character set (codepage 65001).
F:\GuanZiwei\newProject\Projector\dlpc350_usb.h(1): warning C4828: The file contains a character starting at offset 0x8bc that is illegal in the current source character set (codepage 65001).
F:\GuanZiwei\newProject\Projector\dlpc350_usb.h(1): warning C4828: The file contains a character starting at offset 0x8c0 that is illegal in the current source character set (codepage 65001).
F:\GuanZiwei\newProject\Projector\dlpc350_usb.h(1): warning C4828: The file contains a character starting at offset 0x8c1 that is illegal in the current source character set (codepage 65001).
F:\GuanZiwei\newProject\Projector\dlpc350_usb.h(1): warning C4828: The file contains a character starting at offset 0x8c2 that is illegal in the current source character set (codepage 65001).
F:\GuanZiwei\newProject\Projector\dlpc350_usb.h(1): warning C4828: The file contains a character starting at offset 0x8c4 that is illegal in the current source character set (codepage 65001).
F:\GuanZiwei\newProject\Projector\dlpc350_usb.h(1): warning C4828: The file contains a character starting at offset 0x8c8 that is illegal in the current source character set (codepage 65001).
F:\GuanZiwei\newProject\Projector\dlpc350_usb.h(1): warning C4828: The file contains a character starting at offset 0x8cb that is illegal in the current source character set (codepage 65001).
F:\GuanZiwei\newProject\Projector\dlpc350_usb.h(1): warning C4828: The file contains a character starting at offset 0x8cd that is illegal in the current source character set (codepage 65001).
F:\GuanZiwei\newProject\Projector\dlpc350_usb.h(1): warning C4828: The file contains a character starting at offset 0x8cf that is illegal in the current source character set (codepage 65001).
F:\GuanZiwei\newProject\Projector\dlpc350_usb.h(1): warning C4828: The file contains a character starting at offset 0x8d0 that is illegal in the current source character set (codepage 65001).
F:\GuanZiwei\newProject\Projector\dlpc350_usb.h(1): warning C4828: The file contains a character starting at offset 0x8d1 that is illegal in the current source character set (codepage 65001).
F:\GuanZiwei\newProject\Projector\dlpc350_usb.h(1): warning C4828: The file contains a character starting at offset 0x8d4 that is illegal in the current source character set (codepage 65001).
F:\GuanZiwei\newProject\Projector\dlpc350_usb.h(1): warning C4828: The file contains a character starting at offset 0x8d5 that is illegal in the current source character set (codepage 65001).
F:\GuanZiwei\newProject\Projector\dlpc350_usb.h(1): warning C4828: The file contains a character starting at offset 0x8d7 that is illegal in the current source character set (codepage 65001).
F:\GuanZiwei\newProject\Projector\dlpc350_usb.h(1): warning C4828: The file contains a character starting at offset 0x8d8 that is illegal in the current source character set (codepage 65001).
F:\GuanZiwei\newProject\Projector\dlpc350_usb.h(1): warning C4828: The file contains a character starting at offset 0x8da that is illegal in the current source character set (codepage 65001).
F:\GuanZiwei\newProject\Projector\dlpc350_usb.h(1): warning C4828: The file contains a character starting at offset 0x8dc that is illegal in the current source character set (codepage 65001).
F:\GuanZiwei\newProject\Projector\dlpc350_usb.h(1): warning C4828: The file contains a character starting at offset 0x8dd that is illegal in the current source character set (codepage 65001).
F:\GuanZiwei\newProject\Projector\dlpc350_usb.h(1): warning C4828: The file contains a character starting at offset 0x8de that is illegal in the current source character set (codepage 65001).
F:\GuanZiwei\newProject\Projector\dlpc350_usb.h(1): warning C4828: The file contains a character starting at offset 0x8f0 that is illegal in the current source character set (codepage 65001).
F:\GuanZiwei\newProject\Projector\dlpc350_usb.h(1): warning C4828: The file contains a character starting at offset 0x8f3 that is illegal in the current source character set (codepage 65001).
F:\GuanZiwei\newProject\Projector\dlpc350_usb.h(1): warning C4828: The file contains a character starting at offset 0x8fb that is illegal in the current source character set (codepage 65001).
F:\GuanZiwei\newProject\Projector\dlpc350_usb.h(1): warning C4828: The file contains a character starting at offset 0x8fc that is illegal in the current source character set (codepage 65001).
F:\GuanZiwei\newProject\Projector\dlpc350_usb.h(1): warning C4828: The file contains a character starting at offset 0x95a that is illegal in the current source character set (codepage 65001).
F:\GuanZiwei\newProject\Projector\dlpc350_usb.h(1): warning C4828: The file contains a character starting at offset 0x95b that is illegal in the current source character set (codepage 65001).
F:\GuanZiwei\newProject\Projector\dlpc350_usb.h(1): warning C4828: The file contains a character starting at offset 0x95c that is illegal in the current source character set (codepage 65001).
F:\GuanZiwei\newProject\Projector\dlpc350_usb.h(1): warning C4828: The file contains a character starting at offset 0x95d that is illegal in the current source character set (codepage 65001).
F:\GuanZiwei\newProject\Projector\dlpc350_usb.h(1): warning C4828: The file contains a character starting at offset 0x95f that is illegal in the current source character set (codepage 65001).
F:\GuanZiwei\newProject\Projector\dlpc350_usb.h(1): warning C4828: The file contains a character starting at offset 0x963 that is illegal in the current source character set (codepage 65001).
F:\GuanZiwei\newProject\Projector\dlpc350_usb.h(1): warning C4828: The file contains a character starting at offset 0x965 that is illegal in the current source character set (codepage 65001).
F:\GuanZiwei\newProject\Projector\dlpc350_usb.h(1): warning C4828: The file contains a character starting at offset 0x966 that is illegal in the current source character set (codepage 65001).
F:\GuanZiwei\newProject\Projector\dlpc350_usb.h(1): warning C4828: The file contains a character starting at offset 0x968 that is illegal in the current source character set (codepage 65001).
F:\GuanZiwei\newProject\Projector\dlpc350_usb.h(1): warning C4828: The file contains a character starting at offset 0x969 that is illegal in the current source character set (codepage 65001).
F:\GuanZiwei\newProject\Projector\dlpc350_usb.h(1): warning C4828: The file contains a character starting at offset 0x96e that is illegal in the current source character set (codepage 65001).
F:\GuanZiwei\newProject\Projector\dlpc350_usb.h(1): warning C4828: The file contains a character starting at offset 0x96f that is illegal in the current source character set (codepage 65001).
F:\GuanZiwei\newProject\Projector\dlpc350_usb.h(1): warning C4828: The file contains a character starting at offset 0x971 that is illegal in the current source character set (codepage 65001).
F:\GuanZiwei\newProject\Projector\dlpc350_usb.h(1): warning C4828: The file contains a character starting at offset 0x980 that is illegal in the current source character set (codepage 65001).
F:\GuanZiwei\newProject\Projector\dlpc350_usb.h(1): warning C4828: The file contains a character starting at offset 0x982 that is illegal in the current source character set (codepage 65001).
F:\GuanZiwei\newProject\Projector\dlpc350_usb.h(1): warning C4828: The file contains a character starting at offset 0x987 that is illegal in the current source character set (codepage 65001).
F:\GuanZiwei\newProject\Projector\dlpc350_usb.h(1): warning C4828: The file contains a character starting at offset 0x98b that is illegal in the current source character set (codepage 65001).
F:\GuanZiwei\newProject\Projector\dlpc350_usb.h(1): warning C4828: The file contains a character starting at offset 0x998 that is illegal in the current source character set (codepage 65001).
F:\GuanZiwei\newProject\Projector\dlpc350_usb.h(1): warning C4828: The file contains a character starting at offset 0x999 that is illegal in the current source character set (codepage 65001).
F:\GuanZiwei\newProject\Projector\dlpc350_usb.h(1): warning C4828: The file contains a character starting at offset 0x99a that is illegal in the current source character set (codepage 65001).
F:\GuanZiwei\newProject\Projector\dlpc350_usb.h(1): warning C4828: The file contains a character starting at offset 0x99e that is illegal in the current source character set (codepage 65001).
F:\GuanZiwei\newProject\Projector\dlpc350_usb.h(1): warning C4828: The file contains a character starting at offset 0x99f that is illegal in the current source character set (codepage 65001).
F:\GuanZiwei\newProject\Projector\dlpc350_usb.h(1): warning C4828: The file contains a character starting at offset 0x9a0 that is illegal in the current source character set (codepage 65001).
F:\GuanZiwei\newProject\Projector\dlpc350_usb.h(1): warning C4828: The file contains a character starting at offset 0x9a4 that is illegal in the current source character set (codepage 65001).
F:\GuanZiwei\newProject\Projector\dlpc350_usb.h(1): warning C4828: The file contains a character starting at offset 0x9a6 that is illegal in the current source character set (codepage 65001).
F:\GuanZiwei\newProject\Projector\dlpc350_usb.h(1): warning C4828: The file contains a character starting at offset 0x9a7 that is illegal in the current source character set (codepage 65001).
F:\GuanZiwei\newProject\Projector\dlpc350_usb.h(1): warning C4828: The file contains a character starting at offset 0x9b8 that is illegal in the current source character set (codepage 65001).
F:\GuanZiwei\newProject\Projector\dlpc350_usb.h(1): warning C4828: The file contains a character starting at offset 0x9bb that is illegal in the current source character set (codepage 65001).
F:\GuanZiwei\newProject\Projector\dlpc350_usb.h(1): warning C4828: The file contains a character starting at offset 0x9c1 that is illegal in the current source character set (codepage 65001).
F:\GuanZiwei\newProject\Projector\dlpc350_usb.h(1): warning C4828: The file contains a character starting at offset 0x9c3 that is illegal in the current source character set (codepage 65001).
F:\GuanZiwei\newProject\Projector\dlpc350_usb.h(1): warning C4828: The file contains a character starting at offset 0x9c4 that is illegal in the current source character set (codepage 65001).
F:\GuanZiwei\newProject\Projector\dlpc350_usb.h(1): warning C4828: The file contains a character starting at offset 0x9c5 that is illegal in the current source character set (codepage 65001).
F:\GuanZiwei\newProject\Projector\dlpc350_usb.h(1): warning C4828: The file contains a character starting at offset 0x9c6 that is illegal in the current source character set (codepage 65001).
F:\GuanZiwei\newProject\Projector\dlpc350_usb.h(1): warning C4828: The file contains a character starting at offset 0xa0f that is illegal in the current source character set (codepage 65001).
F:\GuanZiwei\newProject\Projector\dlpc350_usb.h(1): warning C4828: The file contains a character starting at offset 0xa10 that is illegal in the current source character set (codepage 65001).
F:\GuanZiwei\newProject\Projector\dlpc350_usb.h(1): warning C4828: The file contains a character starting at offset 0xa13 that is illegal in the current source character set (codepage 65001).
F:\GuanZiwei\newProject\Projector\dlpc350_usb.h(1): warning C4828: The file contains a character starting at offset 0xa14 that is illegal in the current source character set (codepage 65001).
F:\GuanZiwei\newProject\Projector\dlpc350_usb.h(1): warning C4828: The file contains a character starting at offset 0xa17 that is illegal in the current source character set (codepage 65001).
F:\GuanZiwei\newProject\Projector\dlpc350_usb.h(1): warning C4828: The file contains a character starting at offset 0xa1a that is illegal in the current source character set (codepage 65001).
F:\GuanZiwei\newProject\Projector\dlpc350_usb.h(1): warning C4828: The file contains a character starting at offset 0xa1d that is illegal in the current source character set (codepage 65001).
F:\GuanZiwei\newProject\Projector\dlpc350_usb.h(1): warning C4828: The file contains a character starting at offset 0xa1e that is illegal in the current source character set (codepage 65001).
F:\GuanZiwei\newProject\Projector\dlpc350_usb.h(1): warning C4828: The file contains a character starting at offset 0xa20 that is illegal in the current source character set (codepage 65001).
F:\GuanZiwei\newProject\Projector\dlpc350_usb.h(1): warning C4828: The file contains a character starting at offset 0xa24 that is illegal in the current source character set (codepage 65001).
F:\GuanZiwei\newProject\Projector\dlpc350_usb.h(1): warning C4828: The file contains a character starting at offset 0xa27 that is illegal in the current source character set (codepage 65001).
F:\GuanZiwei\newProject\Projector\dlpc350_usb.h(1): warning C4828: The file contains a character starting at offset 0xa29 that is illegal in the current source character set (codepage 65001).
F:\GuanZiwei\newProject\Projector\dlpc350_usb.h(1): warning C4828: The file contains a character starting at offset 0xa2a that is illegal in the current source character set (codepage 65001).
F:\GuanZiwei\newProject\Projector\dlpc350_usb.h(1): warning C4828: The file contains a character starting at offset 0xaab that is illegal in the current source character set (codepage 65001).
F:\GuanZiwei\newProject\Projector\dlpc350_usb.h(1): warning C4828: The file contains a character starting at offset 0xaad that is illegal in the current source character set (codepage 65001).
F:\GuanZiwei\newProject\Projector\dlpc350_usb.h(1): warning C4828: The file contains a character starting at offset 0xaaf that is illegal in the current source character set (codepage 65001).
F:\GuanZiwei\newProject\Projector\dlpc350_usb.h(1): warning C4828: The file contains a character starting at offset 0xab0 that is illegal in the current source character set (codepage 65001).
F:\GuanZiwei\newProject\Projector\dlpc350_usb.h(1): warning C4828: The file contains a character starting at offset 0xab1 that is illegal in the current source character set (codepage 65001).
F:\GuanZiwei\newProject\Projector\dlpc350_usb.h(1): warning C4828: The file contains a character starting at offset 0xab6 that is illegal in the current source character set (codepage 65001).
F:\GuanZiwei\newProject\Projector\dlpc350_usb.h(1): warning C4828: The file contains a character starting at offset 0xabb that is illegal in the current source character set (codepage 65001).
F:\GuanZiwei\newProject\Projector\dlpc350_usb.h(1): warning C4828: The file contains a character starting at offset 0xabd that is illegal in the current source character set (codepage 65001).
F:\GuanZiwei\newProject\Projector\dlpc350_usb.h(1): warning C4828: The file contains a character starting at offset 0xabe that is illegal in the current source character set (codepage 65001).
moc_singlereconstructwidget.cpp
moc_structuredlightdecoder.cpp
Generating Code...
	link /NOLOGO /DYNAMICBASE /NXCOMPAT /DEBUG /SUBSYSTEM:CONSOLE "/MANIFESTDEPENDENCY:type='win32' name='Microsoft.Windows.Common-Controls' version='6.0.0.0' publicKeyToken='6595b64144ccf1df' language='*' processorArchitecture='*'" /MANIFEST:embed /OUT:debug\SLCalibration.exe @C:\Users\ffshi\AppData\Local\Temp\nmB192.tmp
LINK : fatal error LNK1168: cannot open debug\SLCalibration.exe for writing
NMAKE : fatal error U1077: 'link /NOLOGO /DYNAMICBASE /NXCOMPAT /DEBUG /SUBSYSTEM:CONSOLE "/MANIFESTDEPENDENCY:type='win32' name='Microsoft.Windows.Common-Controls' version='6.0.0.0' publicKeyToken='6595b64144ccf1df' language='*' processorArchitecture='*'" /MANIFEST:embed /OUT:debug\SLCalibration.exe @C:\Users\ffshi\AppData\Local\Temp\nmB192.tmp' : return code '0x490'
Stop.
NMAKE : fatal error U1077: '"E:\Program Files\Microsoft Visual Studio\2022\Community\VC\Tools\MSVC\14.44.35207\bin\HostX64\x64\nmake.exe" -f Makefile.Debug' : return code '0x2'
Stop.
NMAKE_EXIT=2 
